<?xml version="1.0" encoding="ISO-8859-1" ?>
<link_info>
   <banner>TI ARM Clang Linker PC v4.0.4.LTS</banner>
   <copyright>Copyright (c) 1996-2018 Texas Instruments Incorporated</copyright>
   <command_line>C:\TI\ccs2040\ccs\tools\compiler\ti-cgt-armllvm_4.0.4.LTS\bin\tiarmlnk -IC:\TI\ccs2040\ccs\tools\compiler\ti-cgt-armllvm_4.0.4.LTS\lib -o ST7735R.out -mST7735R.map --heap_size=512 --stack_size=512 -iC:/Users/ronit/Desktop/School Work/Spring 25/ECE 319H/MSPM0_Valvanoware/ST7735R/Debug/syscfg -iC:/TI/ccs2040/ccs/tools/compiler/ti-cgt-armllvm_4.0.4.LTS/lib --diag_wrap=off --display_error_number --warn_sections --xml_link_info=ST7735R_linkInfo.xml --rom_model ./Arabic.o ./Clock.o ./LaunchPad.o ./SPI.o ./ST7735.o ./ST7735Rtestmain.o ./ticlang/startup_mspm0g3507_ticlang.o ../mspm0g3507.cmd -lC:/TI/mspm0_sdk_2_09_00_01/source/ti/driverlib/lib/ticlang/m0p/mspm0g1x0x_g3x0x/driverlib.a -llibc.a --start-group -llibc++.a -llibc++abi.a -llibc.a -llibsys.a -llibsysbm.a -llibclang_rt.builtins.a -llibclang_rt.profile.a --end-group --cg_opt_level=0</command_line>
   <link_time>0x69aca074</link_time>
   <link_errors>0x0</link_errors>
   <output_file>C:\Users\ronit\Desktop\School Work\Spring 25\ECE 319H\MSPM0_Valvanoware\ST7735R\Debug\ST7735R.out</output_file>
   <entry_point>
      <name>_c_int00_noargs</name>
      <address>0x395d</address>
   </entry_point>
   <input_file_list>
      <input_file id="fl-1">
         <path>C:\Users\ronit\Desktop\School Work\Spring 25\ECE 319H\MSPM0_Valvanoware\ST7735R\Debug\.\</path>
         <kind>object</kind>
         <file>Arabic.o</file>
         <name>Arabic.o</name>
      </input_file>
      <input_file id="fl-2">
         <path>C:\Users\ronit\Desktop\School Work\Spring 25\ECE 319H\MSPM0_Valvanoware\ST7735R\Debug\.\</path>
         <kind>object</kind>
         <file>Clock.o</file>
         <name>Clock.o</name>
      </input_file>
      <input_file id="fl-3">
         <path>C:\Users\ronit\Desktop\School Work\Spring 25\ECE 319H\MSPM0_Valvanoware\ST7735R\Debug\.\</path>
         <kind>object</kind>
         <file>LaunchPad.o</file>
         <name>LaunchPad.o</name>
      </input_file>
      <input_file id="fl-4">
         <path>C:\Users\ronit\Desktop\School Work\Spring 25\ECE 319H\MSPM0_Valvanoware\ST7735R\Debug\.\</path>
         <kind>object</kind>
         <file>SPI.o</file>
         <name>SPI.o</name>
      </input_file>
      <input_file id="fl-5">
         <path>C:\Users\ronit\Desktop\School Work\Spring 25\ECE 319H\MSPM0_Valvanoware\ST7735R\Debug\.\</path>
         <kind>object</kind>
         <file>ST7735.o</file>
         <name>ST7735.o</name>
      </input_file>
      <input_file id="fl-6">
         <path>C:\Users\ronit\Desktop\School Work\Spring 25\ECE 319H\MSPM0_Valvanoware\ST7735R\Debug\.\</path>
         <kind>object</kind>
         <file>ST7735Rtestmain.o</file>
         <name>ST7735Rtestmain.o</name>
      </input_file>
      <input_file id="fl-7">
         <path>C:\Users\ronit\Desktop\School Work\Spring 25\ECE 319H\MSPM0_Valvanoware\ST7735R\Debug\.\ticlang\</path>
         <kind>object</kind>
         <file>startup_mspm0g3507_ticlang.o</file>
         <name>startup_mspm0g3507_ticlang.o</name>
      </input_file>
      <input_file id="fl-13">
         <path>C:\Users\ronit\Desktop\School Work\Spring 25\ECE 319H\MSPM0_Valvanoware\ST7735R\Debug\</path>
         <kind>object</kind>
         <file>&lt;internal&gt;</file>
         <name>&lt;internal&gt;</name>
      </input_file>
      <input_file id="fl-2a">
         <path>C:\TI\ccs2040\ccs\tools\compiler\ti-cgt-armllvm_4.0.4.LTS\lib\armv6m-ti-none-eabi\c\</path>
         <kind>archive</kind>
         <file>libc.a</file>
         <name>printf.c.obj</name>
      </input_file>
      <input_file id="fl-2b">
         <path>C:\TI\ccs2040\ccs\tools\compiler\ti-cgt-armllvm_4.0.4.LTS\lib\armv6m-ti-none-eabi\c\</path>
         <kind>archive</kind>
         <file>libc.a</file>
         <name>_printfi.c.obj</name>
      </input_file>
      <input_file id="fl-2c">
         <path>C:\TI\ccs2040\ccs\tools\compiler\ti-cgt-armllvm_4.0.4.LTS\lib\armv6m-ti-none-eabi\c\</path>
         <kind>archive</kind>
         <file>libc.a</file>
         <name>fopen.c.obj</name>
      </input_file>
      <input_file id="fl-2d">
         <path>C:\TI\ccs2040\ccs\tools\compiler\ti-cgt-armllvm_4.0.4.LTS\lib\armv6m-ti-none-eabi\c\</path>
         <kind>archive</kind>
         <file>libc.a</file>
         <name>fputc.c.obj</name>
      </input_file>
      <input_file id="fl-2e">
         <path>C:\TI\ccs2040\ccs\tools\compiler\ti-cgt-armllvm_4.0.4.LTS\lib\armv6m-ti-none-eabi\c\</path>
         <kind>archive</kind>
         <file>libc.a</file>
         <name>fputs.c.obj</name>
      </input_file>
      <input_file id="fl-2f">
         <path>C:\TI\ccs2040\ccs\tools\compiler\ti-cgt-armllvm_4.0.4.LTS\lib\armv6m-ti-none-eabi\c\</path>
         <kind>archive</kind>
         <file>libc.a</file>
         <name>_io_perm.c.obj</name>
      </input_file>
      <input_file id="fl-30">
         <path>C:\TI\ccs2040\ccs\tools\compiler\ti-cgt-armllvm_4.0.4.LTS\lib\armv6m-ti-none-eabi\c\</path>
         <kind>archive</kind>
         <file>libc.a</file>
         <name>setvbuf.c.obj</name>
      </input_file>
      <input_file id="fl-31">
         <path>C:\TI\ccs2040\ccs\tools\compiler\ti-cgt-armllvm_4.0.4.LTS\lib\armv6m-ti-none-eabi\c\</path>
         <kind>archive</kind>
         <file>libc.a</file>
         <name>aeabi_portable.c.obj</name>
      </input_file>
      <input_file id="fl-32">
         <path>C:\TI\ccs2040\ccs\tools\compiler\ti-cgt-armllvm_4.0.4.LTS\lib\armv6m-ti-none-eabi\c\</path>
         <kind>archive</kind>
         <file>libc.a</file>
         <name>exit.c.obj</name>
      </input_file>
      <input_file id="fl-33">
         <path>C:\TI\ccs2040\ccs\tools\compiler\ti-cgt-armllvm_4.0.4.LTS\lib\armv6m-ti-none-eabi\c\</path>
         <kind>archive</kind>
         <file>libc.a</file>
         <name>_lock.c.obj</name>
      </input_file>
      <input_file id="fl-34">
         <path>C:\TI\ccs2040\ccs\tools\compiler\ti-cgt-armllvm_4.0.4.LTS\lib\armv6m-ti-none-eabi\c\</path>
         <kind>archive</kind>
         <file>libc.a</file>
         <name>_ltoa.c.obj</name>
      </input_file>
      <input_file id="fl-35">
         <path>C:\TI\ccs2040\ccs\tools\compiler\ti-cgt-armllvm_4.0.4.LTS\lib\armv6m-ti-none-eabi\c\</path>
         <kind>archive</kind>
         <file>libc.a</file>
         <name>assert.c.obj</name>
      </input_file>
      <input_file id="fl-36">
         <path>C:\TI\ccs2040\ccs\tools\compiler\ti-cgt-armllvm_4.0.4.LTS\lib\armv6m-ti-none-eabi\c\</path>
         <kind>archive</kind>
         <file>libc.a</file>
         <name>atoi.c.obj</name>
      </input_file>
      <input_file id="fl-37">
         <path>C:\TI\ccs2040\ccs\tools\compiler\ti-cgt-armllvm_4.0.4.LTS\lib\armv6m-ti-none-eabi\c\</path>
         <kind>archive</kind>
         <file>libc.a</file>
         <name>defs.c.obj</name>
      </input_file>
      <input_file id="fl-38">
         <path>C:\TI\ccs2040\ccs\tools\compiler\ti-cgt-armllvm_4.0.4.LTS\lib\armv6m-ti-none-eabi\c\</path>
         <kind>archive</kind>
         <file>libc.a</file>
         <name>memccpy.c.obj</name>
      </input_file>
      <input_file id="fl-39">
         <path>C:\TI\ccs2040\ccs\tools\compiler\ti-cgt-armllvm_4.0.4.LTS\lib\armv6m-ti-none-eabi\c\</path>
         <kind>archive</kind>
         <file>libc.a</file>
         <name>memory.c.obj</name>
      </input_file>
      <input_file id="fl-3a">
         <path>C:\TI\ccs2040\ccs\tools\compiler\ti-cgt-armllvm_4.0.4.LTS\lib\armv6m-ti-none-eabi\c\</path>
         <kind>archive</kind>
         <file>libc.a</file>
         <name>rand.c.obj</name>
      </input_file>
      <input_file id="fl-3b">
         <path>C:\TI\ccs2040\ccs\tools\compiler\ti-cgt-armllvm_4.0.4.LTS\lib\armv6m-ti-none-eabi\c\</path>
         <kind>archive</kind>
         <file>libc.a</file>
         <name>boot_cortex_m.c.obj</name>
      </input_file>
      <input_file id="fl-3c">
         <path>C:\TI\ccs2040\ccs\tools\compiler\ti-cgt-armllvm_4.0.4.LTS\lib\armv6m-ti-none-eabi\c\</path>
         <kind>archive</kind>
         <file>libc.a</file>
         <name>mathacl_init.c.obj</name>
      </input_file>
      <input_file id="fl-3d">
         <path>C:\TI\ccs2040\ccs\tools\compiler\ti-cgt-armllvm_4.0.4.LTS\lib\armv6m-ti-none-eabi\c\</path>
         <kind>archive</kind>
         <file>libc.a</file>
         <name>autoinit.c.obj</name>
      </input_file>
      <input_file id="fl-3e">
         <path>C:\TI\ccs2040\ccs\tools\compiler\ti-cgt-armllvm_4.0.4.LTS\lib\armv6m-ti-none-eabi\c\</path>
         <kind>archive</kind>
         <file>libc.a</file>
         <name>pre_init.c.obj</name>
      </input_file>
      <input_file id="fl-3f">
         <path>C:\TI\ccs2040\ccs\tools\compiler\ti-cgt-armllvm_4.0.4.LTS\lib\armv6m-ti-none-eabi\c\</path>
         <kind>archive</kind>
         <file>libc.a</file>
         <name>cpy_tbl.c.obj</name>
      </input_file>
      <input_file id="fl-40">
         <path>C:\TI\ccs2040\ccs\tools\compiler\ti-cgt-armllvm_4.0.4.LTS\lib\armv6m-ti-none-eabi\c\</path>
         <kind>archive</kind>
         <file>libc.a</file>
         <name>copy_zero_init.c.obj</name>
      </input_file>
      <input_file id="fl-41">
         <path>C:\TI\ccs2040\ccs\tools\compiler\ti-cgt-armllvm_4.0.4.LTS\lib\armv6m-ti-none-eabi\c\</path>
         <kind>archive</kind>
         <file>libc.a</file>
         <name>copy_decompress_none.c.obj</name>
      </input_file>
      <input_file id="fl-42">
         <path>C:\TI\ccs2040\ccs\tools\compiler\ti-cgt-armllvm_4.0.4.LTS\lib\armv6m-ti-none-eabi\c\</path>
         <kind>archive</kind>
         <file>libc.a</file>
         <name>copy_decompress_lzss.c.obj</name>
      </input_file>
      <input_file id="fl-43">
         <path>C:\TI\ccs2040\ccs\tools\compiler\ti-cgt-armllvm_4.0.4.LTS\lib\armv6m-ti-none-eabi\c\</path>
         <kind>archive</kind>
         <file>libc.a</file>
         <name>s_frexp.c.obj</name>
      </input_file>
      <input_file id="fl-44">
         <path>C:\TI\ccs2040\ccs\tools\compiler\ti-cgt-armllvm_4.0.4.LTS\lib\armv6m-ti-none-eabi\c\</path>
         <kind>archive</kind>
         <file>libc.a</file>
         <name>s_scalbn.c.obj</name>
      </input_file>
      <input_file id="fl-45">
         <path>C:\TI\ccs2040\ccs\tools\compiler\ti-cgt-armllvm_4.0.4.LTS\lib\armv6m-ti-none-eabi\c\</path>
         <kind>archive</kind>
         <file>libc.a</file>
         <name>wcslen.c.obj</name>
      </input_file>
      <input_file id="fl-46">
         <path>C:\TI\ccs2040\ccs\tools\compiler\ti-cgt-armllvm_4.0.4.LTS\lib\armv6m-ti-none-eabi\c\</path>
         <kind>archive</kind>
         <file>libc.a</file>
         <name>sprintf.c.obj</name>
      </input_file>
      <input_file id="fl-47">
         <path>C:\TI\ccs2040\ccs\tools\compiler\ti-cgt-armllvm_4.0.4.LTS\lib\armv6m-ti-none-eabi\c\</path>
         <kind>archive</kind>
         <file>libc.a</file>
         <name>fclose.c.obj</name>
      </input_file>
      <input_file id="fl-48">
         <path>C:\TI\ccs2040\ccs\tools\compiler\ti-cgt-armllvm_4.0.4.LTS\lib\armv6m-ti-none-eabi\c\</path>
         <kind>archive</kind>
         <file>libc.a</file>
         <name>fflush.c.obj</name>
      </input_file>
      <input_file id="fl-49">
         <path>C:\TI\ccs2040\ccs\tools\compiler\ti-cgt-armllvm_4.0.4.LTS\lib\armv6m-ti-none-eabi\c\</path>
         <kind>archive</kind>
         <file>libc.a</file>
         <name>fseek.c.obj</name>
      </input_file>
      <input_file id="fl-4a">
         <path>C:\TI\ccs2040\ccs\tools\compiler\ti-cgt-armllvm_4.0.4.LTS\lib\armv6m-ti-none-eabi\c\</path>
         <kind>archive</kind>
         <file>libc.a</file>
         <name>aeabi_ctype.S.obj</name>
      </input_file>
      <input_file id="fl-4b">
         <path>C:\TI\ccs2040\ccs\tools\compiler\ti-cgt-armllvm_4.0.4.LTS\lib\armv6m-ti-none-eabi\c\</path>
         <kind>archive</kind>
         <file>libc.a</file>
         <name>args_main.c.obj</name>
      </input_file>
      <input_file id="fl-eb">
         <path>C:\TI\ccs2040\ccs\tools\compiler\ti-cgt-armllvm_4.0.4.LTS\lib\armv6m-ti-none-eabi\c\</path>
         <kind>archive</kind>
         <file>libsysbm.a</file>
         <name>hostexit.c.obj</name>
      </input_file>
      <input_file id="fl-ec">
         <path>C:\TI\ccs2040\ccs\tools\compiler\ti-cgt-armllvm_4.0.4.LTS\lib\armv6m-ti-none-eabi\c\</path>
         <kind>archive</kind>
         <file>libsysbm.a</file>
         <name>write.c.obj</name>
      </input_file>
      <input_file id="fl-ed">
         <path>C:\TI\ccs2040\ccs\tools\compiler\ti-cgt-armllvm_4.0.4.LTS\lib\armv6m-ti-none-eabi\c\</path>
         <kind>archive</kind>
         <file>libsysbm.a</file>
         <name>host_device.c.obj</name>
      </input_file>
      <input_file id="fl-ee">
         <path>C:\TI\ccs2040\ccs\tools\compiler\ti-cgt-armllvm_4.0.4.LTS\lib\armv6m-ti-none-eabi\c\</path>
         <kind>archive</kind>
         <file>libsysbm.a</file>
         <name>remove.c.obj</name>
      </input_file>
      <input_file id="fl-ef">
         <path>C:\TI\ccs2040\ccs\tools\compiler\ti-cgt-armllvm_4.0.4.LTS\lib\armv6m-ti-none-eabi\c\</path>
         <kind>archive</kind>
         <file>libsysbm.a</file>
         <name>open.c.obj</name>
      </input_file>
      <input_file id="fl-f0">
         <path>C:\TI\ccs2040\ccs\tools\compiler\ti-cgt-armllvm_4.0.4.LTS\lib\armv6m-ti-none-eabi\c\</path>
         <kind>archive</kind>
         <file>libsysbm.a</file>
         <name>lseek.c.obj</name>
      </input_file>
      <input_file id="fl-f1">
         <path>C:\TI\ccs2040\ccs\tools\compiler\ti-cgt-armllvm_4.0.4.LTS\lib\armv6m-ti-none-eabi\c\</path>
         <kind>archive</kind>
         <file>libsysbm.a</file>
         <name>close.c.obj</name>
      </input_file>
      <input_file id="fl-f2">
         <path>C:\TI\ccs2040\ccs\tools\compiler\ti-cgt-armllvm_4.0.4.LTS\lib\armv6m-ti-none-eabi\c\</path>
         <kind>archive</kind>
         <file>libsysbm.a</file>
         <name>add_device.c.obj</name>
      </input_file>
      <input_file id="fl-f3">
         <path>C:\TI\ccs2040\ccs\tools\compiler\ti-cgt-armllvm_4.0.4.LTS\lib\armv6m-ti-none-eabi\c\</path>
         <kind>archive</kind>
         <file>libsysbm.a</file>
         <name>unlink.c.obj</name>
      </input_file>
      <input_file id="fl-f4">
         <path>C:\TI\ccs2040\ccs\tools\compiler\ti-cgt-armllvm_4.0.4.LTS\lib\armv6m-ti-none-eabi\c\</path>
         <kind>archive</kind>
         <file>libsysbm.a</file>
         <name>hostclose.c.obj</name>
      </input_file>
      <input_file id="fl-f5">
         <path>C:\TI\ccs2040\ccs\tools\compiler\ti-cgt-armllvm_4.0.4.LTS\lib\armv6m-ti-none-eabi\c\</path>
         <kind>archive</kind>
         <file>libsysbm.a</file>
         <name>hostlseek.c.obj</name>
      </input_file>
      <input_file id="fl-f6">
         <path>C:\TI\ccs2040\ccs\tools\compiler\ti-cgt-armllvm_4.0.4.LTS\lib\armv6m-ti-none-eabi\c\</path>
         <kind>archive</kind>
         <file>libsysbm.a</file>
         <name>hostopen.c.obj</name>
      </input_file>
      <input_file id="fl-f7">
         <path>C:\TI\ccs2040\ccs\tools\compiler\ti-cgt-armllvm_4.0.4.LTS\lib\armv6m-ti-none-eabi\c\</path>
         <kind>archive</kind>
         <file>libsysbm.a</file>
         <name>hostread.c.obj</name>
      </input_file>
      <input_file id="fl-f8">
         <path>C:\TI\ccs2040\ccs\tools\compiler\ti-cgt-armllvm_4.0.4.LTS\lib\armv6m-ti-none-eabi\c\</path>
         <kind>archive</kind>
         <file>libsysbm.a</file>
         <name>hostrename.c.obj</name>
      </input_file>
      <input_file id="fl-f9">
         <path>C:\TI\ccs2040\ccs\tools\compiler\ti-cgt-armllvm_4.0.4.LTS\lib\armv6m-ti-none-eabi\c\</path>
         <kind>archive</kind>
         <file>libsysbm.a</file>
         <name>hostunlink.c.obj</name>
      </input_file>
      <input_file id="fl-fa">
         <path>C:\TI\ccs2040\ccs\tools\compiler\ti-cgt-armllvm_4.0.4.LTS\lib\armv6m-ti-none-eabi\c\</path>
         <kind>archive</kind>
         <file>libsysbm.a</file>
         <name>hostwrite.c.obj</name>
      </input_file>
      <input_file id="fl-fb">
         <path>C:\TI\ccs2040\ccs\tools\compiler\ti-cgt-armllvm_4.0.4.LTS\lib\armv6m-ti-none-eabi\c\</path>
         <kind>archive</kind>
         <file>libsysbm.a</file>
         <name>trgmsg.c.obj</name>
      </input_file>
      <input_file id="fl-fc">
         <path>C:\TI\ccs2040\ccs\tools\compiler\ti-cgt-armllvm_4.0.4.LTS\lib\armv6m-ti-none-eabi\</path>
         <kind>archive</kind>
         <file>libclang_rt.builtins.a</file>
         <name>adddf3.S.obj</name>
      </input_file>
      <input_file id="fl-fd">
         <path>C:\TI\ccs2040\ccs\tools\compiler\ti-cgt-armllvm_4.0.4.LTS\lib\armv6m-ti-none-eabi\</path>
         <kind>archive</kind>
         <file>libclang_rt.builtins.a</file>
         <name>muldf3.S.obj</name>
      </input_file>
      <input_file id="fl-fe">
         <path>C:\TI\ccs2040\ccs\tools\compiler\ti-cgt-armllvm_4.0.4.LTS\lib\armv6m-ti-none-eabi\</path>
         <kind>archive</kind>
         <file>libclang_rt.builtins.a</file>
         <name>muldsi3.S.obj</name>
      </input_file>
      <input_file id="fl-ff">
         <path>C:\TI\ccs2040\ccs\tools\compiler\ti-cgt-armllvm_4.0.4.LTS\lib\armv6m-ti-none-eabi\</path>
         <kind>archive</kind>
         <file>libclang_rt.builtins.a</file>
         <name>divdf3.S.obj</name>
      </input_file>
      <input_file id="fl-100">
         <path>C:\TI\ccs2040\ccs\tools\compiler\ti-cgt-armllvm_4.0.4.LTS\lib\armv6m-ti-none-eabi\</path>
         <kind>archive</kind>
         <file>libclang_rt.builtins.a</file>
         <name>extendsfdf2.S.obj</name>
      </input_file>
      <input_file id="fl-101">
         <path>C:\TI\ccs2040\ccs\tools\compiler\ti-cgt-armllvm_4.0.4.LTS\lib\armv6m-ti-none-eabi\</path>
         <kind>archive</kind>
         <file>libclang_rt.builtins.a</file>
         <name>fixdfsi.S.obj</name>
      </input_file>
      <input_file id="fl-102">
         <path>C:\TI\ccs2040\ccs\tools\compiler\ti-cgt-armllvm_4.0.4.LTS\lib\armv6m-ti-none-eabi\</path>
         <kind>archive</kind>
         <file>libclang_rt.builtins.a</file>
         <name>floatsidf.S.obj</name>
      </input_file>
      <input_file id="fl-103">
         <path>C:\TI\ccs2040\ccs\tools\compiler\ti-cgt-armllvm_4.0.4.LTS\lib\armv6m-ti-none-eabi\</path>
         <kind>archive</kind>
         <file>libclang_rt.builtins.a</file>
         <name>muldi3.S.obj</name>
      </input_file>
      <input_file id="fl-104">
         <path>C:\TI\ccs2040\ccs\tools\compiler\ti-cgt-armllvm_4.0.4.LTS\lib\armv6m-ti-none-eabi\</path>
         <kind>archive</kind>
         <file>libclang_rt.builtins.a</file>
         <name>aeabi_dcmp.S.obj</name>
      </input_file>
      <input_file id="fl-105">
         <path>C:\TI\ccs2040\ccs\tools\compiler\ti-cgt-armllvm_4.0.4.LTS\lib\armv6m-ti-none-eabi\</path>
         <kind>archive</kind>
         <file>libclang_rt.builtins.a</file>
         <name>aeabi_idivmod.S.obj</name>
      </input_file>
      <input_file id="fl-106">
         <path>C:\TI\ccs2040\ccs\tools\compiler\ti-cgt-armllvm_4.0.4.LTS\lib\armv6m-ti-none-eabi\</path>
         <kind>archive</kind>
         <file>libclang_rt.builtins.a</file>
         <name>aeabi_memcpy.S.obj</name>
      </input_file>
      <input_file id="fl-107">
         <path>C:\TI\ccs2040\ccs\tools\compiler\ti-cgt-armllvm_4.0.4.LTS\lib\armv6m-ti-none-eabi\</path>
         <kind>archive</kind>
         <file>libclang_rt.builtins.a</file>
         <name>aeabi_memset.S.obj</name>
      </input_file>
      <input_file id="fl-108">
         <path>C:\TI\ccs2040\ccs\tools\compiler\ti-cgt-armllvm_4.0.4.LTS\lib\armv6m-ti-none-eabi\</path>
         <kind>archive</kind>
         <file>libclang_rt.builtins.a</file>
         <name>aeabi_uidivmod.S.obj</name>
      </input_file>
      <input_file id="fl-109">
         <path>C:\TI\ccs2040\ccs\tools\compiler\ti-cgt-armllvm_4.0.4.LTS\lib\armv6m-ti-none-eabi\</path>
         <kind>archive</kind>
         <file>libclang_rt.builtins.a</file>
         <name>aeabi_uldivmod.S.obj</name>
      </input_file>
      <input_file id="fl-10a">
         <path>C:\TI\ccs2040\ccs\tools\compiler\ti-cgt-armllvm_4.0.4.LTS\lib\armv6m-ti-none-eabi\</path>
         <kind>archive</kind>
         <file>libclang_rt.builtins.a</file>
         <name>udivmoddi4.S.obj</name>
      </input_file>
      <input_file id="fl-10b">
         <path>C:\TI\ccs2040\ccs\tools\compiler\ti-cgt-armllvm_4.0.4.LTS\lib\armv6m-ti-none-eabi\</path>
         <kind>archive</kind>
         <file>libclang_rt.builtins.a</file>
         <name>ashldi3.S.obj</name>
      </input_file>
      <input_file id="fl-10c">
         <path>C:\TI\ccs2040\ccs\tools\compiler\ti-cgt-armllvm_4.0.4.LTS\lib\armv6m-ti-none-eabi\</path>
         <kind>archive</kind>
         <file>libclang_rt.builtins.a</file>
         <name>comparedf2.c.obj</name>
      </input_file>
      <input_file id="fl-10d">
         <path>C:\TI\ccs2040\ccs\tools\compiler\ti-cgt-armllvm_4.0.4.LTS\lib\armv6m-ti-none-eabi\</path>
         <kind>archive</kind>
         <file>libclang_rt.builtins.a</file>
         <name>aeabi_div0.c.obj</name>
      </input_file>
      <input_file id="fl-10e">
         <path>C:\TI\ccs2040\ccs\tools\compiler\ti-cgt-armllvm_4.0.4.LTS\lib\armv6m-ti-none-eabi\c\</path>
         <kind>archive</kind>
         <file>libc.a</file>
         <name>getdevice.c.obj</name>
      </input_file>
      <input_file id="fl-10f">
         <path>C:\TI\ccs2040\ccs\tools\compiler\ti-cgt-armllvm_4.0.4.LTS\lib\armv6m-ti-none-eabi\c\</path>
         <kind>archive</kind>
         <file>libc.a</file>
         <name>memcpy16.S.obj</name>
      </input_file>
      <input_file id="fl-110">
         <path>C:\TI\ccs2040\ccs\tools\compiler\ti-cgt-armllvm_4.0.4.LTS\lib\armv6m-ti-none-eabi\c\</path>
         <kind>archive</kind>
         <file>libc.a</file>
         <name>memset16.S.obj</name>
      </input_file>
      <input_file id="fl-111">
         <path>C:\TI\ccs2040\ccs\tools\compiler\ti-cgt-armllvm_4.0.4.LTS\lib\armv6m-ti-none-eabi\c\</path>
         <kind>archive</kind>
         <file>libc.a</file>
         <name>strcmp-armv6m.S.obj</name>
      </input_file>
   </input_file_list>
   <object_component_list>
      <object_component id="oc-18">
         <name>.intvecs</name>
         <load_address>0x0</load_address>
         <readonly>true</readonly>
         <run_address>0x0</run_address>
         <size>0xc0</size>
         <alignment>0x4</alignment>
         <input_file_ref idref="fl-7"/>
      </object_component>
      <object_component id="oc-f9">
         <name>.text.ST7735_DrawBitmap</name>
         <load_address>0x2d80</load_address>
         <readonly>true</readonly>
         <executable>true</executable>
         <run_address>0x2d80</run_address>
         <size>0x210</size>
         <alignment>0x4</alignment>
         <input_file_ref idref="fl-5"/>
      </object_component>
      <object_component id="oc-84">
         <name>.text.Clock_Init80MHz</name>
         <load_address>0x2f90</load_address>
         <readonly>true</readonly>
         <executable>true</executable>
         <run_address>0x2f90</run_address>
         <size>0x1b4</size>
         <alignment>0x4</alignment>
         <input_file_ref idref="fl-2"/>
      </object_component>
      <object_component id="oc-d8">
         <name>.text.ST7735_FillRect</name>
         <load_address>0x3144</load_address>
         <readonly>true</readonly>
         <executable>true</executable>
         <run_address>0x3144</run_address>
         <size>0x118</size>
         <alignment>0x4</alignment>
         <input_file_ref idref="fl-5"/>
      </object_component>
      <object_component id="oc-f2">
         <name>.text.SPI_Init</name>
         <load_address>0x325c</load_address>
         <readonly>true</readonly>
         <executable>true</executable>
         <run_address>0x325c</run_address>
         <size>0xf8</size>
         <alignment>0x4</alignment>
         <input_file_ref idref="fl-4"/>
      </object_component>
      <object_component id="oc-c6">
         <name>.text.commandList</name>
         <load_address>0x3354</load_address>
         <readonly>true</readonly>
         <executable>true</executable>
         <run_address>0x3354</run_address>
         <size>0xa2</size>
         <alignment>0x2</alignment>
         <input_file_ref idref="fl-5"/>
      </object_component>
      <object_component id="oc-12c">
         <name>.text.__aeabi_idiv0</name>
         <load_address>0x33f6</load_address>
         <readonly>true</readonly>
         <executable>true</executable>
         <run_address>0x33f6</run_address>
         <size>0x2</size>
         <alignment>0x2</alignment>
         <input_file_ref idref="fl-10d"/>
      </object_component>
      <object_component id="oc-8e">
         <name>.text.ST7735_InitR</name>
         <load_address>0x33f8</load_address>
         <readonly>true</readonly>
         <executable>true</executable>
         <run_address>0x33f8</run_address>
         <size>0x98</size>
         <alignment>0x4</alignment>
         <input_file_ref idref="fl-5"/>
      </object_component>
      <object_component id="oc-f8">
         <name>.text.setAddrWindow</name>
         <load_address>0x3490</load_address>
         <readonly>true</readonly>
         <executable>true</executable>
         <run_address>0x3490</run_address>
         <size>0x88</size>
         <alignment>0x4</alignment>
         <input_file_ref idref="fl-5"/>
      </object_component>
      <object_component id="oc-df">
         <name>.text.Arabic_OutChar</name>
         <load_address>0x3518</load_address>
         <readonly>true</readonly>
         <executable>true</executable>
         <run_address>0x3518</run_address>
         <size>0x84</size>
         <alignment>0x4</alignment>
         <input_file_ref idref="fl-1"/>
      </object_component>
      <object_component id="oc-89">
         <name>.text.LaunchPad_Init</name>
         <load_address>0x359c</load_address>
         <readonly>true</readonly>
         <executable>true</executable>
         <run_address>0x359c</run_address>
         <size>0x7c</size>
         <alignment>0x4</alignment>
         <input_file_ref idref="fl-3"/>
      </object_component>
      <object_component id="oc-1c">
         <name>.text:decompress:lzss</name>
         <load_address>0x3618</load_address>
         <readonly>true</readonly>
         <executable>true</executable>
         <run_address>0x3618</run_address>
         <size>0x7c</size>
         <alignment>0x4</alignment>
         <input_file_ref idref="fl-42"/>
      </object_component>
      <object_component id="oc-6b">
         <name>.text.main</name>
         <load_address>0x3694</load_address>
         <readonly>true</readonly>
         <executable>true</executable>
         <run_address>0x3694</run_address>
         <size>0x5c</size>
         <alignment>0x4</alignment>
         <input_file_ref idref="fl-6"/>
      </object_component>
      <object_component id="oc-c7">
         <name>.text.SPI_OutCommand</name>
         <load_address>0x36f0</load_address>
         <readonly>true</readonly>
         <executable>true</executable>
         <run_address>0x36f0</run_address>
         <size>0x48</size>
         <alignment>0x4</alignment>
         <input_file_ref idref="fl-4"/>
      </object_component>
      <object_component id="oc-10d">
         <name>.text.SPI_Reset</name>
         <load_address>0x3738</load_address>
         <readonly>true</readonly>
         <executable>true</executable>
         <run_address>0x3738</run_address>
         <size>0x40</size>
         <alignment>0x4</alignment>
         <input_file_ref idref="fl-4"/>
      </object_component>
      <object_component id="oc-109">
         <name>.text.__aeabi_uidivmod</name>
         <load_address>0x3778</load_address>
         <readonly>true</readonly>
         <executable>true</executable>
         <run_address>0x3778</run_address>
         <size>0x40</size>
         <alignment>0x4</alignment>
         <input_file_ref idref="fl-108"/>
      </object_component>
      <object_component id="oc-a6">
         <name>.text:__TI_auto_init_nobinit_nopinit</name>
         <load_address>0x37b8</load_address>
         <readonly>true</readonly>
         <executable>true</executable>
         <run_address>0x37b8</run_address>
         <size>0x3c</size>
         <alignment>0x4</alignment>
         <input_file_ref idref="fl-3d"/>
      </object_component>
      <object_component id="oc-c2">
         <name>.text.ActivatePortA_B</name>
         <load_address>0x37f4</load_address>
         <readonly>true</readonly>
         <executable>true</executable>
         <run_address>0x37f4</run_address>
         <size>0x38</size>
         <alignment>0x4</alignment>
         <input_file_ref idref="fl-3"/>
      </object_component>
      <object_component id="oc-cc">
         <name>.text.SPI_OutData</name>
         <load_address>0x382c</load_address>
         <readonly>true</readonly>
         <executable>true</executable>
         <run_address>0x382c</run_address>
         <size>0x38</size>
         <alignment>0x4</alignment>
         <input_file_ref idref="fl-4"/>
      </object_component>
      <object_component id="oc-94">
         <name>.text.Arabic_SetCursor</name>
         <load_address>0x3864</load_address>
         <readonly>true</readonly>
         <executable>true</executable>
         <run_address>0x3864</run_address>
         <size>0x34</size>
         <alignment>0x4</alignment>
         <input_file_ref idref="fl-1"/>
      </object_component>
      <object_component id="oc-f3">
         <name>.text.Clock_Delay1ms</name>
         <load_address>0x3898</load_address>
         <readonly>true</readonly>
         <executable>true</executable>
         <run_address>0x3898</run_address>
         <size>0x34</size>
         <alignment>0x4</alignment>
         <input_file_ref idref="fl-2"/>
      </object_component>
      <object_component id="oc-cd">
         <name>.text.ST7735_SetCursor</name>
         <load_address>0x38cc</load_address>
         <readonly>true</readonly>
         <executable>true</executable>
         <run_address>0x38cc</run_address>
         <size>0x34</size>
         <alignment>0x4</alignment>
         <input_file_ref idref="fl-5"/>
      </object_component>
      <object_component id="oc-c5">
         <name>.text.commonInit</name>
         <load_address>0x3900</load_address>
         <readonly>true</readonly>
         <executable>true</executable>
         <run_address>0x3900</run_address>
         <size>0x30</size>
         <alignment>0x4</alignment>
         <input_file_ref idref="fl-5"/>
      </object_component>
      <object_component id="oc-93">
         <name>.text.ST7735_FillScreen</name>
         <load_address>0x3930</load_address>
         <readonly>true</readonly>
         <executable>true</executable>
         <run_address>0x3930</run_address>
         <size>0x2c</size>
         <alignment>0x4</alignment>
         <input_file_ref idref="fl-5"/>
      </object_component>
      <object_component id="oc-52">
         <name>.text:_c_int00_noargs</name>
         <load_address>0x395c</load_address>
         <readonly>true</readonly>
         <executable>true</executable>
         <run_address>0x395c</run_address>
         <size>0x28</size>
         <alignment>0x4</alignment>
         <input_file_ref idref="fl-3b"/>
      </object_component>
      <object_component id="oc-99">
         <name>.text.Arabic_OutString</name>
         <load_address>0x3984</load_address>
         <readonly>true</readonly>
         <executable>true</executable>
         <run_address>0x3984</run_address>
         <size>0x26</size>
         <alignment>0x2</alignment>
         <input_file_ref idref="fl-1"/>
      </object_component>
      <object_component id="oc-35">
         <name>.text.Default_Handler</name>
         <load_address>0x39ac</load_address>
         <readonly>true</readonly>
         <executable>true</executable>
         <run_address>0x39ac</run_address>
         <size>0x1c</size>
         <alignment>0x4</alignment>
         <input_file_ref idref="fl-7"/>
      </object_component>
      <object_component id="oc-36">
         <name>.text.HardFault_Handler</name>
         <load_address>0x39c8</load_address>
         <readonly>true</readonly>
         <executable>true</executable>
         <run_address>0x39c8</run_address>
         <size>0x1c</size>
         <alignment>0x4</alignment>
         <input_file_ref idref="fl-7"/>
      </object_component>
      <object_component id="oc-49">
         <name>.text:decompress:ZI:__TI_zero_init_nomemset</name>
         <load_address>0x39e4</load_address>
         <readonly>true</readonly>
         <executable>true</executable>
         <run_address>0x39e4</run_address>
         <size>0x16</size>
         <alignment>0x2</alignment>
         <input_file_ref idref="fl-40"/>
      </object_component>
      <object_component id="oc-7a">
         <name>.text:TI_memcpy_small</name>
         <load_address>0x39fa</load_address>
         <readonly>true</readonly>
         <executable>true</executable>
         <run_address>0x39fa</run_address>
         <size>0x12</size>
         <alignment>0x1</alignment>
         <input_file_ref idref="fl-10f"/>
      </object_component>
      <object_component id="oc-20">
         <name>.text:decompress:none</name>
         <load_address>0x3a0c</load_address>
         <readonly>true</readonly>
         <executable>true</executable>
         <run_address>0x3a0c</run_address>
         <size>0x12</size>
         <alignment>0x2</alignment>
         <input_file_ref idref="fl-41"/>
      </object_component>
      <object_component id="oc-108">
         <name>.text.Clock_Delay</name>
         <load_address>0x3a1e</load_address>
         <readonly>true</readonly>
         <executable>true</executable>
         <run_address>0x3a1e</run_address>
         <size>0x10</size>
         <alignment>0x2</alignment>
         <input_file_ref idref="fl-2"/>
      </object_component>
      <object_component id="oc-f1">
         <name>.text.Delay</name>
         <load_address>0x3a2e</load_address>
         <readonly>true</readonly>
         <executable>true</executable>
         <run_address>0x3a2e</run_address>
         <size>0x10</size>
         <alignment>0x2</alignment>
         <input_file_ref idref="fl-3"/>
      </object_component>
      <object_component id="oc-107">
         <name>.text.Clock_Freq</name>
         <load_address>0x3a40</load_address>
         <readonly>true</readonly>
         <executable>true</executable>
         <run_address>0x3a40</run_address>
         <size>0xc</size>
         <alignment>0x4</alignment>
         <input_file_ref idref="fl-2"/>
      </object_component>
      <object_component id="oc-42">
         <name>.text.__aeabi_memcpy</name>
         <load_address>0x3a4c</load_address>
         <readonly>true</readonly>
         <executable>true</executable>
         <run_address>0x3a4c</run_address>
         <size>0x8</size>
         <alignment>0x4</alignment>
         <input_file_ref idref="fl-106"/>
      </object_component>
      <object_component id="oc-9f">
         <name>.text:abort</name>
         <load_address>0x3a54</load_address>
         <readonly>true</readonly>
         <executable>true</executable>
         <run_address>0x3a54</run_address>
         <size>0x6</size>
         <alignment>0x2</alignment>
         <input_file_ref idref="fl-32"/>
      </object_component>
      <object_component id="oc-e0">
         <name>.text.HOSTexit</name>
         <load_address>0x3a5a</load_address>
         <readonly>true</readonly>
         <executable>true</executable>
         <run_address>0x3a5a</run_address>
         <size>0x4</size>
         <alignment>0x2</alignment>
         <input_file_ref idref="fl-eb"/>
      </object_component>
      <object_component id="oc-31">
         <name>.text.Reset_Handler</name>
         <load_address>0x3a5e</load_address>
         <readonly>true</readonly>
         <executable>true</executable>
         <run_address>0x3a5e</run_address>
         <size>0x4</size>
         <alignment>0x2</alignment>
         <input_file_ref idref="fl-7"/>
      </object_component>
      <object_component id="oc-67">
         <name>.text._system_pre_init</name>
         <load_address>0x3a62</load_address>
         <readonly>true</readonly>
         <executable>true</executable>
         <run_address>0x3a62</run_address>
         <size>0x4</size>
         <alignment>0x2</alignment>
         <input_file_ref idref="fl-3e"/>
      </object_component>
      <object_component id="oc-176">
         <name>.cinit..data.load</name>
         <load_address>0x3a68</load_address>
         <readonly>true</readonly>
         <run_address>0x3a68</run_address>
         <size>0xb1</size>
         <alignment>0x1</alignment>
      </object_component>
      <object_component id="oc-174">
         <name>__TI_handler_table</name>
         <load_address>0x3b1c</load_address>
         <readonly>true</readonly>
         <run_address>0x3b1c</run_address>
         <size>0xc</size>
         <alignment>0x4</alignment>
      </object_component>
      <object_component id="oc-177">
         <name>.cinit..bss.load</name>
         <load_address>0x3b28</load_address>
         <readonly>true</readonly>
         <run_address>0x3b28</run_address>
         <size>0x8</size>
         <alignment>0x4</alignment>
      </object_component>
      <object_component id="oc-175">
         <name>__TI_cinit_table</name>
         <load_address>0x3b30</load_address>
         <readonly>true</readonly>
         <run_address>0x3b30</run_address>
         <size>0x10</size>
         <alignment>0x4</alignment>
      </object_component>
      <object_component id="oc-111">
         <name>.rodata.daad16</name>
         <load_address>0xc0</load_address>
         <readonly>true</readonly>
         <run_address>0xc0</run_address>
         <size>0x200</size>
         <alignment>0x2</alignment>
         <input_file_ref idref="fl-1"/>
      </object_component>
      <object_component id="oc-115">
         <name>.rodata.faa16</name>
         <load_address>0x2c0</load_address>
         <readonly>true</readonly>
         <run_address>0x2c0</run_address>
         <size>0x200</size>
         <alignment>0x2</alignment>
         <input_file_ref idref="fl-1"/>
      </object_component>
      <object_component id="oc-121">
         <name>.rodata.saad16</name>
         <load_address>0x4c0</load_address>
         <readonly>true</readonly>
         <run_address>0x4c0</run_address>
         <size>0x200</size>
         <alignment>0x2</alignment>
         <input_file_ref idref="fl-1"/>
      </object_component>
      <object_component id="oc-122">
         <name>.rodata.seen16</name>
         <load_address>0x6c0</load_address>
         <readonly>true</readonly>
         <run_address>0x6c0</run_address>
         <size>0x200</size>
         <alignment>0x2</alignment>
         <input_file_ref idref="fl-1"/>
      </object_component>
      <object_component id="oc-123">
         <name>.rodata.sheen16</name>
         <load_address>0x8c0</load_address>
         <readonly>true</readonly>
         <run_address>0x8c0</run_address>
         <size>0x200</size>
         <alignment>0x2</alignment>
         <input_file_ref idref="fl-1"/>
      </object_component>
      <object_component id="oc-113">
         <name>.rodata.dhaa14</name>
         <load_address>0xac0</load_address>
         <readonly>true</readonly>
         <run_address>0xac0</run_address>
         <size>0x1c0</size>
         <alignment>0x2</alignment>
         <input_file_ref idref="fl-1"/>
      </object_component>
      <object_component id="oc-124">
         <name>.rodata.ta14</name>
         <load_address>0xc80</load_address>
         <readonly>true</readonly>
         <run_address>0xc80</run_address>
         <size>0x1c0</size>
         <alignment>0x2</alignment>
         <input_file_ref idref="fl-1"/>
      </object_component>
      <object_component id="oc-125">
         <name>.rodata.thaa14</name>
         <load_address>0xe40</load_address>
         <readonly>true</readonly>
         <run_address>0xe40</run_address>
         <size>0x1c0</size>
         <alignment>0x2</alignment>
         <input_file_ref idref="fl-1"/>
      </object_component>
      <object_component id="oc-126">
         <name>.rodata.twe14</name>
         <load_address>0x1000</load_address>
         <readonly>true</readonly>
         <run_address>0x1000</run_address>
         <size>0x1c0</size>
         <alignment>0x2</alignment>
         <input_file_ref idref="fl-1"/>
      </object_component>
      <object_component id="oc-128">
         <name>.rodata.yaa14</name>
         <load_address>0x11c0</load_address>
         <readonly>true</readonly>
         <run_address>0x11c0</run_address>
         <size>0x1c0</size>
         <alignment>0x2</alignment>
         <input_file_ref idref="fl-1"/>
      </object_component>
      <object_component id="oc-110">
         <name>.rodata.baa13</name>
         <load_address>0x1380</load_address>
         <readonly>true</readonly>
         <run_address>0x1380</run_address>
         <size>0x1a0</size>
         <alignment>0x2</alignment>
         <input_file_ref idref="fl-1"/>
      </object_component>
      <object_component id="oc-119">
         <name>.rodata.jeem12</name>
         <load_address>0x1520</load_address>
         <readonly>true</readonly>
         <run_address>0x1520</run_address>
         <size>0x180</size>
         <alignment>0x2</alignment>
         <input_file_ref idref="fl-1"/>
      </object_component>
      <object_component id="oc-11a">
         <name>.rodata.kaaf12</name>
         <load_address>0x16a0</load_address>
         <readonly>true</readonly>
         <run_address>0x16a0</run_address>
         <size>0x180</size>
         <alignment>0x2</alignment>
         <input_file_ref idref="fl-1"/>
      </object_component>
      <object_component id="oc-11b">
         <name>.rodata.khaa12</name>
         <load_address>0x1820</load_address>
         <readonly>true</readonly>
         <run_address>0x1820</run_address>
         <size>0x180</size>
         <alignment>0x2</alignment>
         <input_file_ref idref="fl-1"/>
      </object_component>
      <object_component id="oc-11c">
         <name>.rodata.laam12</name>
         <load_address>0x19a0</load_address>
         <readonly>true</readonly>
         <run_address>0x19a0</run_address>
         <size>0x180</size>
         <alignment>0x2</alignment>
         <input_file_ref idref="fl-1"/>
      </object_component>
      <object_component id="oc-11e">
         <name>.rodata.noon12</name>
         <load_address>0x1b20</load_address>
         <readonly>true</readonly>
         <run_address>0x1b20</run_address>
         <size>0x180</size>
         <alignment>0x2</alignment>
         <input_file_ref idref="fl-1"/>
      </object_component>
      <object_component id="oc-11f">
         <name>.rodata.qaaf12</name>
         <load_address>0x1ca0</load_address>
         <readonly>true</readonly>
         <run_address>0x1ca0</run_address>
         <size>0x180</size>
         <alignment>0x2</alignment>
         <input_file_ref idref="fl-1"/>
      </object_component>
      <object_component id="oc-10f">
         <name>.rodata.ayh11</name>
         <load_address>0x1e20</load_address>
         <readonly>true</readonly>
         <run_address>0x1e20</run_address>
         <size>0x160</size>
         <alignment>0x2</alignment>
         <input_file_ref idref="fl-1"/>
      </object_component>
      <object_component id="oc-116">
         <name>.rodata.ghayh11</name>
         <load_address>0x1f80</load_address>
         <readonly>true</readonly>
         <run_address>0x1f80</run_address>
         <size>0x160</size>
         <alignment>0x2</alignment>
         <input_file_ref idref="fl-1"/>
      </object_component>
      <object_component id="oc-118">
         <name>.rodata.ha11</name>
         <load_address>0x20e0</load_address>
         <readonly>true</readonly>
         <run_address>0x20e0</run_address>
         <size>0x160</size>
         <alignment>0x2</alignment>
         <input_file_ref idref="fl-1"/>
      </object_component>
      <object_component id="oc-127">
         <name>.rodata.waaw11</name>
         <load_address>0x2240</load_address>
         <readonly>true</readonly>
         <run_address>0x2240</run_address>
         <size>0x160</size>
         <alignment>0x2</alignment>
         <input_file_ref idref="fl-1"/>
      </object_component>
      <object_component id="oc-11d">
         <name>.rodata.meem9</name>
         <load_address>0x23a0</load_address>
         <readonly>true</readonly>
         <run_address>0x23a0</run_address>
         <size>0x120</size>
         <alignment>0x2</alignment>
         <input_file_ref idref="fl-1"/>
      </object_component>
      <object_component id="oc-120">
         <name>.rodata.raa9</name>
         <load_address>0x24c0</load_address>
         <readonly>true</readonly>
         <run_address>0x24c0</run_address>
         <size>0x120</size>
         <alignment>0x2</alignment>
         <input_file_ref idref="fl-1"/>
      </object_component>
      <object_component id="oc-129">
         <name>.rodata.zaa9</name>
         <load_address>0x25e0</load_address>
         <readonly>true</readonly>
         <run_address>0x25e0</run_address>
         <size>0x120</size>
         <alignment>0x2</alignment>
         <input_file_ref idref="fl-1"/>
      </object_component>
      <object_component id="oc-112">
         <name>.rodata.daal8</name>
         <load_address>0x2700</load_address>
         <readonly>true</readonly>
         <run_address>0x2700</run_address>
         <size>0x100</size>
         <alignment>0x2</alignment>
         <input_file_ref idref="fl-1"/>
      </object_component>
      <object_component id="oc-114">
         <name>.rodata.dhaal8</name>
         <load_address>0x2800</load_address>
         <readonly>true</readonly>
         <run_address>0x2800</run_address>
         <size>0x100</size>
         <alignment>0x2</alignment>
         <input_file_ref idref="fl-1"/>
      </object_component>
      <object_component id="oc-12b">
         <name>.rodata.dot8</name>
         <load_address>0x2900</load_address>
         <readonly>true</readonly>
         <run_address>0x2900</run_address>
         <size>0x100</size>
         <alignment>0x2</alignment>
         <input_file_ref idref="fl-1"/>
      </object_component>
      <object_component id="oc-117">
         <name>.rodata.haa8</name>
         <load_address>0x2a00</load_address>
         <readonly>true</readonly>
         <run_address>0x2a00</run_address>
         <size>0x100</size>
         <alignment>0x2</alignment>
         <input_file_ref idref="fl-1"/>
      </object_component>
      <object_component id="oc-12a">
         <name>.rodata.space8</name>
         <load_address>0x2b00</load_address>
         <readonly>true</readonly>
         <run_address>0x2b00</run_address>
         <size>0x100</size>
         <alignment>0x2</alignment>
         <input_file_ref idref="fl-1"/>
      </object_component>
      <object_component id="oc-10e">
         <name>.rodata.alif4</name>
         <load_address>0x2c00</load_address>
         <readonly>true</readonly>
         <run_address>0x2c00</run_address>
         <size>0x80</size>
         <alignment>0x2</alignment>
         <input_file_ref idref="fl-1"/>
      </object_component>
      <object_component id="oc-fa">
         <name>.rodata.ArabicWidth</name>
         <load_address>0x2c80</load_address>
         <readonly>true</readonly>
         <run_address>0x2c80</run_address>
         <size>0x7c</size>
         <alignment>0x4</alignment>
         <input_file_ref idref="fl-1"/>
      </object_component>
      <object_component id="oc-ce">
         <name>.rodata.Rcmd1</name>
         <load_address>0x2cfc</load_address>
         <readonly>true</readonly>
         <run_address>0x2cfc</run_address>
         <size>0x3b</size>
         <alignment>0x1</alignment>
         <input_file_ref idref="fl-5"/>
      </object_component>
      <object_component id="oc-d3">
         <name>.rodata.Rcmd3</name>
         <load_address>0x2d37</load_address>
         <readonly>true</readonly>
         <run_address>0x2d37</run_address>
         <size>0x2b</size>
         <alignment>0x1</alignment>
         <input_file_ref idref="fl-5"/>
      </object_component>
      <object_component id="oc-d0">
         <name>.rodata.Rcmd2green</name>
         <load_address>0x2d62</load_address>
         <readonly>true</readonly>
         <run_address>0x2d62</run_address>
         <size>0xd</size>
         <alignment>0x1</alignment>
         <input_file_ref idref="fl-5"/>
      </object_component>
      <object_component id="oc-cf">
         <name>.rodata.Rcmd2red</name>
         <load_address>0x2d6f</load_address>
         <readonly>true</readonly>
         <run_address>0x2d6f</run_address>
         <size>0xd</size>
         <alignment>0x1</alignment>
         <input_file_ref idref="fl-5"/>
      </object_component>
      <object_component id="oc-13e">
         <name>.binit</name>
         <load_address>0x0</load_address>
         <readonly>true</readonly>
         <run_address>0x0</run_address>
         <size>0x0</size>
         <alignment>0x4</alignment>
      </object_component>
      <object_component id="oc-fb">
         <name>.data.ArabicFont</name>
         <load_address>0x20200200</load_address>
         <readwrite>true</readwrite>
         <run_address>0x20200200</run_address>
         <size>0x7c</size>
         <alignment>0x4</alignment>
         <input_file_ref idref="fl-1"/>
      </object_component>
      <object_component id="oc-bf">
         <name>.data.BusFreq</name>
         <load_address>0x202002ac</load_address>
         <readwrite>true</readwrite>
         <run_address>0x202002ac</run_address>
         <size>0x4</size>
         <alignment>0x4</alignment>
         <input_file_ref idref="fl-2"/>
      </object_component>
      <object_component id="oc-f6">
         <name>.data.StX</name>
         <load_address>0x202002b0</load_address>
         <readwrite>true</readwrite>
         <run_address>0x202002b0</run_address>
         <size>0x4</size>
         <alignment>0x4</alignment>
         <input_file_ref idref="fl-5"/>
      </object_component>
      <object_component id="oc-f7">
         <name>.data.StY</name>
         <load_address>0x202002b4</load_address>
         <readwrite>true</readwrite>
         <run_address>0x202002b4</run_address>
         <size>0x4</size>
         <alignment>0x4</alignment>
         <input_file_ref idref="fl-5"/>
      </object_component>
      <object_component id="oc-d5">
         <name>.data.StTextColor</name>
         <load_address>0x202002aa</load_address>
         <readwrite>true</readwrite>
         <run_address>0x202002aa</run_address>
         <size>0x2</size>
         <alignment>0x2</alignment>
         <input_file_ref idref="fl-5"/>
      </object_component>
      <object_component id="oc-d9">
         <name>.data._width</name>
         <load_address>0x202002ba</load_address>
         <readwrite>true</readwrite>
         <run_address>0x202002ba</run_address>
         <size>0x2</size>
         <alignment>0x2</alignment>
         <input_file_ref idref="fl-5"/>
      </object_component>
      <object_component id="oc-da">
         <name>.data._height</name>
         <load_address>0x202002b8</load_address>
         <readwrite>true</readwrite>
         <run_address>0x202002b8</run_address>
         <size>0x2</size>
         <alignment>0x2</alignment>
         <input_file_ref idref="fl-5"/>
      </object_component>
      <object_component id="oc-9c">
         <name>.data.ArabicAlphabet</name>
         <load_address>0x2020027c</load_address>
         <readwrite>true</readwrite>
         <run_address>0x2020027c</run_address>
         <size>0x1f</size>
         <alignment>0x1</alignment>
         <input_file_ref idref="fl-6"/>
      </object_component>
      <object_component id="oc-9a">
         <name>.data.Hello</name>
         <load_address>0x202002a3</load_address>
         <readwrite>true</readwrite>
         <run_address>0x202002a3</run_address>
         <size>0x6</size>
         <alignment>0x1</alignment>
         <input_file_ref idref="fl-6"/>
      </object_component>
      <object_component id="oc-9b">
         <name>.data.WeAreHonoredByYourPresence</name>
         <load_address>0x2020029b</load_address>
         <readwrite>true</readwrite>
         <run_address>0x2020029b</run_address>
         <size>0x8</size>
         <alignment>0x1</alignment>
         <input_file_ref idref="fl-6"/>
      </object_component>
      <object_component id="oc-d1">
         <name>.bss.ColStart</name>
         <uninitialized>true</uninitialized>
         <readwrite>true</readwrite>
         <run_address>0x202002c4</run_address>
         <size>0x1</size>
         <alignment>0x1</alignment>
         <input_file_ref idref="fl-5"/>
      </object_component>
      <object_component id="oc-d2">
         <name>.bss.RowStart</name>
         <uninitialized>true</uninitialized>
         <readwrite>true</readwrite>
         <run_address>0x202002c5</run_address>
         <size>0x1</size>
         <alignment>0x1</alignment>
         <input_file_ref idref="fl-5"/>
      </object_component>
      <object_component id="oc-d4">
         <name>.bss.TabColor</name>
         <uninitialized>true</uninitialized>
         <readwrite>true</readwrite>
         <run_address>0x202002c6</run_address>
         <size>0x1</size>
         <alignment>0x1</alignment>
         <input_file_ref idref="fl-5"/>
      </object_component>
      <object_component id="oc-db">
         <name>.common:ArabicX</name>
         <uninitialized>true</uninitialized>
         <readwrite>true</readwrite>
         <run_address>0x202002bc</run_address>
         <size>0x4</size>
         <alignment>0x4</alignment>
      </object_component>
      <object_component id="oc-dc">
         <name>.common:ArabicY</name>
         <uninitialized>true</uninitialized>
         <readwrite>true</readwrite>
         <run_address>0x202002c0</run_address>
         <size>0x4</size>
         <alignment>0x4</alignment>
      </object_component>
      <object_component id="oc-2f">
         <name>.sysmem</name>
         <uninitialized>true</uninitialized>
         <readwrite>true</readwrite>
         <run_address>0x20200000</run_address>
         <size>0x10</size>
         <alignment>0x8</alignment>
         <input_file_ref idref="fl-39"/>
      </object_component>
      <object_component id="oc-17a">
         <name>.sysmem</name>
         <uninitialized>true</uninitialized>
         <readwrite>true</readwrite>
         <run_address>0x20200000</run_address>
         <size>0x0</size>
         <alignment>0x4</alignment>
      </object_component>
      <object_component id="oc-1a">
         <name>.stack</name>
         <uninitialized>true</uninitialized>
         <readwrite>true</readwrite>
         <run_address>0x20207e00</run_address>
         <size>0x4</size>
         <alignment>0x4</alignment>
         <input_file_ref idref="fl-3b"/>
      </object_component>
      <object_component id="oc-179">
         <name>.stack</name>
         <uninitialized>true</uninitialized>
         <readwrite>true</readwrite>
         <run_address>0x20207e00</run_address>
         <size>0x0</size>
         <alignment>0x8</alignment>
      </object_component>
      <object_component id="oc-dd">
         <name>.debug_abbrev</name>
         <load_address>0x0</load_address>
         <run_address>0x0</run_address>
         <size>0xda</size>
         <alignment>0x1</alignment>
         <input_file_ref idref="fl-1"/>
      </object_component>
      <object_component id="oc-c0">
         <name>.debug_abbrev</name>
         <load_address>0xda</load_address>
         <run_address>0xda</run_address>
         <size>0x16c</size>
         <alignment>0x1</alignment>
         <input_file_ref idref="fl-2"/>
      </object_component>
      <object_component id="oc-c3">
         <name>.debug_abbrev</name>
         <load_address>0x246</load_address>
         <run_address>0x246</run_address>
         <size>0x10d</size>
         <alignment>0x1</alignment>
         <input_file_ref idref="fl-3"/>
      </object_component>
      <object_component id="oc-f4">
         <name>.debug_abbrev</name>
         <load_address>0x353</load_address>
         <run_address>0x353</run_address>
         <size>0xdb</size>
         <alignment>0x1</alignment>
         <input_file_ref idref="fl-4"/>
      </object_component>
      <object_component id="oc-d6">
         <name>.debug_abbrev</name>
         <load_address>0x42e</load_address>
         <run_address>0x42e</run_address>
         <size>0x174</size>
         <alignment>0x1</alignment>
         <input_file_ref idref="fl-5"/>
      </object_component>
      <object_component id="oc-9d">
         <name>.debug_abbrev</name>
         <load_address>0x5a2</load_address>
         <run_address>0x5a2</run_address>
         <size>0x16c</size>
         <alignment>0x1</alignment>
         <input_file_ref idref="fl-6"/>
      </object_component>
      <object_component id="oc-37">
         <name>.debug_abbrev</name>
         <load_address>0x70e</load_address>
         <run_address>0x70e</run_address>
         <size>0x6d</size>
         <alignment>0x1</alignment>
         <input_file_ref idref="fl-7"/>
      </object_component>
      <object_component id="oc-e4">
         <name>.debug_abbrev</name>
         <load_address>0x77b</load_address>
         <run_address>0x77b</run_address>
         <size>0x98</size>
         <alignment>0x1</alignment>
         <input_file_ref idref="fl-32"/>
      </object_component>
      <object_component id="oc-59">
         <name>.debug_abbrev</name>
         <load_address>0x813</load_address>
         <run_address>0x813</run_address>
         <size>0x299</size>
         <alignment>0x1</alignment>
         <input_file_ref idref="fl-39"/>
      </object_component>
      <object_component id="oc-39">
         <name>.debug_abbrev</name>
         <load_address>0xaac</load_address>
         <run_address>0xaac</run_address>
         <size>0xaf</size>
         <alignment>0x1</alignment>
         <input_file_ref idref="fl-3b"/>
      </object_component>
      <object_component id="oc-ea">
         <name>.debug_abbrev</name>
         <load_address>0xb5b</load_address>
         <run_address>0xb5b</run_address>
         <size>0x170</size>
         <alignment>0x1</alignment>
         <input_file_ref idref="fl-3d"/>
      </object_component>
      <object_component id="oc-82">
         <name>.debug_abbrev</name>
         <load_address>0xccb</load_address>
         <run_address>0xccb</run_address>
         <size>0x39</size>
         <alignment>0x1</alignment>
         <input_file_ref idref="fl-3e"/>
      </object_component>
      <object_component id="oc-60">
         <name>.debug_abbrev</name>
         <load_address>0xd04</load_address>
         <run_address>0xd04</run_address>
         <size>0xc2</size>
         <alignment>0x1</alignment>
         <input_file_ref idref="fl-40"/>
      </object_component>
      <object_component id="oc-46">
         <name>.debug_abbrev</name>
         <load_address>0xdc6</load_address>
         <run_address>0xdc6</run_address>
         <size>0x70</size>
         <alignment>0x1</alignment>
         <input_file_ref idref="fl-41"/>
      </object_component>
      <object_component id="oc-3e">
         <name>.debug_abbrev</name>
         <load_address>0xe36</load_address>
         <run_address>0xe36</run_address>
         <size>0x8d</size>
         <alignment>0x1</alignment>
         <input_file_ref idref="fl-42"/>
      </object_component>
      <object_component id="oc-fc">
         <name>.debug_abbrev</name>
         <load_address>0xec3</load_address>
         <run_address>0xec3</run_address>
         <size>0x2c</size>
         <alignment>0x1</alignment>
         <input_file_ref idref="fl-eb"/>
      </object_component>
      <object_component id="oc-5f">
         <name>.debug_abbrev</name>
         <load_address>0xeef</load_address>
         <run_address>0xeef</run_address>
         <size>0x27</size>
         <alignment>0x1</alignment>
         <input_file_ref idref="fl-106"/>
      </object_component>
      <object_component id="oc-131">
         <name>.debug_abbrev</name>
         <load_address>0xf16</load_address>
         <run_address>0xf16</run_address>
         <size>0x27</size>
         <alignment>0x1</alignment>
         <input_file_ref idref="fl-108"/>
      </object_component>
      <object_component id="oc-132">
         <name>.debug_abbrev</name>
         <load_address>0xf3d</load_address>
         <run_address>0xf3d</run_address>
         <size>0x59</size>
         <alignment>0x1</alignment>
         <input_file_ref idref="fl-10d"/>
      </object_component>
      <object_component id="oc-b8">
         <name>.debug_abbrev</name>
         <load_address>0xf96</load_address>
         <run_address>0xf96</run_address>
         <size>0x25</size>
         <alignment>0x1</alignment>
         <input_file_ref idref="fl-10f"/>
      </object_component>
      <object_component id="oc-17c">
         <name>.debug_abbrev</name>
         <load_address>0xfbb</load_address>
         <run_address>0xfbb</run_address>
         <size>0xf</size>
         <alignment>0x0</alignment>
      </object_component>
      <object_component id="oc-96">
         <name>.debug_info</name>
         <load_address>0x0</load_address>
         <run_address>0x0</run_address>
         <size>0x4de</size>
         <alignment>0x1</alignment>
         <input_file_ref idref="fl-1"/>
      </object_component>
      <object_component id="oc-85">
         <name>.debug_info</name>
         <load_address>0x4de</load_address>
         <run_address>0x4de</run_address>
         <size>0x1363</size>
         <alignment>0x1</alignment>
         <input_file_ref idref="fl-2"/>
      </object_component>
      <object_component id="oc-8a">
         <name>.debug_info</name>
         <load_address>0x1841</load_address>
         <run_address>0x1841</run_address>
         <size>0x879</size>
         <alignment>0x1</alignment>
         <input_file_ref idref="fl-3"/>
      </object_component>
      <object_component id="oc-ca">
         <name>.debug_info</name>
         <load_address>0x20ba</load_address>
         <run_address>0x20ba</run_address>
         <size>0xb8b</size>
         <alignment>0x1</alignment>
         <input_file_ref idref="fl-4"/>
      </object_component>
      <object_component id="oc-91">
         <name>.debug_info</name>
         <load_address>0x2c45</load_address>
         <run_address>0x2c45</run_address>
         <size>0x1b70</size>
         <alignment>0x1</alignment>
         <input_file_ref idref="fl-5"/>
      </object_component>
      <object_component id="oc-6f">
         <name>.debug_info</name>
         <load_address>0x47b5</load_address>
         <run_address>0x47b5</run_address>
         <size>0x12a0</size>
         <alignment>0x1</alignment>
         <input_file_ref idref="fl-6"/>
      </object_component>
      <object_component id="oc-19">
         <name>.debug_info</name>
         <load_address>0x5a55</load_address>
         <run_address>0x5a55</run_address>
         <size>0x94</size>
         <alignment>0x1</alignment>
         <input_file_ref idref="fl-7"/>
      </object_component>
      <object_component id="oc-a3">
         <name>.debug_info</name>
         <load_address>0x5ae9</load_address>
         <run_address>0x5ae9</run_address>
         <size>0xf8</size>
         <alignment>0x1</alignment>
         <input_file_ref idref="fl-32"/>
      </object_component>
      <object_component id="oc-30">
         <name>.debug_info</name>
         <load_address>0x5be1</load_address>
         <run_address>0x5be1</run_address>
         <size>0xae7</size>
         <alignment>0x1</alignment>
         <input_file_ref idref="fl-39"/>
      </object_component>
      <object_component id="oc-1b">
         <name>.debug_info</name>
         <load_address>0x66c8</load_address>
         <run_address>0x66c8</run_address>
         <size>0x423</size>
         <alignment>0x1</alignment>
         <input_file_ref idref="fl-3b"/>
      </object_component>
      <object_component id="oc-a9">
         <name>.debug_info</name>
         <load_address>0x6aeb</load_address>
         <run_address>0x6aeb</run_address>
         <size>0x744</size>
         <alignment>0x1</alignment>
         <input_file_ref idref="fl-3d"/>
      </object_component>
      <object_component id="oc-68">
         <name>.debug_info</name>
         <load_address>0x722f</load_address>
         <run_address>0x722f</run_address>
         <size>0x46</size>
         <alignment>0x1</alignment>
         <input_file_ref idref="fl-3e"/>
      </object_component>
      <object_component id="oc-4c">
         <name>.debug_info</name>
         <load_address>0x7275</load_address>
         <run_address>0x7275</run_address>
         <size>0x192</size>
         <alignment>0x1</alignment>
         <input_file_ref idref="fl-40"/>
      </object_component>
      <object_component id="oc-21">
         <name>.debug_info</name>
         <load_address>0x7407</load_address>
         <run_address>0x7407</run_address>
         <size>0xc6</size>
         <alignment>0x1</alignment>
         <input_file_ref idref="fl-41"/>
      </object_component>
      <object_component id="oc-1d">
         <name>.debug_info</name>
         <load_address>0x74cd</load_address>
         <run_address>0x74cd</run_address>
         <size>0x17c</size>
         <alignment>0x1</alignment>
         <input_file_ref idref="fl-42"/>
      </object_component>
      <object_component id="oc-e3">
         <name>.debug_info</name>
         <load_address>0x7649</load_address>
         <run_address>0x7649</run_address>
         <size>0x3b</size>
         <alignment>0x1</alignment>
         <input_file_ref idref="fl-eb"/>
      </object_component>
      <object_component id="oc-43">
         <name>.debug_info</name>
         <load_address>0x7684</load_address>
         <run_address>0x7684</run_address>
         <size>0x18b</size>
         <alignment>0x1</alignment>
         <input_file_ref idref="fl-106"/>
      </object_component>
      <object_component id="oc-10b">
         <name>.debug_info</name>
         <load_address>0x780f</load_address>
         <run_address>0x780f</run_address>
         <size>0x1ae</size>
         <alignment>0x1</alignment>
         <input_file_ref idref="fl-108"/>
      </object_component>
      <object_component id="oc-12d">
         <name>.debug_info</name>
         <load_address>0x79bd</load_address>
         <run_address>0x79bd</run_address>
         <size>0x85</size>
         <alignment>0x1</alignment>
         <input_file_ref idref="fl-10d"/>
      </object_component>
      <object_component id="oc-7d">
         <name>.debug_info</name>
         <load_address>0x7a42</load_address>
         <run_address>0x7a42</run_address>
         <size>0x2f3</size>
         <alignment>0x1</alignment>
         <input_file_ref idref="fl-10f"/>
      </object_component>
      <object_component id="oc-17b">
         <name>.debug_info</name>
         <load_address>0x7d35</load_address>
         <run_address>0x7d35</run_address>
         <size>0xc9</size>
         <alignment>0x0</alignment>
      </object_component>
      <object_component id="oc-97">
         <name>.debug_ranges</name>
         <load_address>0x0</load_address>
         <run_address>0x0</run_address>
         <size>0x20</size>
         <alignment>0x1</alignment>
         <input_file_ref idref="fl-1"/>
      </object_component>
      <object_component id="oc-87">
         <name>.debug_ranges</name>
         <load_address>0x20</load_address>
         <run_address>0x20</run_address>
         <size>0x58</size>
         <alignment>0x1</alignment>
         <input_file_ref idref="fl-2"/>
      </object_component>
      <object_component id="oc-8c">
         <name>.debug_ranges</name>
         <load_address>0x78</load_address>
         <run_address>0x78</run_address>
         <size>0x60</size>
         <alignment>0x1</alignment>
         <input_file_ref idref="fl-3"/>
      </object_component>
      <object_component id="oc-cb">
         <name>.debug_ranges</name>
         <load_address>0xd8</load_address>
         <run_address>0xd8</run_address>
         <size>0x28</size>
         <alignment>0x1</alignment>
         <input_file_ref idref="fl-4"/>
      </object_component>
      <object_component id="oc-92">
         <name>.debug_ranges</name>
         <load_address>0x100</load_address>
         <run_address>0x100</run_address>
         <size>0x210</size>
         <alignment>0x1</alignment>
         <input_file_ref idref="fl-5"/>
      </object_component>
      <object_component id="oc-6d">
         <name>.debug_ranges</name>
         <load_address>0x310</load_address>
         <run_address>0x310</run_address>
         <size>0x78</size>
         <alignment>0x1</alignment>
         <input_file_ref idref="fl-6"/>
      </object_component>
      <object_component id="oc-34">
         <name>.debug_ranges</name>
         <load_address>0x388</load_address>
         <run_address>0x388</run_address>
         <size>0x20</size>
         <alignment>0x1</alignment>
         <input_file_ref idref="fl-7"/>
      </object_component>
      <object_component id="oc-a2">
         <name>.debug_ranges</name>
         <load_address>0x3a8</load_address>
         <run_address>0x3a8</run_address>
         <size>0x18</size>
         <alignment>0x1</alignment>
         <input_file_ref idref="fl-32"/>
      </object_component>
      <object_component id="oc-5c">
         <name>.debug_ranges</name>
         <load_address>0x3c0</load_address>
         <run_address>0x3c0</run_address>
         <size>0xa0</size>
         <alignment>0x1</alignment>
         <input_file_ref idref="fl-39"/>
      </object_component>
      <object_component id="oc-3c">
         <name>.debug_ranges</name>
         <load_address>0x460</load_address>
         <run_address>0x460</run_address>
         <size>0x48</size>
         <alignment>0x1</alignment>
         <input_file_ref idref="fl-3b"/>
      </object_component>
      <object_component id="oc-a7">
         <name>.debug_ranges</name>
         <load_address>0x4a8</load_address>
         <run_address>0x4a8</run_address>
         <size>0x48</size>
         <alignment>0x1</alignment>
         <input_file_ref idref="fl-3d"/>
      </object_component>
      <object_component id="oc-4d">
         <name>.debug_ranges</name>
         <load_address>0x4f0</load_address>
         <run_address>0x4f0</run_address>
         <size>0x18</size>
         <alignment>0x1</alignment>
         <input_file_ref idref="fl-40"/>
      </object_component>
      <object_component id="oc-41">
         <name>.debug_ranges</name>
         <load_address>0x508</load_address>
         <run_address>0x508</run_address>
         <size>0x50</size>
         <alignment>0x1</alignment>
         <input_file_ref idref="fl-42"/>
      </object_component>
      <object_component id="oc-130">
         <name>.debug_ranges</name>
         <load_address>0x558</load_address>
         <run_address>0x558</run_address>
         <size>0x18</size>
         <alignment>0x1</alignment>
         <input_file_ref idref="fl-10d"/>
      </object_component>
      <object_component id="oc-7c">
         <name>.debug_ranges</name>
         <load_address>0x570</load_address>
         <run_address>0x570</run_address>
         <size>0x28</size>
         <alignment>0x1</alignment>
         <input_file_ref idref="fl-10f"/>
      </object_component>
      <object_component id="oc-de">
         <name>.debug_str</name>
         <load_address>0x0</load_address>
         <run_address>0x0</run_address>
         <size>0x361</size>
         <alignment>0x1</alignment>
         <input_file_ref idref="fl-1"/>
      </object_component>
      <object_component id="oc-c1">
         <name>.debug_str</name>
         <load_address>0x361</load_address>
         <run_address>0x361</run_address>
         <size>0x94b</size>
         <alignment>0x1</alignment>
         <input_file_ref idref="fl-2"/>
      </object_component>
      <object_component id="oc-c4">
         <name>.debug_str</name>
         <load_address>0xcac</load_address>
         <run_address>0xcac</run_address>
         <size>0x580</size>
         <alignment>0x1</alignment>
         <input_file_ref idref="fl-3"/>
      </object_component>
      <object_component id="oc-f5">
         <name>.debug_str</name>
         <load_address>0x122c</load_address>
         <run_address>0x122c</run_address>
         <size>0x5e1</size>
         <alignment>0x1</alignment>
         <input_file_ref idref="fl-4"/>
      </object_component>
      <object_component id="oc-d7">
         <name>.debug_str</name>
         <load_address>0x180d</load_address>
         <run_address>0x180d</run_address>
         <size>0x919</size>
         <alignment>0x1</alignment>
         <input_file_ref idref="fl-5"/>
      </object_component>
      <object_component id="oc-9e">
         <name>.debug_str</name>
         <load_address>0x2126</load_address>
         <run_address>0x2126</run_address>
         <size>0x890</size>
         <alignment>0x1</alignment>
         <input_file_ref idref="fl-6"/>
      </object_component>
      <object_component id="oc-38">
         <name>.debug_str</name>
         <load_address>0x29b6</load_address>
         <run_address>0x29b6</run_address>
         <size>0x14b</size>
         <alignment>0x1</alignment>
         <input_file_ref idref="fl-7"/>
      </object_component>
      <object_component id="oc-e5">
         <name>.debug_str</name>
         <load_address>0x2b01</load_address>
         <run_address>0x2b01</run_address>
         <size>0x141</size>
         <alignment>0x1</alignment>
         <input_file_ref idref="fl-32"/>
      </object_component>
      <object_component id="oc-5a">
         <name>.debug_str</name>
         <load_address>0x2c42</load_address>
         <run_address>0x2c42</run_address>
         <size>0x3c4</size>
         <alignment>0x1</alignment>
         <input_file_ref idref="fl-39"/>
      </object_component>
      <object_component id="oc-3a">
         <name>.debug_str</name>
         <load_address>0x3006</load_address>
         <run_address>0x3006</run_address>
         <size>0x21e</size>
         <alignment>0x1</alignment>
         <input_file_ref idref="fl-3b"/>
      </object_component>
      <object_component id="oc-eb">
         <name>.debug_str</name>
         <load_address>0x3224</load_address>
         <run_address>0x3224</run_address>
         <size>0x328</size>
         <alignment>0x1</alignment>
         <input_file_ref idref="fl-3d"/>
      </object_component>
      <object_component id="oc-83">
         <name>.debug_str</name>
         <load_address>0x354c</load_address>
         <run_address>0x354c</run_address>
         <size>0xee</size>
         <alignment>0x1</alignment>
         <input_file_ref idref="fl-3e"/>
      </object_component>
      <object_component id="oc-61">
         <name>.debug_str</name>
         <load_address>0x363a</load_address>
         <run_address>0x363a</run_address>
         <size>0x194</size>
         <alignment>0x1</alignment>
         <input_file_ref idref="fl-40"/>
      </object_component>
      <object_component id="oc-47">
         <name>.debug_str</name>
         <load_address>0x37ce</load_address>
         <run_address>0x37ce</run_address>
         <size>0x161</size>
         <alignment>0x1</alignment>
         <input_file_ref idref="fl-41"/>
      </object_component>
      <object_component id="oc-3f">
         <name>.debug_str</name>
         <load_address>0x392f</load_address>
         <run_address>0x392f</run_address>
         <size>0x1ce</size>
         <alignment>0x1</alignment>
         <input_file_ref idref="fl-42"/>
      </object_component>
      <object_component id="oc-fd">
         <name>.debug_str</name>
         <load_address>0x3afd</load_address>
         <run_address>0x3afd</run_address>
         <size>0xe2</size>
         <alignment>0x1</alignment>
         <input_file_ref idref="fl-eb"/>
      </object_component>
      <object_component id="oc-133">
         <name>.debug_str</name>
         <load_address>0x3bdf</load_address>
         <run_address>0x3bdf</run_address>
         <size>0x185</size>
         <alignment>0x1</alignment>
         <input_file_ref idref="fl-10d"/>
      </object_component>
      <object_component id="oc-98">
         <name>.debug_frame</name>
         <load_address>0x0</load_address>
         <run_address>0x0</run_address>
         <size>0x5c</size>
         <alignment>0x4</alignment>
         <input_file_ref idref="fl-1"/>
      </object_component>
      <object_component id="oc-86">
         <name>.debug_frame</name>
         <load_address>0x5c</load_address>
         <run_address>0x5c</run_address>
         <size>0xf4</size>
         <alignment>0x4</alignment>
         <input_file_ref idref="fl-2"/>
      </object_component>
      <object_component id="oc-8d">
         <name>.debug_frame</name>
         <load_address>0x150</load_address>
         <run_address>0x150</run_address>
         <size>0xe4</size>
         <alignment>0x4</alignment>
         <input_file_ref idref="fl-3"/>
      </object_component>
      <object_component id="oc-c9">
         <name>.debug_frame</name>
         <load_address>0x234</load_address>
         <run_address>0x234</run_address>
         <size>0x70</size>
[...]
         <value>0xffffffff</value>
      </symbol>
      <symbol id="sm-c">
         <name>__STACK_SIZE</name>
         <value>0x200</value>
      </symbol>
      <symbol id="sm-d">
         <name>__STACK_END</name>
         <value>0x20208000</value>
      </symbol>
      <symbol id="sm-e">
         <name>__SYSMEM_SIZE</name>
         <value>0x200</value>
      </symbol>
      <symbol id="sm-f">
         <name>__TI_pprof_out_hndl</name>
         <value>0xffffffff</value>
      </symbol>
      <symbol id="sm-10">
         <name>__TI_prof_data_start</name>
         <value>0xffffffff</value>
      </symbol>
      <symbol id="sm-11">
         <name>__TI_prof_data_size</name>
         <value>0xffffffff</value>
      </symbol>
      <symbol id="sm-42">
         <name>Arabic_SetCursor</name>
         <value>0x3865</value>
         <object_component_ref idref="oc-94"/>
      </symbol>
      <symbol id="sm-43">
         <name>ArabicX</name>
         <value>0x202002bc</value>
      </symbol>
      <symbol id="sm-44">
         <name>ArabicY</name>
         <value>0x202002c0</value>
      </symbol>
      <symbol id="sm-45">
         <name>Arabic_OutChar</name>
         <value>0x3519</value>
         <object_component_ref idref="oc-df"/>
      </symbol>
      <symbol id="sm-46">
         <name>ArabicWidth</name>
         <value>0x2c80</value>
         <object_component_ref idref="oc-fa"/>
      </symbol>
      <symbol id="sm-47">
         <name>ArabicFont</name>
         <value>0x20200200</value>
         <object_component_ref idref="oc-fb"/>
      </symbol>
      <symbol id="sm-48">
         <name>Arabic_OutString</name>
         <value>0x3985</value>
         <object_component_ref idref="oc-99"/>
      </symbol>
      <symbol id="sm-49">
         <name>alif4</name>
         <value>0x2c00</value>
         <object_component_ref idref="oc-10e"/>
      </symbol>
      <symbol id="sm-4a">
         <name>ayh11</name>
         <value>0x1e20</value>
         <object_component_ref idref="oc-10f"/>
      </symbol>
      <symbol id="sm-4b">
         <name>baa13</name>
         <value>0x1380</value>
         <object_component_ref idref="oc-110"/>
      </symbol>
      <symbol id="sm-4c">
         <name>daad16</name>
         <value>0xc0</value>
         <object_component_ref idref="oc-111"/>
      </symbol>
      <symbol id="sm-4d">
         <name>daal8</name>
         <value>0x2700</value>
         <object_component_ref idref="oc-112"/>
      </symbol>
      <symbol id="sm-4e">
         <name>dhaa14</name>
         <value>0xac0</value>
         <object_component_ref idref="oc-113"/>
      </symbol>
      <symbol id="sm-4f">
         <name>dhaal8</name>
         <value>0x2800</value>
         <object_component_ref idref="oc-114"/>
      </symbol>
      <symbol id="sm-50">
         <name>faa16</name>
         <value>0x2c0</value>
         <object_component_ref idref="oc-115"/>
      </symbol>
      <symbol id="sm-51">
         <name>ghayh11</name>
         <value>0x1f80</value>
         <object_component_ref idref="oc-116"/>
      </symbol>
      <symbol id="sm-52">
         <name>haa8</name>
         <value>0x2a00</value>
         <object_component_ref idref="oc-117"/>
      </symbol>
      <symbol id="sm-53">
         <name>ha11</name>
         <value>0x20e0</value>
         <object_component_ref idref="oc-118"/>
      </symbol>
      <symbol id="sm-54">
         <name>jeem12</name>
         <value>0x1520</value>
         <object_component_ref idref="oc-119"/>
      </symbol>
      <symbol id="sm-55">
         <name>kaaf12</name>
         <value>0x16a0</value>
         <object_component_ref idref="oc-11a"/>
      </symbol>
      <symbol id="sm-56">
         <name>khaa12</name>
         <value>0x1820</value>
         <object_component_ref idref="oc-11b"/>
      </symbol>
      <symbol id="sm-57">
         <name>laam12</name>
         <value>0x19a0</value>
         <object_component_ref idref="oc-11c"/>
      </symbol>
      <symbol id="sm-58">
         <name>meem9</name>
         <value>0x23a0</value>
         <object_component_ref idref="oc-11d"/>
      </symbol>
      <symbol id="sm-59">
         <name>noon12</name>
         <value>0x1b20</value>
         <object_component_ref idref="oc-11e"/>
      </symbol>
      <symbol id="sm-5a">
         <name>qaaf12</name>
         <value>0x1ca0</value>
         <object_component_ref idref="oc-11f"/>
      </symbol>
      <symbol id="sm-5b">
         <name>raa9</name>
         <value>0x24c0</value>
         <object_component_ref idref="oc-120"/>
      </symbol>
      <symbol id="sm-5c">
         <name>saad16</name>
         <value>0x4c0</value>
         <object_component_ref idref="oc-121"/>
      </symbol>
      <symbol id="sm-5d">
         <name>seen16</name>
         <value>0x6c0</value>
         <object_component_ref idref="oc-122"/>
      </symbol>
      <symbol id="sm-5e">
         <name>sheen16</name>
         <value>0x8c0</value>
         <object_component_ref idref="oc-123"/>
      </symbol>
      <symbol id="sm-5f">
         <name>ta14</name>
         <value>0xc80</value>
         <object_component_ref idref="oc-124"/>
      </symbol>
      <symbol id="sm-60">
         <name>thaa14</name>
         <value>0xe40</value>
         <object_component_ref idref="oc-125"/>
      </symbol>
      <symbol id="sm-61">
         <name>twe14</name>
         <value>0x1000</value>
         <object_component_ref idref="oc-126"/>
      </symbol>
      <symbol id="sm-62">
         <name>waaw11</name>
         <value>0x2240</value>
         <object_component_ref idref="oc-127"/>
      </symbol>
      <symbol id="sm-63">
         <name>yaa14</name>
         <value>0x11c0</value>
         <object_component_ref idref="oc-128"/>
      </symbol>
      <symbol id="sm-64">
         <name>zaa9</name>
         <value>0x25e0</value>
         <object_component_ref idref="oc-129"/>
      </symbol>
      <symbol id="sm-65">
         <name>space8</name>
         <value>0x2b00</value>
         <object_component_ref idref="oc-12a"/>
      </symbol>
      <symbol id="sm-66">
         <name>dot8</name>
         <value>0x2900</value>
         <object_component_ref idref="oc-12b"/>
      </symbol>
      <symbol id="sm-79">
         <name>Clock_Freq</name>
         <value>0x3a41</value>
         <object_component_ref idref="oc-107"/>
      </symbol>
      <symbol id="sm-7a">
         <name>BusFreq</name>
         <value>0x202002ac</value>
         <object_component_ref idref="oc-bf"/>
      </symbol>
      <symbol id="sm-7b">
         <name>Clock_Init80MHz</name>
         <value>0x2f91</value>
         <object_component_ref idref="oc-84"/>
      </symbol>
      <symbol id="sm-7c">
         <name>Clock_Delay</name>
         <value>0x3a1f</value>
         <object_component_ref idref="oc-108"/>
      </symbol>
      <symbol id="sm-7d">
         <name>Clock_Delay1ms</name>
         <value>0x3899</value>
         <object_component_ref idref="oc-f3"/>
      </symbol>
      <symbol id="sm-8d">
         <name>Delay</name>
         <value>0x3a2f</value>
         <object_component_ref idref="oc-f1"/>
      </symbol>
      <symbol id="sm-8e">
         <name>ActivatePortA_B</name>
         <value>0x37f5</value>
         <object_component_ref idref="oc-c2"/>
      </symbol>
      <symbol id="sm-8f">
         <name>LaunchPad_Init</name>
         <value>0x359d</value>
         <object_component_ref idref="oc-89"/>
      </symbol>
      <symbol id="sm-a2">
         <name>SPI_Init</name>
         <value>0x325d</value>
         <object_component_ref idref="oc-f2"/>
      </symbol>
      <symbol id="sm-a3">
         <name>SPI_Reset</name>
         <value>0x3739</value>
         <object_component_ref idref="oc-10d"/>
      </symbol>
      <symbol id="sm-a4">
         <name>SPI_OutData</name>
         <value>0x382d</value>
         <object_component_ref idref="oc-cc"/>
      </symbol>
      <symbol id="sm-a5">
         <name>SPI_OutCommand</name>
         <value>0x36f1</value>
         <object_component_ref idref="oc-c7"/>
      </symbol>
      <symbol id="sm-d8">
         <name>ST7735_SetCursor</name>
         <value>0x38cd</value>
         <object_component_ref idref="oc-cd"/>
      </symbol>
      <symbol id="sm-d9">
         <name>ST7735_FillScreen</name>
         <value>0x3931</value>
         <object_component_ref idref="oc-93"/>
      </symbol>
      <symbol id="sm-da">
         <name>StTextColor</name>
         <value>0x202002aa</value>
         <object_component_ref idref="oc-d5"/>
      </symbol>
      <symbol id="sm-db">
         <name>StX</name>
         <value>0x202002b0</value>
         <object_component_ref idref="oc-f6"/>
      </symbol>
      <symbol id="sm-dc">
         <name>StY</name>
         <value>0x202002b4</value>
         <object_component_ref idref="oc-f7"/>
      </symbol>
      <symbol id="sm-dd">
         <name>ST7735_FillRect</name>
         <value>0x3145</value>
         <object_component_ref idref="oc-d8"/>
      </symbol>
      <symbol id="sm-de">
         <name>ST7735_InitR</name>
         <value>0x33f9</value>
         <object_component_ref idref="oc-8e"/>
      </symbol>
      <symbol id="sm-df">
         <name>ST7735_DrawBitmap</name>
         <value>0x2d81</value>
         <object_component_ref idref="oc-f9"/>
      </symbol>
      <symbol id="sm-e9">
         <name>main</name>
         <value>0x3695</value>
         <object_component_ref idref="oc-6b"/>
      </symbol>
      <symbol id="sm-ea">
         <name>Hello</name>
         <value>0x202002a3</value>
         <object_component_ref idref="oc-9a"/>
      </symbol>
      <symbol id="sm-eb">
         <name>WeAreHonoredByYourPresence</name>
         <value>0x2020029b</value>
         <object_component_ref idref="oc-9b"/>
      </symbol>
      <symbol id="sm-ec">
         <name>ArabicAlphabet</name>
         <value>0x2020027c</value>
         <object_component_ref idref="oc-9c"/>
      </symbol>
      <symbol id="sm-fd">
         <name>Default_Handler</name>
         <value>0x39ad</value>
         <object_component_ref idref="oc-35"/>
      </symbol>
      <symbol id="sm-fe">
         <name>Reset_Handler</name>
         <value>0x3a5f</value>
         <object_component_ref idref="oc-31"/>
      </symbol>
      <symbol id="sm-ff">
         <name>HardFault_Handler</name>
         <value>0x39c9</value>
         <object_component_ref idref="oc-36"/>
      </symbol>
      <symbol id="sm-100">
         <name>interruptVectors</name>
         <value>0x0</value>
         <object_component_ref idref="oc-18"/>
      </symbol>
      <symbol id="sm-101">
         <name>NMI_Handler</name>
         <value>0x39ad</value>
         <object_component_ref idref="oc-35"/>
      </symbol>
      <symbol id="sm-102">
         <name>SVC_Handler</name>
         <value>0x39ad</value>
         <object_component_ref idref="oc-35"/>
      </symbol>
      <symbol id="sm-103">
         <name>PendSV_Handler</name>
         <value>0x39ad</value>
         <object_component_ref idref="oc-35"/>
      </symbol>
      <symbol id="sm-104">
         <name>SysTick_Handler</name>
         <value>0x39ad</value>
         <object_component_ref idref="oc-35"/>
      </symbol>
      <symbol id="sm-105">
         <name>GROUP0_IRQHandler</name>
         <value>0x39ad</value>
         <object_component_ref idref="oc-35"/>
      </symbol>
      <symbol id="sm-106">
         <name>GROUP1_IRQHandler</name>
         <value>0x39ad</value>
         <object_component_ref idref="oc-35"/>
      </symbol>
      <symbol id="sm-107">
         <name>TIMG8_IRQHandler</name>
         <value>0x39ad</value>
         <object_component_ref idref="oc-35"/>
      </symbol>
      <symbol id="sm-108">
         <name>UART3_IRQHandler</name>
         <value>0x39ad</value>
         <object_component_ref idref="oc-35"/>
      </symbol>
      <symbol id="sm-109">
         <name>ADC0_IRQHandler</name>
         <value>0x39ad</value>
         <object_component_ref idref="oc-35"/>
      </symbol>
      <symbol id="sm-10a">
         <name>ADC1_IRQHandler</name>
         <value>0x39ad</value>
         <object_component_ref idref="oc-35"/>
      </symbol>
      <symbol id="sm-10b">
         <name>CANFD0_IRQHandler</name>
         <value>0x39ad</value>
         <object_component_ref idref="oc-35"/>
      </symbol>
      <symbol id="sm-10c">
         <name>DAC0_IRQHandler</name>
         <value>0x39ad</value>
         <object_component_ref idref="oc-35"/>
      </symbol>
      <symbol id="sm-10d">
         <name>SPI0_IRQHandler</name>
         <value>0x39ad</value>
         <object_component_ref idref="oc-35"/>
      </symbol>
      <symbol id="sm-10e">
         <name>SPI1_IRQHandler</name>
         <value>0x39ad</value>
         <object_component_ref idref="oc-35"/>
      </symbol>
      <symbol id="sm-10f">
         <name>UART1_IRQHandler</name>
         <value>0x39ad</value>
         <object_component_ref idref="oc-35"/>
      </symbol>
      <symbol id="sm-110">
         <name>UART2_IRQHandler</name>
         <value>0x39ad</value>
         <object_component_ref idref="oc-35"/>
      </symbol>
      <symbol id="sm-111">
         <name>UART0_IRQHandler</name>
         <value>0x39ad</value>
         <object_component_ref idref="oc-35"/>
      </symbol>
      <symbol id="sm-112">
         <name>TIMG0_IRQHandler</name>
         <value>0x39ad</value>
         <object_component_ref idref="oc-35"/>
      </symbol>
      <symbol id="sm-113">
         <name>TIMG6_IRQHandler</name>
         <value>0x39ad</value>
         <object_component_ref idref="oc-35"/>
      </symbol>
      <symbol id="sm-114">
         <name>TIMA0_IRQHandler</name>
         <value>0x39ad</value>
         <object_component_ref idref="oc-35"/>
      </symbol>
      <symbol id="sm-115">
         <name>TIMA1_IRQHandler</name>
         <value>0x39ad</value>
         <object_component_ref idref="oc-35"/>
      </symbol>
      <symbol id="sm-116">
         <name>TIMG7_IRQHandler</name>
         <value>0x39ad</value>
         <object_component_ref idref="oc-35"/>
      </symbol>
      <symbol id="sm-117">
         <name>TIMG12_IRQHandler</name>
         <value>0x39ad</value>
         <object_component_ref idref="oc-35"/>
      </symbol>
      <symbol id="sm-118">
         <name>I2C0_IRQHandler</name>
         <value>0x39ad</value>
         <object_component_ref idref="oc-35"/>
      </symbol>
      <symbol id="sm-119">
         <name>I2C1_IRQHandler</name>
         <value>0x39ad</value>
         <object_component_ref idref="oc-35"/>
      </symbol>
      <symbol id="sm-11a">
         <name>AES_IRQHandler</name>
         <value>0x39ad</value>
         <object_component_ref idref="oc-35"/>
      </symbol>
      <symbol id="sm-11b">
         <name>RTC_IRQHandler</name>
         <value>0x39ad</value>
         <object_component_ref idref="oc-35"/>
      </symbol>
      <symbol id="sm-11c">
         <name>DMA_IRQHandler</name>
         <value>0x39ad</value>
         <object_component_ref idref="oc-35"/>
      </symbol>
      <symbol id="sm-11d">
         <name>__TI_ATRegion0_src_addr</name>
         <value>0x0</value>
      </symbol>
      <symbol id="sm-11e">
         <name>__TI_ATRegion0_trg_addr</name>
         <value>0x0</value>
      </symbol>
      <symbol id="sm-11f">
         <name>__TI_ATRegion0_region_sz</name>
         <value>0x0</value>
      </symbol>
      <symbol id="sm-120">
         <name>__TI_ATRegion1_src_addr</name>
         <value>0x0</value>
      </symbol>
      <symbol id="sm-121">
         <name>__TI_ATRegion1_trg_addr</name>
         <value>0x0</value>
      </symbol>
      <symbol id="sm-122">
         <name>__TI_ATRegion1_region_sz</name>
         <value>0x0</value>
      </symbol>
      <symbol id="sm-123">
         <name>__TI_ATRegion2_src_addr</name>
         <value>0x0</value>
      </symbol>
      <symbol id="sm-124">
         <name>__TI_ATRegion2_trg_addr</name>
         <value>0x0</value>
      </symbol>
      <symbol id="sm-125">
         <name>__TI_ATRegion2_region_sz</name>
         <value>0x0</value>
      </symbol>
      <symbol id="sm-137">
         <name>abort</name>
         <value>0x3a55</value>
         <object_component_ref idref="oc-9f"/>
      </symbol>
      <symbol id="sm-144">
         <name>_sys_memory</name>
         <value>0x20200000</value>
         <object_component_ref idref="oc-2f"/>
      </symbol>
      <symbol id="sm-150">
         <name>_c_int00_noargs</name>
         <value>0x395d</value>
         <object_component_ref idref="oc-52"/>
      </symbol>
      <symbol id="sm-151">
         <name>__stack</name>
         <value>0x20207e00</value>
         <object_component_ref idref="oc-1a"/>
      </symbol>
      <symbol id="sm-15d">
         <name>__TI_auto_init_nobinit_nopinit</name>
         <value>0x37b9</value>
         <object_component_ref idref="oc-a6"/>
      </symbol>
      <symbol id="sm-165">
         <name>_system_pre_init</name>
         <value>0x3a63</value>
         <object_component_ref idref="oc-67"/>
      </symbol>
      <symbol id="sm-170">
         <name>__TI_zero_init_nomemset</name>
         <value>0x39e5</value>
         <object_component_ref idref="oc-49"/>
      </symbol>
      <symbol id="sm-179">
         <name>__TI_decompress_none</name>
         <value>0x3a0d</value>
         <object_component_ref idref="oc-20"/>
      </symbol>
      <symbol id="sm-184">
         <name>__TI_decompress_lzss</name>
         <value>0x3619</value>
         <object_component_ref idref="oc-1c"/>
      </symbol>
      <symbol id="sm-194">
         <name>HOSTexit</name>
         <value>0x3a5b</value>
         <object_component_ref idref="oc-e0"/>
      </symbol>
      <symbol id="sm-195">
         <name>C$$EXIT</name>
         <value>0x3a5a</value>
         <object_component_ref idref="oc-e0"/>
      </symbol>
      <symbol id="sm-1ab">
         <name>__aeabi_memcpy</name>
         <value>0x3a4d</value>
         <object_component_ref idref="oc-42"/>
      </symbol>
      <symbol id="sm-1ac">
         <name>__aeabi_memcpy4</name>
         <value>0x3a4d</value>
         <object_component_ref idref="oc-42"/>
      </symbol>
      <symbol id="sm-1ad">
         <name>__aeabi_memcpy8</name>
         <value>0x3a4d</value>
         <object_component_ref idref="oc-42"/>
      </symbol>
      <symbol id="sm-1b3">
         <name>__aeabi_uidiv</name>
         <value>0x3779</value>
         <object_component_ref idref="oc-109"/>
      </symbol>
      <symbol id="sm-1b4">
         <name>__aeabi_uidivmod</name>
         <value>0x3779</value>
         <object_component_ref idref="oc-109"/>
      </symbol>
      <symbol id="sm-1bf">
         <name>__aeabi_idiv0</name>
         <value>0x33f7</value>
         <object_component_ref idref="oc-12c"/>
      </symbol>
      <symbol id="sm-1c9">
         <name>TI_memcpy_small</name>
         <value>0x39fb</value>
         <object_component_ref idref="oc-7a"/>
      </symbol>
      <symbol id="sm-1ca">
         <name>__TI_static_base__</name>
         <value>0x0</value>
      </symbol>
      <symbol id="sm-1cd">
         <name>__mpu_init</name>
         <value>0x0</value>
      </symbol>
      <symbol id="sm-1ce">
         <name>_system_post_cinit</name>
         <value>0x0</value>
      </symbol>
   </symbol_table>
   <title>Link successful</title>
</link_info>
