******************************************************************************
            TI ARM Clang Linker PC v4.0.4                      
******************************************************************************
>> Linked Mon Feb 23 20:16:46 2026

OUTPUT FILE NAME:   <NotGate.out>
ENTRY POINT SYMBOL: "_c_int00_noargs"  address: 00000221


MEMORY CONFIGURATION

         name            origin    length      used     unused   attr    fill
----------------------  --------  ---------  --------  --------  ----  --------
  FLASH                 00000000   00020000  000002d0  0001fd30  R  X
  SRAM                  20200000   00008000  00000208  00007df8  RW X
  BCR_CONFIG            41c00000   00000080  00000000  00000080  R   
  BSL_CONFIG            41c00100   00000080  00000000  00000080  R   


SEGMENT ALLOCATION MAP

run origin  load origin   length   init length attrs members
----------  ----------- ---------- ----------- ----- -------
00000000    00000000    000002d0   000002d0    r-x
  00000000    00000000    000000c0   000000c0    r-- .intvecs
  000000c0    000000c0    000001f8   000001f8    r-x .text
  000002b8    000002b8    00000018   00000018    r-- .cinit
20200000    20200000    00000008   00000000    rw-
  20200000    20200000    00000008   00000000    rw- .bss
20207e00    20207e00    00000200   00000000    rw-
  20207e00    20207e00    00000200   00000000    rw- .stack


SECTION ALLOCATION MAP

 output                                  attributes/
section   page    origin      length       input sections
--------  ----  ----------  ----------   ----------------
.intvecs   0    00000000    000000c0     
                  00000000    000000c0     startup_mspm0g3507_ticlang.o (.intvecs)

.text      0    000000c0    000001f8     
                  000000c0    0000007c     LaunchPad.o (.text.LaunchPad_Init)
                  0000013c    00000044     NotGate.o (.text.main)
                  00000180    0000003c     libc.a : autoinit.c.obj (.text:__TI_auto_init_nobinit_nopinit)
                  000001bc    00000038     LaunchPad.o (.text.ActivatePortA_B)
                  000001f4    0000002c     NotGate.o (.text.Init)
                  00000220    00000028     libc.a : boot_cortex_m.c.obj (.text:_c_int00_noargs)
                  00000248    0000001c     startup_mspm0g3507_ticlang.o (.text.Default_Handler)
                  00000264    0000001c     startup_mspm0g3507_ticlang.o (.text.HardFault_Handler)
                  00000280    00000016     libc.a : copy_zero_init.c.obj (.text:decompress:ZI:__TI_zero_init_nomemset)
                  00000296    00000010     LaunchPad.o (.text.Delay)
                  000002a6    00000006     libc.a : exit.c.obj (.text:abort)
                  000002ac    00000004     libsysbm.a : hostexit.c.obj (.text.HOSTexit)
                  000002b0    00000004     startup_mspm0g3507_ticlang.o (.text.Reset_Handler)
                  000002b4    00000004     libc.a : pre_init.c.obj (.text._system_pre_init)

.cinit     0    000002b8    00000018     
                  000002b8    00000008     (.cinit..bss.load) [load image, compression = zero_init]
                  000002c0    00000004     (__TI_handler_table)
                  000002c4    00000008     (__TI_cinit_table)
                  000002cc    00000004     --HOLE-- [fill = 0]

.init_array 
*          0    00000000    00000000     UNINITIALIZED

.binit     0    00000000    00000000     

.bss       0    20200000    00000008     UNINITIALIZED
                  20200000    00000004     (.common:Input)
                  20200004    00000004     (.common:Output)

.stack     0    20207e00    00000200     UNINITIALIZED
                  20207e00    00000004     libc.a : boot_cortex_m.c.obj (.stack)
                  20207e04    000001fc     --HOLE--

__llvm_prf_cnts 
*          0    20200000    00000000     UNINITIALIZED

__llvm_prf_bits 
*          0    20200000    00000000     UNINITIALIZED

MODULE SUMMARY

       Module                         code   ro data   rw data
       ------                         ----   -------   -------
    .\
       LaunchPad.o                    196    0         0      
       NotGate.o                      112    0         8      
    +--+------------------------------+------+---------+---------+
       Total:                         308    0         8      
                                                              
    .\ticlang\
       startup_mspm0g3507_ticlang.o   60     192       0      
    +--+------------------------------+------+---------+---------+
       Total:                         60     192       0      
                                                              
    C:\TI\ccs2040\ccs\tools\compiler\ti-cgt-armllvm_4.0.4.LTS\lib\armv6m-ti-none-eabi/c/libc.a
       autoinit.c.obj                 60     0         0      
       boot_cortex_m.c.obj            40     0         0      
       copy_zero_init.c.obj           22     0         0      
       exit.c.obj                     6      0         0      
       pre_init.c.obj                 4      0         0      
    +--+------------------------------+------+---------+---------+
       Total:                         132    0         0      
                                                              
    C:\TI\ccs2040\ccs\tools\compiler\ti-cgt-armllvm_4.0.4.LTS\lib\armv6m-ti-none-eabi/c/libsysbm.a
       hostexit.c.obj                 4      0         0      
    +--+------------------------------+------+---------+---------+
       Total:                         4      0         0      
                                                              
       Stack:                         0      0         512    
       Linker Generated:              0      20        0      
    +--+------------------------------+------+---------+---------+
       Grand Total:                   504    212       520    


LINKER GENERATED COPY TABLES

__TI_cinit_table @ 000002c4 records: 1, size/record: 8, table size: 8
	.bss: load addr=000002b8, load size=00000008 bytes, run addr=20200000, run size=00000008 bytes, compression=zero_init


LINKER GENERATED HANDLER TABLE

__TI_handler_table @ 000002c0 records: 1, size/record: 4, table size: 4
	index: 0, handler: __TI_zero_init


GLOBAL SYMBOLS: SORTED ALPHABETICALLY BY Name 

address   name                          
-------   ----                          
00000249  ADC0_IRQHandler               
00000249  ADC1_IRQHandler               
00000249  AES_IRQHandler                
000001bd  ActivatePortA_B               
000002ac  C$$EXIT                       
00000249  CANFD0_IRQHandler             
00000249  DAC0_IRQHandler               
00000249  DMA_IRQHandler                
00000249  Default_Handler               
00000297  Delay                         
00000249  GROUP0_IRQHandler             
00000249  GROUP1_IRQHandler             
000002ad  HOSTexit                      
00000265  HardFault_Handler             
00000249  I2C0_IRQHandler               
00000249  I2C1_IRQHandler               
000001f5  Init                          
20200000  Input                         
000000c1  LaunchPad_Init                
00000249  NMI_Handler                   
20200004  Output                        
00000249  PendSV_Handler                
00000249  RTC_IRQHandler                
000002b1  Reset_Handler                 
00000249  SPI0_IRQHandler               
00000249  SPI1_IRQHandler               
00000249  SVC_Handler                   
00000249  SysTick_Handler               
00000249  TIMA0_IRQHandler              
00000249  TIMA1_IRQHandler              
00000249  TIMG0_IRQHandler              
00000249  TIMG12_IRQHandler             
00000249  TIMG6_IRQHandler              
00000249  TIMG7_IRQHandler              
00000249  TIMG8_IRQHandler              
00000249  UART0_IRQHandler              
00000249  UART1_IRQHandler              
00000249  UART2_IRQHandler              
00000249  UART3_IRQHandler              
20208000  __STACK_END                   
00000200  __STACK_SIZE                  
00000000  __TI_ATRegion0_region_sz      
00000000  __TI_ATRegion0_src_addr       
00000000  __TI_ATRegion0_trg_addr       
00000000  __TI_ATRegion1_region_sz      
00000000  __TI_ATRegion1_src_addr       
00000000  __TI_ATRegion1_trg_addr       
00000000  __TI_ATRegion2_region_sz      
00000000  __TI_ATRegion2_src_addr       
00000000  __TI_ATRegion2_trg_addr       
000002c4  __TI_CINIT_Base               
000002cc  __TI_CINIT_Limit              
000002cc  __TI_CINIT_Warm               
000002c0  __TI_Handler_Table_Base       
000002c4  __TI_Handler_Table_Limit      
00000181  __TI_auto_init_nobinit_nopinit
ffffffff  __TI_pprof_out_hndl           
ffffffff  __TI_prof_data_size           
ffffffff  __TI_prof_data_start          
00000000  __TI_static_base__            
00000281  __TI_zero_init_nomemset       
ffffffff  __binit__                     
UNDEFED   __mpu_init                    
20207e00  __stack                       
20200000  __start___llvm_prf_bits       
20200000  __start___llvm_prf_cnts       
20200000  __stop___llvm_prf_bits        
20200000  __stop___llvm_prf_cnts        
00000221  _c_int00_noargs               
UNDEFED   _system_post_cinit            
000002b5  _system_pre_init              
000002a7  abort                         
ffffffff  binit                         
00000000  interruptVectors              
0000013d  main                          


GLOBAL SYMBOLS: SORTED BY Symbol Address 

address   name                          
-------   ----                          
00000000  __TI_ATRegion0_region_sz      
00000000  __TI_ATRegion0_src_addr       
00000000  __TI_ATRegion0_trg_addr       
00000000  __TI_ATRegion1_region_sz      
00000000  __TI_ATRegion1_src_addr       
00000000  __TI_ATRegion1_trg_addr       
00000000  __TI_ATRegion2_region_sz      
00000000  __TI_ATRegion2_src_addr       
00000000  __TI_ATRegion2_trg_addr       
00000000  __TI_static_base__            
00000000  interruptVectors              
000000c1  LaunchPad_Init                
0000013d  main                          
00000181  __TI_auto_init_nobinit_nopinit
000001bd  ActivatePortA_B               
000001f5  Init                          
00000200  __STACK_SIZE                  
00000221  _c_int00_noargs               
00000249  ADC0_IRQHandler               
00000249  ADC1_IRQHandler               
00000249  AES_IRQHandler                
00000249  CANFD0_IRQHandler             
00000249  DAC0_IRQHandler               
00000249  DMA_IRQHandler                
00000249  Default_Handler               
00000249  GROUP0_IRQHandler             
00000249  GROUP1_IRQHandler             
00000249  I2C0_IRQHandler               
00000249  I2C1_IRQHandler               
00000249  NMI_Handler                   
00000249  PendSV_Handler                
00000249  RTC_IRQHandler                
00000249  SPI0_IRQHandler               
00000249  SPI1_IRQHandler               
00000249  SVC_Handler                   
00000249  SysTick_Handler               
00000249  TIMA0_IRQHandler              
00000249  TIMA1_IRQHandler              
00000249  TIMG0_IRQHandler              
00000249  TIMG12_IRQHandler             
00000249  TIMG6_IRQHandler              
00000249  TIMG7_IRQHandler              
00000249  TIMG8_IRQHandler              
00000249  UART0_IRQHandler              
00000249  UART1_IRQHandler              
00000249  UART2_IRQHandler              
00000249  UART3_IRQHandler              
00000265  HardFault_Handler             
00000281  __TI_zero_init_nomemset       
00000297  Delay                         
000002a7  abort                         
000002ac  C$$EXIT                       
000002ad  HOSTexit                      
000002b1  Reset_Handler                 
000002b5  _system_pre_init              
000002c0  __TI_Handler_Table_Base       
000002c4  __TI_CINIT_Base               
000002c4  __TI_Handler_Table_Limit      
000002cc  __TI_CINIT_Limit              
000002cc  __TI_CINIT_Warm               
20200000  Input                         
20200000  __start___llvm_prf_bits       
20200000  __start___llvm_prf_cnts       
20200000  __stop___llvm_prf_bits        
20200000  __stop___llvm_prf_cnts        
20200004  Output                        
20207e00  __stack                       
20208000  __STACK_END                   
ffffffff  __TI_pprof_out_hndl           
ffffffff  __TI_prof_data_size           
ffffffff  __TI_prof_data_start          
ffffffff  __binit__                     
ffffffff  binit                         
UNDEFED   __mpu_init                    
UNDEFED   _system_post_cinit            

[75 symbols]
