******************************************************************************
            TI ARM Clang Linker PC v4.0.4                      
******************************************************************************
>> Linked Tue Mar 31 12:35:44 2026

OUTPUT FILE NAME:   <ECE319K_Lab7H.out>
ENTRY POINT SYMBOL: "_c_int00_noargs"  address: 0000244d


MEMORY CONFIGURATION

         name            origin    length      used     unused   attr    fill
----------------------  --------  ---------  --------  --------  ----  --------
  FLASH                 00000000   00020000  00002d00  0001d300  R  X
  SRAM                  20200000   00008000  000007f0  00007810  RW X
  BCR_CONFIG            41c00000   00000080  00000000  00000080  R   
  BSL_CONFIG            41c00100   00000080  00000000  00000080  R   


SEGMENT ALLOCATION MAP

run origin  load origin   length   init length attrs members
----------  ----------- ---------- ----------- ----- -------
00000000    00000000    00002d00   00002d00    r-x
  00000000    00000000    000000c0   000000c0    r-- .intvecs
  000000c0    000000c0    000025f0   000025f0    r-x .text
  000026b0    000026b0    000005b0   000005b0    r-- .rodata
  00002c60    00002c60    00000008   00000008    r-- .init_array
  00002c68    00002c68    00000098   00000098    r-- .cinit
20200000    20200000    000005f3   00000000    rw-
  20200000    20200000    00000200   00000000    rw- .sysmem
  20200200    20200200    000001fd   00000000    rw- .data
  20200400    20200400    000001f3   00000000    rw- .bss
20207e00    20207e00    00000200   00000000    rw-
  20207e00    20207e00    00000200   00000000    rw- .stack


SECTION ALLOCATION MAP

 output                                  attributes/
section   page    origin      length       input sections
--------  ----  ----------  ----------   ----------------
.intvecs   0    00000000    000000c0     
                  00000000    000000c0     startup_mspm0g3507_ticlang.o (.intvecs)

.binit     0    00000000    00000000     

.text      0    000000c0    000025f0     
                  000000c0    000001b4     Clock.o (.text._Z15Clock_Init80MHzi)
                  00000274    000001a0     ST7735.o (.text._Z16ST7735_DrawCharSsscssh)
                  00000414    00000154     libc.a : fopen.c.obj (.text._openfile)
                  00000568    00000128     TExaS.o (.text._Z8ADC_InitP10ADC12_Regsjj)
                  00000690    00000118     ST7735.o (.text._Z15ST7735_FillRectsssst)
                  000007a8    00000114     libc.a : memory.c.obj (.text.aligned_alloc)
                  000008bc    00000108     Lab7HMain.o (.text.main)
                  000009c4    000000f8     SPI.o (.text._Z8SPI_Initv)
                  00000abc    000000ec     libsysbm.a : add_device.c.obj (.text.add_device)
                  00000ba8    000000e8     TExaS.o (.text._Z9UART_Initv)
                  00000c90    000000e8     libc.a : memory.c.obj (.text.free)
                  00000d78    000000e0            : setvbuf.c.obj (.text.setvbuf)
                  00000e58    000000d0     ST7735.o (.text._Z14ST7735_OutCharc)
                  00000f28    000000cc     ST7735.o (.text._Z16ST7735_PlotPointi)
                  00000ff4    000000b0     ST7735.o (.text._Z20ST7735_DrawFastVLinessst)
                  000010a4    000000a8     Timer.o (.text._Z14TimerG7_IntArmtjj)
                  0000114c    000000a2     ST7735.o (.text._ZL11commandListPKh)
                  000011ee    00000002     libclang_rt.builtins.a : aeabi_div0.c.obj (.text.__aeabi_idiv0)
                  000011f0    000000a0     ST7735.o (.text._Z17ST7735_InitPrintf10initRFlags)
                  00001290    000000a0     libsysbm.a : open.c.obj (.text.open)
                  00001330    00000098     ST7735.o (.text._Z12ST7735_InitR10initRFlags)
                  000013c8    00000094     Timer.o (.text._Z15TimerG12_IntArmjj)
                  0000145c    00000088     ST7735.o (.text._ZL13setAddrWindowhhhh)
                  000014e4    0000000c     Clock.o (.text._Z10Clock_Freqv)
                  000014f0    00000088     libc.a : strcmp-armv6m.S.obj (.text:strcmp)
                  00001578    00000084     ST7735.o (.text._Z17ST7735_DrawStringttPcs)
                  000015fc    0000007c     LaunchPad.o (.text._Z14LaunchPad_Initv)
                  00001678    0000007c     SlidePot.o (.text._ZN8SlidePot4InitEv)
                  000016f4    0000007c     libc.a : fclose.c.obj (.text.__TI_closefile)
                  00001770    0000007c            : copy_decompress_lzss.c.obj (.text:decompress:lzss)
                  000017ec    00000074     ST7735.o (.text._Z16ST7735_PlotClearii)
                  00001860    00000070     ST7735.o (.text._Z16ST7735_DrawPixelsst)
                  000018d0    0000006c     libsysbm.a : hostlseek.c.obj (.text.HOSTlseek)
                  0000193c    0000006c                : hostrename.c.obj (.text.HOSTrename)
                  000019a8    0000006c     libc.a : getdevice.c.obj (.text.getdevice)
                  00001a14    00000064            : memory.c.obj (.text.split)
                  00001a78    00000060     libsysbm.a : hostopen.c.obj (.text.HOSTopen)
                  00001ad8    00000060     Timer.o (.text._Z13TimerG12_Initv)
                  00001b38    00000058     libsysbm.a : hostread.c.obj (.text.HOSTread)
                  00001b90    00000058                : hostwrite.c.obj (.text.HOSTwrite)
                  00001be8    00000058     TExaS.o (.text._Z10TExaS_InitP10ADC12_RegsjPFhvE)
                  00001c40    00000058     Lab7HMain.o (.text._Z6OutFixj)
                  00001c98    00000056     libclang_rt.builtins.a : aeabi_idivmod.S.obj (.text.__aeabi_idivmod)
                  00001cee    00000002     libc.a : _lock.c.obj (.text._nop)
                  00001cf0    00000054     Lab7HMain.o (.text.TIMG12_IRQHandler)
                  00001d44    00000054     libc.a : autoinit.c.obj (.text:__TI_auto_init_nobinit)
                  00001d98    00000052            : fflush.c.obj (.text.__TI_doflush)
                  00001dea    00000002     --HOLE-- [fill = 0]
                  00001dec    00000050     libsysbm.a : close.c.obj (.text.close)
                  00001e3c    00000048                : hostclose.c.obj (.text.HOSTclose)
                  00001e84    00000048                : hostunlink.c.obj (.text.HOSTunlink)
                  00001ecc    00000048     SPI.o (.text._Z14SPI_OutCommandc)
                  00001f14    00000048     ST7735.o (.text._Z20ST7735_PlotNextErasev)
                  00001f5c    00000048     SlidePot.o (.text._ZN8SlidePot2InEv)
                  00001fa4    00000040     TExaS.o (.text.TIMG7_IRQHandler)
                  00001fe4    00000040     SPI.o (.text._Z9SPI_Resetv)
                  00002024    00000040     libclang_rt.builtins.a : aeabi_uidivmod.S.obj (.text.__aeabi_uidivmod)
                  00002064    00000040     libc.a : fopen.c.obj (.text._search_fp)
                  000020a4    00000038     SPI.o (.text._Z11SPI_OutDatac)
                  000020dc    00000038     LaunchPad.o (.text._Z15ActivatePortA_Bv)
                  00002114    00000034     ST7735.o (.text._Z12ST7735_writeiPKcj)
                  00002148    00000034     Clock.o (.text._Z14Clock_Delay1msj)
                  0000217c    00000034     ST7735.o (.text._Z16ST7735_SetCursorjj)
                  000021b0    00000034     libc.a : fopen.c.obj (.text.__TI_cleanup)
                  000021e4    00000034     libsysbm.a : trgmsg.c.obj (.text.__TI_readmsg)
                  00002218    00000034                : trgmsg.c.obj (.text.__TI_writemsg)
                  0000224c    00000034     libc.a : exit.c.obj (.text.exit)
                  00002280    00000034            : getdevice.c.obj (.text.finddevice)
                  000022b4    00000034            : fopen.c.obj (.text.freopen)
                  000022e8    00000032     ST7735.o (.text._Z15ST7735_Color565hhh)
                  0000231a    00000002     --HOLE-- [fill = 0]
                  0000231c    00000030     ST7735.o (.text._ZL10commonInitPKh)
                  0000234c    00000030     libc.a : fopen.c.obj (.text.fopen)
                  0000237c    0000002c     ST7735.o (.text._Z17ST7735_FillScreent)
                  000023a8    0000002c     libsysbm.a : unlink.c.obj (.text.unlink)
                  000023d4    00000028     TExaS.o (.text._Z9ADC_StartP10ADC12_Regs)
                  000023fc    00000028     libc.a : memory.c.obj (.text.free_list_insert)
                  00002424    00000028     libsysbm.a : write.c.obj (.text.write)
                  0000244c    00000028     libc.a : boot_cortex_m.c.obj (.text:_c_int00_noargs)
                  00002474    00000020     SlidePot.o (.text._ZN8SlidePot4SyncEv)
                  00002494    0000001e     ST7735.o (.text._ZL9pushColort)
                  000024b2    00000002     --HOLE-- [fill = 0]
                  000024b4    0000001c     startup_mspm0g3507_ticlang.o (.text.Default_Handler)
                  000024d0    0000001c     startup_mspm0g3507_ticlang.o (.text.HardFault_Handler)
                  000024ec    0000001c     libc.a : memory.c.obj (.text.free_list_remove)
                  00002508    0000001a     SlidePot.o (.text._ZN8SlidePot8DistanceEv)
                  00002522    0000001a     SlidePot.o (.text._ZN8SlidePotC2Ejj)
                  0000253c    00000018     Lab7HMain.o (.text.__cxx_global_var_init)
                  00002554    00000016     ST7735.o (.text._Z11ST7735_openPKcji)
                  0000256a    00000016     ST7735.o (.text._Z11ST7735_readiPcj)
                  00002580    00000016     libc.a : copy_zero_init.c.obj (.text:decompress:ZI:__TI_zero_init_nomemset)
                  00002596    00000014     SlidePot.o (.text._ZN8SlidePot4SaveEj)
                  000025aa    00000012     libc.a : memcpy16.S.obj (.text:TI_memcpy_small)
                  000025bc    00000012            : copy_decompress_none.c.obj (.text:decompress:none)
                  000025ce    00000010     Clock.o (.text._Z11Clock_Delayj)
                  000025de    00000002     --HOLE-- [fill = 0]
                  000025e0    00000010     Lab7HMain.o (.text._Z28TExaS_LaunchPadLogicPB27PB26v)
                  000025f0    0000000e     libc.a : memory.c.obj (.text.OUTLINED_FUNCTION_0)
                  000025fe    0000000e     ST7735.o (.text._Z12ST7735_lseekili)
                  0000260c    0000000e     libsysbm.a : hostrename.c.obj (.text.strcpy)
                  0000261a    0000000e                : hostrename.c.obj (.text.strlen)
                  00002628    0000000e     libc.a : memset16.S.obj (.text:TI_memset_small)
                  00002636    0000000c     ST7735.o (.text._Z13ST7735_renamePKcS0_)
                  00002642    00000002     --HOLE-- [fill = 0]
                  00002644    0000000c     libclang_rt.builtins.a : aeabi_memset.S.obj (.text.__aeabi_memclr)
                  00002650    0000000c     libc.a : memory.c.obj (.text.malloc)
                  0000265c    0000000a     ST7735.o (.text._Z12ST7735_closei)
                  00002666    0000000a     ST7735.o (.text._Z13ST7735_unlinkPKc)
                  00002670    0000000a     Lab7HMain.o (.text._Z8PLL_Initv)
                  0000267a    00000008     Lab7HMain.o (.text._GLOBAL__sub_I_Lab7HMain.cpp)
                  00002682    00000002     --HOLE-- [fill = 0]
                  00002684    00000008     libclang_rt.builtins.a : aeabi_memcpy.S.obj (.text.__aeabi_memcpy)
                  0000268c    00000008     libsysbm.a : remove.c.obj (.text.remove)
                  00002694    00000006     libc.a : exit.c.obj (.text:abort)
                  0000269a    00000004     libsysbm.a : hostexit.c.obj (.text.HOSTexit)
                  0000269e    00000004     startup_mspm0g3507_ticlang.o (.text.Reset_Handler)
                  000026a2    00000004     libc.a : pre_init.c.obj (.text._system_pre_init)
                  000026a6    0000000a     --HOLE-- [fill = 0]

.cinit     0    00002c68    00000098     
                  00002c68    0000006e     (.cinit..data.load) [load image, compression = lzss]
                  00002cd6    00000002     --HOLE-- [fill = 0]
                  00002cd8    0000000c     (__TI_handler_table)
                  00002ce4    00000008     (.cinit..bss.load) [load image, compression = zero_init]
                  00002cec    00000010     (__TI_cinit_table)
                  00002cfc    00000004     --HOLE-- [fill = 0]

.rodata    0    000026b0    000005b0     
                  000026b0    000004fb     ST7735.o (.rodata._ZL4Font)
                  00002bab    0000003b     ST7735.o (.rodata._ZL5Rcmd1)
                  00002be6    0000002b     ST7735.o (.rodata._ZL5Rcmd3)
                  00002c11    00000016     ST7735.o (.rodata.str1.14736978382213673245.1)
                  00002c27    0000000d     ST7735.o (.rodata._ZL10Rcmd2green)
                  00002c34    0000000d     ST7735.o (.rodata._ZL8Rcmd2red)
                  00002c41    00000008     ST7735.o (.rodata.str1.7209918599617305731.1)
                  00002c49    00000007     ST7735.o (.rodata.str1.10208736415454880443.1)
                  00002c50    00000007     ST7735.o (.rodata.str1.8723687351022562626.1)
                  00002c57    00000002     ST7735.o (.rodata.str1.18358205720993799461.1)
                  00002c59    00000007     --HOLE-- [fill = 0]

.init_array 
*          0    00002c60    00000008     
                  00002c60    00000004     Lab7HMain.o (.init_array)
                  00002c64    00000004     --HOLE-- [fill = 0]

.sysmem    0    20200000    00000200     UNINITIALIZED
                  20200000    00000010     libc.a : memory.c.obj (.sysmem)
                  20200010    000001f0     --HOLE--

.data      0    20200200    000001fd     UNINITIALIZED
                  20200200    000000f0     libc.a : defs.c.obj (.data._ftable)
                  202002f0    00000078     libsysbm.a : host_device.c.obj (.data._device)
                  20200368    00000050                : host_device.c.obj (.data._stream)
                  202003b8    00000014     Lab7HMain.o (.data.Sensor)
                  202003cc    00000008     libc.a : exit.c.obj (.data..L_MergedGlobals)
                  202003d4    00000004     Clock.o (.data.BusFreq)
                  202003d8    00000004     ST7735.o (.data.StX)
                  202003dc    00000004     ST7735.o (.data.StY)
                  202003e0    00000004     libc.a : defs.c.obj (.data.__TI_ft_end)
                  202003e4    00000004            : _lock.c.obj (.data._lock)
                  202003e8    00000004            : _lock.c.obj (.data._unlock)
                  202003ec    00000002     ST7735.o (.data.StTextColor)
                  202003ee    00000002     ST7735.o (.data._ZL6_width)
                  202003f0    00000002     ST7735.o (.data._ZL7_height)
                  202003f2    00000002     --HOLE--
                  202003f4    00000001     libsysbm.a : add_device.c.obj (.data.add_device.device_init)
                  202003f5    00000003     --HOLE--
                  202003f8    00000001     libc.a : memory.c.obj (.data.memory_is_initialized)
                  202003f9    00000003     --HOLE--
                  202003fc    00000001     libsysbm.a : open.c.obj (.data.open.stream_init)

.bss       0    20200400    000001f3     UNINITIALIZED
                  20200400    00000120     libsysbm.a : trgmsg.c.obj (.bss:_CIOBUF_)
                  20200520    000000a0     libc.a : defs.c.obj (.bss.__TI_tmpnams)
                  202005c0    00000008     libsysbm.a : hostopen.c.obj (.bss.parmbuf)
                  202005c8    00000004     Lab7HMain.o (.bss.Position)
                  202005cc    00000004     Lab7HMain.o (.bss.ST7735_Time)
                  202005d0    00000004     TExaS.o (.bss.TExaSLogic)
                  202005d4    00000004     TExaS.o (.bss.TExaSadc)
                  202005d8    00000004     Lab7HMain.o (.bss.Time)
                  202005dc    00000004     ST7735.o (.bss.X)
                  202005e0    00000004     ST7735.o (.bss.Ymax)
                  202005e4    00000004     ST7735.o (.bss.Ymin)
                  202005e8    00000004     ST7735.o (.bss.Yrange)
                  202005ec    00000004     libc.a : memory.c.obj (.bss.sys_free)
                  202005f0    00000001     ST7735.o (.bss._ZL8ColStart)
                  202005f1    00000001     ST7735.o (.bss._ZL8RowStart)
                  202005f2    00000001     ST7735.o (.bss._ZL8TabColor)

.stack     0    20207e00    00000200     UNINITIALIZED
                  20207e00    00000004     libc.a : boot_cortex_m.c.obj (.stack)
                  20207e04    000001fc     --HOLE--

__llvm_prf_cnts 
*          0    20200000    00000000     UNINITIALIZED

__llvm_prf_bits 
*          0    20200000    00000000     UNINITIALIZED

MODULE SUMMARY

       Module                         code   ro data   rw data
       ------                         ----   -------   -------
    .\
       ST7735.o                       2692   1449      33     
       TExaS.o                        720    0         8      
       Lab7HMain.o                    494    4         32     
       Clock.o                        516    0         4      
       SPI.o                          440    0         0      
       Timer.o                        412    0         0      
       SlidePot.o                     300    0         0      
       LaunchPad.o                    180    0         0      
    +--+------------------------------+------+---------+---------+
       Total:                         5754   1453      77     
                                                              
    .\ticlang\
       startup_mspm0g3507_ticlang.o   60     192       0      
    +--+------------------------------+------+---------+---------+
       Total:                         60     192       0      
                                                              
    C:\TI\ccs2040\ccs\tools\compiler\ti-cgt-armllvm_4.0.4.LTS\lib\armv6m-ti-none-eabi/c/libc.a
       memory.c.obj                   702    0         5      
       fopen.c.obj                    556    0         0      
       defs.c.obj                     0      0         404    
       setvbuf.c.obj                  224    0         0      
       getdevice.c.obj                160    0         0      
       strcmp-armv6m.S.obj            136    0         0      
       copy_decompress_lzss.c.obj     124    0         0      
       fclose.c.obj                   124    0         0      
       autoinit.c.obj                 84     0         0      
       fflush.c.obj                   82     0         0      
       exit.c.obj                     58     0         8      
       boot_cortex_m.c.obj            40     0         0      
       copy_zero_init.c.obj           22     0         0      
       copy_decompress_none.c.obj     18     0         0      
       memcpy16.S.obj                 18     0         0      
       memset16.S.obj                 14     0         0      
       _lock.c.obj                    2      0         8      
       pre_init.c.obj                 4      0         0      
    +--+------------------------------+------+---------+---------+
       Total:                         2368   0         425    
                                                              
    C:\TI\ccs2040\ccs\tools\compiler\ti-cgt-armllvm_4.0.4.LTS\lib\armv6m-ti-none-eabi/c/libsysbm.a
       trgmsg.c.obj                   104    0         288    
       add_device.c.obj               236    0         1      
       host_device.c.obj              0      0         200    
       open.c.obj                     160    0         1      
       hostrename.c.obj               136    0         0      
       hostlseek.c.obj                108    0         0      
       hostopen.c.obj                 96     0         8      
       hostread.c.obj                 88     0         0      
       hostwrite.c.obj                88     0         0      
       close.c.obj                    80     0         0      
       hostclose.c.obj                72     0         0      
       hostunlink.c.obj               72     0         0      
       unlink.c.obj                   44     0         0      
       write.c.obj                    40     0         0      
       remove.c.obj                   8      0         0      
       hostexit.c.obj                 4      0         0      
    +--+------------------------------+------+---------+---------+
       Total:                         1336   0         498    
                                                              
    C:\TI\ccs2040\ccs\tools\compiler\ti-cgt-armllvm_4.0.4.LTS\lib\armv6m-ti-none-eabi/libclang_rt.builtins.a
       aeabi_idivmod.S.obj            86     0         0      
       aeabi_uidivmod.S.obj           64     0         0      
       aeabi_memset.S.obj             12     0         0      
       aeabi_memcpy.S.obj             8      0         0      
       aeabi_div0.c.obj               2      0         0      
    +--+------------------------------+------+---------+---------+
       Total:                         172    0         0      
                                                              
       Heap:                          0      0         512    
       Stack:                         0      0         512    
       Linker Generated:              0      146       0      
    +--+------------------------------+------+---------+---------+
       Grand Total:                   9690   1791      2024   


LINKER GENERATED COPY TABLES

__TI_cinit_table @ 00002cec records: 2, size/record: 8, table size: 16
	.data: load addr=00002c68, load size=0000006e bytes, run addr=20200200, run size=000001fd bytes, compression=lzss
	.bss: load addr=00002ce4, load size=00000008 bytes, run addr=20200400, run size=000001f3 bytes, compression=zero_init


LINKER GENERATED HANDLER TABLE

__TI_handler_table @ 00002cd8 records: 3, size/record: 4, table size: 12
	index: 0, handler: __TI_decompress_lzss
	index: 1, handler: __TI_decompress_none
	index: 2, handler: __TI_zero_init


GLOBAL SYMBOLS: SORTED ALPHABETICALLY BY Name 

address   name                             
-------   ----                             
000024b5  ADC0_IRQHandler                  
000024b5  ADC1_IRQHandler                  
000024b5  AES_IRQHandler                   
202003d4  BusFreq                          
0000269a  C$$EXIT                          
00002245  C$$IO$$                          
000024b5  CANFD0_IRQHandler                
000024b5  DAC0_IRQHandler                  
000024b5  DMA_IRQHandler                   
000024b5  Default_Handler                  
000024b5  GROUP0_IRQHandler                
000024b5  GROUP1_IRQHandler                
00001e3d  HOSTclose                        
0000269b  HOSTexit                         
000018d1  HOSTlseek                        
00001a79  HOSTopen                         
00001b39  HOSTread                         
0000193d  HOSTrename                       
00001e85  HOSTunlink                       
00001b91  HOSTwrite                        
000024d1  HardFault_Handler                
000024b5  I2C0_IRQHandler                  
000024b5  I2C1_IRQHandler                  
000024b5  NMI_Handler                      
000024b5  PendSV_Handler                   
202005c8  Position                         
000024b5  RTC_IRQHandler                   
0000269f  Reset_Handler                    
00002c60  SHT$$INIT_ARRAY$$Base            
00002c64  SHT$$INIT_ARRAY$$Limit           
000024b5  SPI0_IRQHandler                  
000024b5  SPI1_IRQHandler                  
202005cc  ST7735_Time                      
000024b5  SVC_Handler                      
202003b8  Sensor                           
202003ec  StTextColor                      
202003d8  StX                              
202003dc  StY                              
000024b5  SysTick_Handler                  
202005d0  TExaSLogic                       
202005d4  TExaSadc                         
000024b5  TIMA0_IRQHandler                 
000024b5  TIMA1_IRQHandler                 
000024b5  TIMG0_IRQHandler                 
00001cf1  TIMG12_IRQHandler                
000024b5  TIMG6_IRQHandler                 
00001fa5  TIMG7_IRQHandler                 
000024b5  TIMG8_IRQHandler                 
000025ab  TI_memcpy_small                  
00002629  TI_memset_small                  
202005d8  Time                             
000024b5  UART0_IRQHandler                 
000024b5  UART1_IRQHandler                 
000024b5  UART2_IRQHandler                 
000024b5  UART3_IRQHandler                 
202005dc  X                                
202005e0  Ymax                             
202005e4  Ymin                             
202005e8  Yrange                           
20200400  _CIOBUF_                         
000014e5  _Z10Clock_Freqv                  
00001be9  _Z10TExaS_InitP10ADC12_RegsjPFhvE
000025cf  _Z11Clock_Delayj                 
000020a5  _Z11SPI_OutDatac                 
00002555  _Z11ST7735_openPKcji             
0000256b  _Z11ST7735_readiPcj              
00001331  _Z12ST7735_InitR10initRFlags     
0000265d  _Z12ST7735_closei                
000025ff  _Z12ST7735_lseekili              
00002115  _Z12ST7735_writeiPKcj            
00002637  _Z13ST7735_renamePKcS0_          
00002667  _Z13ST7735_unlinkPKc             
00001ad9  _Z13TimerG12_Initv               
00002149  _Z14Clock_Delay1msj              
000015fd  _Z14LaunchPad_Initv              
00001ecd  _Z14SPI_OutCommandc              
00000e59  _Z14ST7735_OutCharc              
000010a5  _Z14TimerG7_IntArmtjj            
000020dd  _Z15ActivatePortA_Bv             
000000c1  _Z15Clock_Init80MHzi             
000022e9  _Z15ST7735_Color565hhh           
00000691  _Z15ST7735_FillRectsssst         
000013c9  _Z15TimerG12_IntArmjj            
00000275  _Z16ST7735_DrawCharSsscssh       
00001861  _Z16ST7735_DrawPixelsst          
000017ed  _Z16ST7735_PlotClearii           
00000f29  _Z16ST7735_PlotPointi            
0000217d  _Z16ST7735_SetCursorjj           
00001579  _Z17ST7735_DrawStringttPcs       
0000237d  _Z17ST7735_FillScreent           
000011f1  _Z17ST7735_InitPrintf10initRFlags
00000ff5  _Z20ST7735_DrawFastVLinessst     
00001f15  _Z20ST7735_PlotNextErasev        
000025e1  _Z28TExaS_LaunchPadLogicPB27PB26v
00001c41  _Z6OutFixj                       
00000569  _Z8ADC_InitP10ADC12_Regsjj       
00002671  _Z8PLL_Initv                     
000009c5  _Z8SPI_Initv                     
000023d5  _Z9ADC_StartP10ADC12_Regs        
00001fe5  _Z9SPI_Resetv                    
00000ba9  _Z9UART_Initv                    
00001f5d  _ZN8SlidePot2InEv                
00001679  _ZN8SlidePot4InitEv              
00002597  _ZN8SlidePot4SaveEj              
00002475  _ZN8SlidePot4SyncEv              
00002509  _ZN8SlidePot8DistanceEv          
00002523  _ZN8SlidePotC1Ejj                
00002523  _ZN8SlidePotC2Ejj                
20200400  __CIOBUF_                        
20208000  __STACK_END                      
00000200  __STACK_SIZE                     
00000200  __SYSMEM_SIZE                    
00000000  __TI_ATRegion0_region_sz         
00000000  __TI_ATRegion0_src_addr          
00000000  __TI_ATRegion0_trg_addr          
00000000  __TI_ATRegion1_region_sz         
00000000  __TI_ATRegion1_src_addr          
00000000  __TI_ATRegion1_trg_addr          
00000000  __TI_ATRegion2_region_sz         
00000000  __TI_ATRegion2_src_addr          
00000000  __TI_ATRegion2_trg_addr          
00002cec  __TI_CINIT_Base                  
00002cfc  __TI_CINIT_Limit                 
00002cfc  __TI_CINIT_Warm                  
00002cd8  __TI_Handler_Table_Base          
00002ce4  __TI_Handler_Table_Limit         
00001d45  __TI_auto_init_nobinit           
000021b1  __TI_cleanup                     
202003cc  __TI_cleanup_ptr                 
000016f5  __TI_closefile                   
00001771  __TI_decompress_lzss             
000025bd  __TI_decompress_none             
00001d99  __TI_doflush                     
202003d0  __TI_dtors_ptr                   
202003e0  __TI_ft_end                      
ffffffff  __TI_pprof_out_hndl              
ffffffff  __TI_prof_data_size              
ffffffff  __TI_prof_data_start             
000021e5  __TI_readmsg                     
00000000  __TI_static_base__               
20200520  __TI_tmpnams                     
00002219  __TI_writemsg                    
00002581  __TI_zero_init_nomemset          
00001c99  __aeabi_idiv                     
000011ef  __aeabi_idiv0                    
00001c99  __aeabi_idivmod                  
00002645  __aeabi_memclr                   
00002645  __aeabi_memclr4                  
00002645  __aeabi_memclr8                  
00002685  __aeabi_memcpy                   
00002685  __aeabi_memcpy4                  
00002685  __aeabi_memcpy8                  
00002025  __aeabi_uidiv                    
00002025  __aeabi_uidivmod                 
ffffffff  __binit__                        
UNDEFED   __mpu_init                       
20207e00  __stack                          
20200000  __start___llvm_prf_bits          
20200000  __start___llvm_prf_cnts          
20200000  __stop___llvm_prf_bits           
20200000  __stop___llvm_prf_cnts           
0000244d  _c_int00_noargs                  
202002f0  _device                          
20200200  _ftable                          
202003e4  _lock                            
00001cef  _nop                             
20200368  _stream                          
20200000  _sys_memory                      
UNDEFED   _system_post_cinit               
000026a3  _system_pre_init                 
202003e8  _unlock                          
00002695  abort                            
00000abd  add_device                       
000007a9  aligned_alloc                    
ffffffff  binit                            
00001ded  close                            
0000224d  exit                             
00002281  finddevice                       
0000234d  fopen                            
00000c91  free                             
000022b5  freopen                          
000019a9  getdevice                        
00000000  interruptVectors                 
000008bd  main                             
00002651  malloc                           
000007a9  memalign                         
00001291  open                             
202005c0  parmbuf                          
0000268d  remove                           
00000d79  setvbuf                          
000014f1  strcmp                           
000023a9  unlink                           
00002425  write                            


GLOBAL SYMBOLS: SORTED BY Symbol Address 

address   name                             
-------   ----                             
00000000  __TI_ATRegion0_region_sz         
00000000  __TI_ATRegion0_src_addr          
00000000  __TI_ATRegion0_trg_addr          
00000000  __TI_ATRegion1_region_sz         
00000000  __TI_ATRegion1_src_addr          
00000000  __TI_ATRegion1_trg_addr          
00000000  __TI_ATRegion2_region_sz         
00000000  __TI_ATRegion2_src_addr          
00000000  __TI_ATRegion2_trg_addr          
00000000  __TI_static_base__               
00000000  interruptVectors                 
000000c1  _Z15Clock_Init80MHzi             
00000200  __STACK_SIZE                     
00000200  __SYSMEM_SIZE                    
00000275  _Z16ST7735_DrawCharSsscssh       
00000569  _Z8ADC_InitP10ADC12_Regsjj       
00000691  _Z15ST7735_FillRectsssst         
000007a9  aligned_alloc                    
000007a9  memalign                         
000008bd  main                             
000009c5  _Z8SPI_Initv                     
00000abd  add_device                       
00000ba9  _Z9UART_Initv                    
00000c91  free                             
00000d79  setvbuf                          
00000e59  _Z14ST7735_OutCharc              
00000f29  _Z16ST7735_PlotPointi            
00000ff5  _Z20ST7735_DrawFastVLinessst     
000010a5  _Z14TimerG7_IntArmtjj            
000011ef  __aeabi_idiv0                    
000011f1  _Z17ST7735_InitPrintf10initRFlags
00001291  open                             
00001331  _Z12ST7735_InitR10initRFlags     
000013c9  _Z15TimerG12_IntArmjj            
000014e5  _Z10Clock_Freqv                  
000014f1  strcmp                           
00001579  _Z17ST7735_DrawStringttPcs       
000015fd  _Z14LaunchPad_Initv              
00001679  _ZN8SlidePot4InitEv              
000016f5  __TI_closefile                   
00001771  __TI_decompress_lzss             
000017ed  _Z16ST7735_PlotClearii           
00001861  _Z16ST7735_DrawPixelsst          
000018d1  HOSTlseek                        
0000193d  HOSTrename                       
000019a9  getdevice                        
00001a79  HOSTopen                         
00001ad9  _Z13TimerG12_Initv               
00001b39  HOSTread                         
00001b91  HOSTwrite                        
00001be9  _Z10TExaS_InitP10ADC12_RegsjPFhvE
00001c41  _Z6OutFixj                       
00001c99  __aeabi_idiv                     
00001c99  __aeabi_idivmod                  
00001cef  _nop                             
00001cf1  TIMG12_IRQHandler                
00001d45  __TI_auto_init_nobinit           
00001d99  __TI_doflush                     
00001ded  close                            
00001e3d  HOSTclose                        
00001e85  HOSTunlink                       
00001ecd  _Z14SPI_OutCommandc              
00001f15  _Z20ST7735_PlotNextErasev        
00001f5d  _ZN8SlidePot2InEv                
00001fa5  TIMG7_IRQHandler                 
00001fe5  _Z9SPI_Resetv                    
00002025  __aeabi_uidiv                    
00002025  __aeabi_uidivmod                 
000020a5  _Z11SPI_OutDatac                 
000020dd  _Z15ActivatePortA_Bv             
00002115  _Z12ST7735_writeiPKcj            
00002149  _Z14Clock_Delay1msj              
0000217d  _Z16ST7735_SetCursorjj           
000021b1  __TI_cleanup                     
000021e5  __TI_readmsg                     
00002219  __TI_writemsg                    
00002245  C$$IO$$                          
0000224d  exit                             
00002281  finddevice                       
000022b5  freopen                          
000022e9  _Z15ST7735_Color565hhh           
0000234d  fopen                            
0000237d  _Z17ST7735_FillScreent           
000023a9  unlink                           
000023d5  _Z9ADC_StartP10ADC12_Regs        
00002425  write                            
0000244d  _c_int00_noargs                  
00002475  _ZN8SlidePot4SyncEv              
000024b5  ADC0_IRQHandler                  
000024b5  ADC1_IRQHandler                  
000024b5  AES_IRQHandler                   
000024b5  CANFD0_IRQHandler                
000024b5  DAC0_IRQHandler                  
000024b5  DMA_IRQHandler                   
000024b5  Default_Handler                  
000024b5  GROUP0_IRQHandler                
000024b5  GROUP1_IRQHandler                
000024b5  I2C0_IRQHandler                  
000024b5  I2C1_IRQHandler                  
000024b5  NMI_Handler                      
000024b5  PendSV_Handler                   
000024b5  RTC_IRQHandler                   
000024b5  SPI0_IRQHandler                  
000024b5  SPI1_IRQHandler                  
000024b5  SVC_Handler                      
000024b5  SysTick_Handler                  
000024b5  TIMA0_IRQHandler                 
000024b5  TIMA1_IRQHandler                 
000024b5  TIMG0_IRQHandler                 
000024b5  TIMG6_IRQHandler                 
000024b5  TIMG8_IRQHandler                 
000024b5  UART0_IRQHandler                 
000024b5  UART1_IRQHandler                 
000024b5  UART2_IRQHandler                 
000024b5  UART3_IRQHandler                 
000024d1  HardFault_Handler                
00002509  _ZN8SlidePot8DistanceEv          
00002523  _ZN8SlidePotC1Ejj                
00002523  _ZN8SlidePotC2Ejj                
00002555  _Z11ST7735_openPKcji             
0000256b  _Z11ST7735_readiPcj              
00002581  __TI_zero_init_nomemset          
00002597  _ZN8SlidePot4SaveEj              
000025ab  TI_memcpy_small                  
000025bd  __TI_decompress_none             
000025cf  _Z11Clock_Delayj                 
000025e1  _Z28TExaS_LaunchPadLogicPB27PB26v
000025ff  _Z12ST7735_lseekili              
00002629  TI_memset_small                  
00002637  _Z13ST7735_renamePKcS0_          
00002645  __aeabi_memclr                   
00002645  __aeabi_memclr4                  
00002645  __aeabi_memclr8                  
00002651  malloc                           
0000265d  _Z12ST7735_closei                
00002667  _Z13ST7735_unlinkPKc             
00002671  _Z8PLL_Initv                     
00002685  __aeabi_memcpy                   
00002685  __aeabi_memcpy4                  
00002685  __aeabi_memcpy8                  
0000268d  remove                           
00002695  abort                            
0000269a  C$$EXIT                          
0000269b  HOSTexit                         
0000269f  Reset_Handler                    
000026a3  _system_pre_init                 
00002c60  SHT$$INIT_ARRAY$$Base            
00002c64  SHT$$INIT_ARRAY$$Limit           
00002cd8  __TI_Handler_Table_Base          
00002ce4  __TI_Handler_Table_Limit         
00002cec  __TI_CINIT_Base                  
00002cfc  __TI_CINIT_Limit                 
00002cfc  __TI_CINIT_Warm                  
20200000  __start___llvm_prf_bits          
20200000  __start___llvm_prf_cnts          
20200000  __stop___llvm_prf_bits           
20200000  __stop___llvm_prf_cnts           
20200000  _sys_memory                      
20200200  _ftable                          
202002f0  _device                          
20200368  _stream                          
202003b8  Sensor                           
202003cc  __TI_cleanup_ptr                 
202003d0  __TI_dtors_ptr                   
202003d4  BusFreq                          
202003d8  StX                              
202003dc  StY                              
202003e0  __TI_ft_end                      
202003e4  _lock                            
202003e8  _unlock                          
202003ec  StTextColor                      
20200400  _CIOBUF_                         
20200400  __CIOBUF_                        
20200520  __TI_tmpnams                     
202005c0  parmbuf                          
202005c8  Position                         
202005cc  ST7735_Time                      
202005d0  TExaSLogic                       
202005d4  TExaSadc                         
202005d8  Time                             
202005dc  X                                
202005e0  Ymax                             
202005e4  Ymin                             
202005e8  Yrange                           
20207e00  __stack                          
20208000  __STACK_END                      
ffffffff  __TI_pprof_out_hndl              
ffffffff  __TI_prof_data_size              
ffffffff  __TI_prof_data_start             
ffffffff  __binit__                        
ffffffff  binit                            
UNDEFED   __mpu_init                       
UNDEFED   _system_post_cinit               

[193 symbols]
