******************************************************************************
            TI ARM Clang Linker PC v4.0.4                      
******************************************************************************
>> Linked Wed Feb 25 11:57:56 2026

OUTPUT FILE NAME:   <ECE319K_Lab4.out>
ENTRY POINT SYMBOL: "_c_int00_noargs"  address: 000016ed


MEMORY CONFIGURATION

         name            origin    length      used     unused   attr    fill
----------------------  --------  ---------  --------  --------  ----  --------
  FLASH                 00000000   00020000  00001ff0  0001e010  R  X
  SRAM                  20200000   00008000  00000730  000078d0  RW X
  BCR_CONFIG            41c00000   00000080  00000000  00000080  R   
  BSL_CONFIG            41c00100   00000080  00000000  00000080  R   


SEGMENT ALLOCATION MAP

run origin  load origin   length   init length attrs members
----------  ----------- ---------- ----------- ----- -------
00000000    00000000    00001ff0   00001ff0    r-x
  00000000    00000000    000000c0   000000c0    r-- .intvecs
  000000c0    000000c0    000017e0   000017e0    r-x .text
  000018a0    000018a0    00000720   00000720    r-- .rodata
  00001fc0    00001fc0    00000030   00000030    r-- .cinit
20200000    20200000    00000530   00000000    rw-
  20200000    20200000    00000310   00000000    rw- .bss
  20200310    20200310    00000200   00000000    rw- .sysmem
  20200510    20200510    00000020   00000000    rw- .data
20207e00    20207e00    00000200   00000000    rw-
  20207e00    20207e00    00000200   00000000    rw- .stack


SECTION ALLOCATION MAP

 output                                  attributes/
section   page    origin      length       input sections
--------  ----  ----------  ----------   ----------------
.intvecs   0    00000000    000000c0     
                  00000000    000000c0     startup_mspm0g3507_ticlang.o (.intvecs)

.text      0    000000c0    000017e0     
                  000000c0    0000031c     ECE319K_Lab4Grader.o (.text.TIMG7_IRQHandler)
                  000003dc    000002cc     ECE319K_Lab4main.o (.text.Traffic_Init)
                  000006a8    00000298     ECE319K_Lab4Grader.o (.text.CheckInitialization)
                  00000940    00000218     ECE319K_Lab4Grader.o (.text.Lab4Grader)
                  00000b58    000001b4     Clock.o (.text.Clock_Init80MHz)
                  00000d0c    00000130     UARTints.o (.text.UART_Init)
                  00000e3c    000000a8     Timer.o (.text.TimerG7_IntArm)
                  00000ee4    0000000c     Clock.o (.text.Clock_Freq)
                  00000ef0    00000088     libc.a : strcmp-armv6m.S.obj (.text:strcmp)
                  00000f78    0000007c     LaunchPad.o (.text.LaunchPad_Init)
                  00000ff4    0000007c     ECE319K_Lab4Grader.o (.text.ReadSensor)
                  00001070    0000007c     libc.a : copy_decompress_lzss.c.obj (.text:decompress:lzss)
                  000010ec    00000068     ECE319K_Lab4main.o (.text.main)
                  00001154    00000064     ECE319K_Lab4Grader.o (.text.GetState)
                  000011b8    0000005c     ECE319K_Lab4Grader.o (.text.ReadSouth)
                  00001214    0000005c     UARTints.o (.text.UART0_IRQHandler)
                  00001270    00000058     UARTints.o (.text.copyHardwareToSoftware)
                  000012c8    00000054     ECE319K_Lab4main.o (.text.Traffic_Out)
                  0000131c    0000004c     ECE319K_Lab4Grader.o (.text.ReadWest)
                  00001368    0000004c     FIFO.o (.text.RxFifo_Put)
                  000013b4    0000004c     FIFO.o (.text.TxFifo_Get)
                  00001400    0000004c     FIFO.o (.text.TxFifo_Put)
                  0000144c    0000004c     UARTints.o (.text.copySoftwareToHardware)
                  00001498    00000048     ECE319K_Lab4main.o (.text.Traffic_In)
                  000014e0    00000040     UARTints.o (.text.UART_OutChar)
                  00001520    00000040     libclang_rt.builtins.a : aeabi_uidivmod.S.obj (.text.__aeabi_uidivmod)
                  00001560    0000003c     libc.a : autoinit.c.obj (.text:__TI_auto_init_nobinit_nopinit)
                  0000159c    00000038     LaunchPad.o (.text.ActivatePortA_B)
                  000015d4    00000036     UART.o (.text.UART_OutUDec)
                  0000160a    00000002     libclang_rt.builtins.a : aeabi_div0.c.obj (.text.__aeabi_idiv0)
                  0000160c    00000034     Clock.o (.text.SysTick_Wait)
                  00001640    00000034     ECE319K_Lab4Grader.o (.text.setUpper)
                  00001674    00000028     ECE319K_Lab4Grader.o (.text.Grader_Init)
                  0000169c    00000028     ECE319K_Lab4Grader.o (.text.ReadWalk)
                  000016c4    00000028     Clock.o (.text.SysTick_Wait10ms)
                  000016ec    00000028     libc.a : boot_cortex_m.c.obj (.text:_c_int00_noargs)
                  00001714    00000026     UART.o (.text.UART_OutString)
                  0000173a    00000002     --HOLE-- [fill = 0]
                  0000173c    00000020     ECE319K_Lab4Grader.o (.text.Random32)
                  0000175c    00000020     Clock.o (.text.SysTick_Init)
                  0000177c    0000001c     startup_mspm0g3507_ticlang.o (.text.Default_Handler)
                  00001798    0000001c     startup_mspm0g3507_ticlang.o (.text.HardFault_Handler)
                  000017b4    00000018     FIFO.o (.text.RxFifo_Size)
                  000017cc    00000018     FIFO.o (.text.TxFifo_Size)
                  000017e4    00000016     libc.a : copy_zero_init.c.obj (.text:decompress:ZI:__TI_zero_init_nomemset)
                  000017fa    00000002     --HOLE-- [fill = 0]
                  000017fc    00000014     FIFO.o (.text.RxFifo_Init)
                  00001810    00000014     FIFO.o (.text.TxFifo_Init)
                  00001824    00000012     libc.a : memcpy16.S.obj (.text:TI_memcpy_small)
                  00001836    00000012            : copy_decompress_none.c.obj (.text:decompress:none)
                  00001848    00000010     Clock.o (.text.Clock_Delay)
                  00001858    00000010     LaunchPad.o (.text.Delay)
                  00001868    00000010     ECE319K_Lab4Grader.o (.text.OutCRLF)
                  00001878    0000000c     LaunchPad.o (.text.LaunchPad_LED1off)
                  00001884    00000008     libclang_rt.builtins.a : aeabi_memcpy.S.obj (.text.__aeabi_memcpy)
                  0000188c    00000006     libc.a : exit.c.obj (.text:abort)
                  00001892    00000004     libsysbm.a : hostexit.c.obj (.text.HOSTexit)
                  00001896    00000004     startup_mspm0g3507_ticlang.o (.text.Reset_Handler)
                  0000189a    00000004     libc.a : pre_init.c.obj (.text._system_pre_init)
                  0000189e    00000002     --HOLE-- [fill = 0]

.cinit     0    00001fc0    00000030     
                  00001fc0    0000000c     (.cinit..data.load) [load image, compression = lzss]
                  00001fcc    0000000c     (__TI_handler_table)
                  00001fd8    00000008     (.cinit..bss.load) [load image, compression = zero_init]
                  00001fe0    00000010     (__TI_cinit_table)

.rodata    0    000018a0    00000720     
                  000018a0    00000140     ECE319K_Lab4Grader.o (.rodata.SensorProblem)
                  000019e0    000000f0     ECE319K_Lab4Grader.o (.rodata.SouthProblem)
                  00001ad0    000000c8     ECE319K_Lab4Grader.o (.rodata.PatternProblem)
                  00001b98    000000c4     ECE319K_Lab4Grader.o (.rodata.pat)
                  00001c5c    000000a0     ECE319K_Lab4Grader.o (.rodata.WestProblem)
                  00001cfc    0000003c     ECE319K_Lab4Grader.o (.rodata.str1.2038070715119815532.1)
                  00001d38    0000003b     ECE319K_Lab4Grader.o (.rodata.str1.16779530290509432624.1)
                  00001d73    0000003b     ECE319K_Lab4Grader.o (.rodata.str1.17498187953803785574.1)
                  00001dae    0000003a     ECE319K_Lab4Grader.o (.rodata.str1.16606019205615201728.1)
                  00001de8    00000039     ECE319K_Lab4Grader.o (.rodata.str1.9284763985356082046.1)
                  00001e21    00000032     ECE319K_Lab4Grader.o (.rodata.str1.15359886083784593313.1)
                  00001e53    0000002f     ECE319K_Lab4Grader.o (.rodata.str1.15781115582186980426.1)
                  00001e82    0000002d     ECE319K_Lab4Grader.o (.rodata.str1.17275021033968133986.1)
                  00001eaf    00000001     --HOLE-- [fill = 0]
                  00001eb0    0000001c     ECE319K_Lab4Grader.o (.rodata.validPatterns)
                  00001ecc    00000018     ECE319K_Lab4Grader.o (.rodata.Patterns)
                  00001ee4    00000015     ECE319K_Lab4Grader.o (.rodata.str1.2555402902467091046.1)
                  00001ef9    00000014     ECE319K_Lab4Grader.o (.rodata.str1.15234707301245262108.1)
                  00001f0d    00000014     ECE319K_Lab4Grader.o (.rodata.str1.4246148022987157469.1)
                  00001f21    00000011     ECE319K_Lab4Grader.o (.rodata.str1.15784370611720847563.1)
                  00001f32    00000011     ECE319K_Lab4Grader.o (.rodata.str1.1843502570865695391.1)
                  00001f43    00000011     ECE319K_Lab4Grader.o (.rodata.str1.5588775933247468439.1)
                  00001f54    00000010     ECE319K_Lab4Grader.o (.rodata.str1.13656068226097152554.1)
                  00001f64    00000010     ECE319K_Lab4Grader.o (.rodata.str1.1892906268486917520.1)
                  00001f74    0000000d     ECE319K_Lab4Grader.o (.rodata.str1.13250458590540267396.1)
                  00001f81    0000000a     ECE319K_Lab4Grader.o (.rodata.str1.17435735570853986759.1)
                  00001f8b    0000000a     ECE319K_Lab4Grader.o (.rodata.str1.2378633843444072158.1)
                  00001f95    00000008     ECE319K_Lab4main.o (.rodata.EID1)
                  00001f9d    00000007     ECE319K_Lab4Grader.o (.rodata.str1.13204408886487587144.1)
                  00001fa4    00000007     ECE319K_Lab4Grader.o (.rodata.str1.16432026393149098184.1)
                  00001fab    00000007     ECE319K_Lab4Grader.o (.rodata.str1.18047125755768554460.1)
                  00001fb2    00000006     ECE319K_Lab4Grader.o (.rodata.str1.5065595287206724195.1)
                  00001fb8    00000005     ECE319K_Lab4Grader.o (.rodata.str1.9434006009711075035.1)
                  00001fbd    00000003     --HOLE-- [fill = 0]

.init_array 
*          0    00000000    00000000     UNINITIALIZED

.binit     0    00000000    00000000     

.bss       0    20200000    00000310     UNINITIALIZED
                  20200000    00000040     FIFO.o (.bss.TxFifo)
                  20200040    00000028     (.common:driveSouth)
                  20200068    00000028     (.common:driveWest)
                  20200090    00000028     (.common:hold)
                  202000b8    00000028     (.common:holdafterSouth)
                  202000e0    00000028     (.common:holdafterWalk)
                  20200108    00000028     (.common:holdafterWest)
                  20200130    00000028     (.common:slowdownSouth)
                  20200158    00000028     (.common:slowdownWest)
                  20200180    00000028     (.common:walk)
                  202001a8    00000028     (.common:warningwalk11)
                  202001d0    00000028     (.common:warningwalk12)
                  202001f8    00000028     (.common:warningwalk21)
                  20200220    00000028     (.common:warningwalk22)
                  20200248    00000028     (.common:warningwalk31)
                  20200270    00000028     (.common:warningwalk32)
                  20200298    00000028     (.common:warningwalk40)
                  202002c0    00000010     FIFO.o (.bss.RxFifo)
                  202002d0    00000004     (.common:LastIn)
                  202002d4    00000004     (.common:LastOut)
                  202002d8    00000004     (.common:LastState)
                  202002dc    00000004     (.common:LookingFlag)
                  202002e0    00000004     (.common:LookingFor)
                  202002e4    00000004     (.common:M)
                  202002e8    00000004     (.common:NeedState)
                  202002ec    00000004     (.common:RxGetI)
                  202002f0    00000004     (.common:RxPutI)
                  202002f4    00000004     (.common:TxGetI)
                  202002f8    00000004     (.common:TxPutI)
                  202002fc    00000004     (.common:WrongState)
                  20200300    00000004     (.common:curr)
                  20200304    00000004     (.common:in)
                  20200308    00000004     (.common:out)
                  2020030c    00000004     (.common:state)

.sysmem    0    20200310    00000200     UNINITIALIZED
                  20200310    00000010     libc.a : memory.c.obj (.sysmem)
                  20200320    000001f0     --HOLE--

.data      0    20200510    00000020     UNINITIALIZED
                  20200510    00000004     Clock.o (.data.BusFreq)
                  20200514    00000004     ECE319K_Lab4Grader.o (.data.Fail)
                  20200518    00000004     ECE319K_Lab4Grader.o (.data.PatternMode)
                  2020051c    00000004     ECE319K_Lab4Grader.o (.data.Score)
                  20200520    00000004     ECE319K_Lab4Grader.o (.data.SensorMode)
                  20200524    00000004     ECE319K_Lab4Grader.o (.data.SouthMode)
                  20200528    00000004     ECE319K_Lab4Grader.o (.data.Time)
                  2020052c    00000004     ECE319K_Lab4Grader.o (.data.WestMode)

.stack     0    20207e00    00000200     UNINITIALIZED
                  20207e00    00000004     libc.a : boot_cortex_m.c.obj (.stack)
                  20207e04    000001fc     --HOLE--

__llvm_prf_cnts 
*          0    20200000    00000000     UNINITIALIZED

__llvm_prf_bits 
*          0    20200000    00000000     UNINITIALIZED

MODULE SUMMARY

       Module                         code   ro data   rw data
       ------                         ----   -------   -------
    .\
       ECE319K_Lab4Grader.o           2568   1812      72     
       ECE319K_Lab4main.o             976    8         644    
       UARTints.o                     624    0         0      
       Clock.o                        588    0         4      
       FIFO.o                         316    0         96     
       LaunchPad.o                    208    0         0      
       Timer.o                        168    0         0      
       UART.o                         92     0         0      
    +--+------------------------------+------+---------+---------+
       Total:                         5540   1820      816    
                                                              
    .\ticlang\
       startup_mspm0g3507_ticlang.o   60     192       0      
    +--+------------------------------+------+---------+---------+
       Total:                         60     192       0      
                                                              
    C:\TI\ccs2040\ccs\tools\compiler\ti-cgt-armllvm_4.0.4.LTS\lib\armv6m-ti-none-eabi/c/libc.a
       strcmp-armv6m.S.obj            136    0         0      
       copy_decompress_lzss.c.obj     124    0         0      
       autoinit.c.obj                 60     0         0      
       boot_cortex_m.c.obj            40     0         0      
       copy_zero_init.c.obj           22     0         0      
       copy_decompress_none.c.obj     18     0         0      
       memcpy16.S.obj                 18     0         0      
       exit.c.obj                     6      0         0      
       pre_init.c.obj                 4      0         0      
    +--+------------------------------+------+---------+---------+
       Total:                         428    0         0      
                                                              
    C:\TI\ccs2040\ccs\tools\compiler\ti-cgt-armllvm_4.0.4.LTS\lib\armv6m-ti-none-eabi/c/libsysbm.a
       hostexit.c.obj                 4      0         0      
    +--+------------------------------+------+---------+---------+
       Total:                         4      0         0      
                                                              
    C:\TI\ccs2040\ccs\tools\compiler\ti-cgt-armllvm_4.0.4.LTS\lib\armv6m-ti-none-eabi/libclang_rt.builtins.a
       aeabi_uidivmod.S.obj           64     0         0      
       aeabi_memcpy.S.obj             8      0         0      
       aeabi_div0.c.obj               2      0         0      
    +--+------------------------------+------+---------+---------+
       Total:                         74     0         0      
                                                              
       Heap:                          0      0         512    
       Stack:                         0      0         512    
       Linker Generated:              0      48        0      
    +--+------------------------------+------+---------+---------+
       Grand Total:                   6106   2060      1840   


LINKER GENERATED COPY TABLES

__TI_cinit_table @ 00001fe0 records: 2, size/record: 8, table size: 16
	.data: load addr=00001fc0, load size=0000000c bytes, run addr=20200510, run size=00000020 bytes, compression=lzss
	.bss: load addr=00001fd8, load size=00000008 bytes, run addr=20200000, run size=00000310 bytes, compression=zero_init


LINKER GENERATED HANDLER TABLE

__TI_handler_table @ 00001fcc records: 3, size/record: 4, table size: 12
	index: 0, handler: __TI_decompress_lzss
	index: 1, handler: __TI_decompress_none
	index: 2, handler: __TI_zero_init


GLOBAL SYMBOLS: SORTED ALPHABETICALLY BY Name 

address   name                          
-------   ----                          
0000177d  ADC0_IRQHandler               
0000177d  ADC1_IRQHandler               
0000177d  AES_IRQHandler                
0000159d  ActivatePortA_B               
20200510  BusFreq                       
00001892  C$$EXIT                       
0000177d  CANFD0_IRQHandler             
000006a9  CheckInitialization           
00001849  Clock_Delay                   
00000ee5  Clock_Freq                    
00000b59  Clock_Init80MHz               
0000177d  DAC0_IRQHandler               
0000177d  DMA_IRQHandler                
0000177d  Default_Handler               
00001859  Delay                         
00001f95  EID1                          
0000177d  GROUP0_IRQHandler             
0000177d  GROUP1_IRQHandler             
00001155  GetState                      
00001675  Grader_Init                   
00001893  HOSTexit                      
00001799  HardFault_Handler             
0000177d  I2C0_IRQHandler               
0000177d  I2C1_IRQHandler               
00000941  Lab4Grader                    
202002d0  LastIn                        
202002d4  LastOut                       
202002d8  LastState                     
00000f79  LaunchPad_Init                
00001879  LaunchPad_LED1off             
202002dc  LookingFlag                   
202002e0  LookingFor                    
202002e4  M                             
0000177d  NMI_Handler                   
202002e8  NeedState                     
00001869  OutCRLF                       
00001ad0  PatternProblem                
00001ecc  Patterns                      
0000177d  PendSV_Handler                
0000177d  RTC_IRQHandler                
0000173d  Random32                      
00000ff5  ReadSensor                    
000011b9  ReadSouth                     
0000169d  ReadWalk                      
0000131d  ReadWest                      
00001897  Reset_Handler                 
000017fd  RxFifo_Init                   
00001369  RxFifo_Put                    
000017b5  RxFifo_Size                   
202002ec  RxGetI                        
202002f0  RxPutI                        
0000177d  SPI0_IRQHandler               
0000177d  SPI1_IRQHandler               
0000177d  SVC_Handler                   
000018a0  SensorProblem                 
000019e0  SouthProblem                  
0000177d  SysTick_Handler               
0000175d  SysTick_Init                  
0000160d  SysTick_Wait                  
000016c5  SysTick_Wait10ms              
0000177d  TIMA0_IRQHandler              
0000177d  TIMA1_IRQHandler              
0000177d  TIMG0_IRQHandler              
0000177d  TIMG12_IRQHandler             
0000177d  TIMG6_IRQHandler              
000000c1  TIMG7_IRQHandler              
0000177d  TIMG8_IRQHandler              
00001825  TI_memcpy_small               
20200528  Time                          
00000e3d  TimerG7_IntArm                
00001499  Traffic_In                    
000003dd  Traffic_Init                  
000012c9  Traffic_Out                   
000013b5  TxFifo_Get                    
00001811  TxFifo_Init                   
00001401  TxFifo_Put                    
000017cd  TxFifo_Size                   
202002f4  TxGetI                        
202002f8  TxPutI                        
00001215  UART0_IRQHandler              
0000177d  UART1_IRQHandler              
0000177d  UART2_IRQHandler              
0000177d  UART3_IRQHandler              
00000d0d  UART_Init                     
000014e1  UART_OutChar                  
00001715  UART_OutString                
000015d5  UART_OutUDec                  
00001c5c  WestProblem                   
202002fc  WrongState                    
20208000  __STACK_END                   
00000200  __STACK_SIZE                  
00000200  __SYSMEM_SIZE                 
00000000  __TI_ATRegion0_region_sz      
00000000  __TI_ATRegion0_src_addr       
00000000  __TI_ATRegion0_trg_addr       
00000000  __TI_ATRegion1_region_sz      
00000000  __TI_ATRegion1_src_addr       
00000000  __TI_ATRegion1_trg_addr       
00000000  __TI_ATRegion2_region_sz      
00000000  __TI_ATRegion2_src_addr       
00000000  __TI_ATRegion2_trg_addr       
00001fe0  __TI_CINIT_Base               
00001ff0  __TI_CINIT_Limit              
00001ff0  __TI_CINIT_Warm               
00001fcc  __TI_Handler_Table_Base       
00001fd8  __TI_Handler_Table_Limit      
00001561  __TI_auto_init_nobinit_nopinit
00001071  __TI_decompress_lzss          
00001837  __TI_decompress_none          
ffffffff  __TI_pprof_out_hndl           
ffffffff  __TI_prof_data_size           
ffffffff  __TI_prof_data_start          
00000000  __TI_static_base__            
000017e5  __TI_zero_init_nomemset       
0000160b  __aeabi_idiv0                 
00001885  __aeabi_memcpy                
00001885  __aeabi_memcpy4               
00001885  __aeabi_memcpy8               
00001521  __aeabi_uidiv                 
00001521  __aeabi_uidivmod              
ffffffff  __binit__                     
UNDEFED   __mpu_init                    
20207e00  __stack                       
20200000  __start___llvm_prf_bits       
20200000  __start___llvm_prf_cnts       
20200000  __stop___llvm_prf_bits        
20200000  __stop___llvm_prf_cnts        
000016ed  _c_int00_noargs               
20200310  _sys_memory                   
UNDEFED   _system_post_cinit            
0000189b  _system_pre_init              
0000188d  abort                         
ffffffff  binit                         
20200300  curr                          
20200040  driveSouth                    
20200068  driveWest                     
20200090  hold                          
202000b8  holdafterSouth                
202000e0  holdafterWalk                 
20200108  holdafterWest                 
20200304  in                            
00000000  interruptVectors              
000010ed  main                          
20200308  out                           
00001b98  pat                           
00001641  setUpper                      
20200130  slowdownSouth                 
20200158  slowdownWest                  
2020030c  state                         
00000ef1  strcmp                        
00001eb0  validPatterns                 
20200180  walk                          
202001a8  warningwalk11                 
202001d0  warningwalk12                 
202001f8  warningwalk21                 
20200220  warningwalk22                 
20200248  warningwalk31                 
20200270  warningwalk32                 
20200298  warningwalk40                 


GLOBAL SYMBOLS: SORTED BY Symbol Address 

address   name                          
-------   ----                          
00000000  __TI_ATRegion0_region_sz      
00000000  __TI_ATRegion0_src_addr       
00000000  __TI_ATRegion0_trg_addr       
00000000  __TI_ATRegion1_region_sz      
00000000  __TI_ATRegion1_src_addr       
00000000  __TI_ATRegion1_trg_addr       
00000000  __TI_ATRegion2_region_sz      
00000000  __TI_ATRegion2_src_addr       
00000000  __TI_ATRegion2_trg_addr       
00000000  __TI_static_base__            
00000000  interruptVectors              
000000c1  TIMG7_IRQHandler              
00000200  __STACK_SIZE                  
00000200  __SYSMEM_SIZE                 
000003dd  Traffic_Init                  
000006a9  CheckInitialization           
00000941  Lab4Grader                    
00000b59  Clock_Init80MHz               
00000d0d  UART_Init                     
00000e3d  TimerG7_IntArm                
00000ee5  Clock_Freq                    
00000ef1  strcmp                        
00000f79  LaunchPad_Init                
00000ff5  ReadSensor                    
00001071  __TI_decompress_lzss          
000010ed  main                          
00001155  GetState                      
000011b9  ReadSouth                     
00001215  UART0_IRQHandler              
000012c9  Traffic_Out                   
0000131d  ReadWest                      
00001369  RxFifo_Put                    
000013b5  TxFifo_Get                    
00001401  TxFifo_Put                    
00001499  Traffic_In                    
000014e1  UART_OutChar                  
00001521  __aeabi_uidiv                 
00001521  __aeabi_uidivmod              
00001561  __TI_auto_init_nobinit_nopinit
0000159d  ActivatePortA_B               
000015d5  UART_OutUDec                  
0000160b  __aeabi_idiv0                 
0000160d  SysTick_Wait                  
00001641  setUpper                      
00001675  Grader_Init                   
0000169d  ReadWalk                      
000016c5  SysTick_Wait10ms              
000016ed  _c_int00_noargs               
00001715  UART_OutString                
0000173d  Random32                      
0000175d  SysTick_Init                  
0000177d  ADC0_IRQHandler               
0000177d  ADC1_IRQHandler               
0000177d  AES_IRQHandler                
0000177d  CANFD0_IRQHandler             
0000177d  DAC0_IRQHandler               
0000177d  DMA_IRQHandler                
0000177d  Default_Handler               
0000177d  GROUP0_IRQHandler             
0000177d  GROUP1_IRQHandler             
0000177d  I2C0_IRQHandler               
0000177d  I2C1_IRQHandler               
0000177d  NMI_Handler                   
0000177d  PendSV_Handler                
0000177d  RTC_IRQHandler                
0000177d  SPI0_IRQHandler               
0000177d  SPI1_IRQHandler               
0000177d  SVC_Handler                   
0000177d  SysTick_Handler               
0000177d  TIMA0_IRQHandler              
0000177d  TIMA1_IRQHandler              
0000177d  TIMG0_IRQHandler              
0000177d  TIMG12_IRQHandler             
0000177d  TIMG6_IRQHandler              
0000177d  TIMG8_IRQHandler              
0000177d  UART1_IRQHandler              
0000177d  UART2_IRQHandler              
0000177d  UART3_IRQHandler              
00001799  HardFault_Handler             
000017b5  RxFifo_Size                   
000017cd  TxFifo_Size                   
000017e5  __TI_zero_init_nomemset       
000017fd  RxFifo_Init                   
00001811  TxFifo_Init                   
00001825  TI_memcpy_small               
00001837  __TI_decompress_none          
00001849  Clock_Delay                   
00001859  Delay                         
00001869  OutCRLF                       
00001879  LaunchPad_LED1off             
00001885  __aeabi_memcpy                
00001885  __aeabi_memcpy4               
00001885  __aeabi_memcpy8               
0000188d  abort                         
00001892  C$$EXIT                       
00001893  HOSTexit                      
00001897  Reset_Handler                 
0000189b  _system_pre_init              
000018a0  SensorProblem                 
000019e0  SouthProblem                  
00001ad0  PatternProblem                
00001b98  pat                           
00001c5c  WestProblem                   
00001eb0  validPatterns                 
00001ecc  Patterns                      
00001f95  EID1                          
00001fcc  __TI_Handler_Table_Base       
00001fd8  __TI_Handler_Table_Limit      
00001fe0  __TI_CINIT_Base               
00001ff0  __TI_CINIT_Limit              
00001ff0  __TI_CINIT_Warm               
20200000  __start___llvm_prf_bits       
20200000  __start___llvm_prf_cnts       
20200000  __stop___llvm_prf_bits        
20200000  __stop___llvm_prf_cnts        
20200040  driveSouth                    
20200068  driveWest                     
20200090  hold                          
202000b8  holdafterSouth                
202000e0  holdafterWalk                 
20200108  holdafterWest                 
20200130  slowdownSouth                 
20200158  slowdownWest                  
20200180  walk                          
202001a8  warningwalk11                 
202001d0  warningwalk12                 
202001f8  warningwalk21                 
20200220  warningwalk22                 
20200248  warningwalk31                 
20200270  warningwalk32                 
20200298  warningwalk40                 
202002d0  LastIn                        
202002d4  LastOut                       
202002d8  LastState                     
202002dc  LookingFlag                   
202002e0  LookingFor                    
202002e4  M                             
202002e8  NeedState                     
202002ec  RxGetI                        
202002f0  RxPutI                        
202002f4  TxGetI                        
202002f8  TxPutI                        
202002fc  WrongState                    
20200300  curr                          
20200304  in                            
20200308  out                           
2020030c  state                         
20200310  _sys_memory                   
20200510  BusFreq                       
20200528  Time                          
20207e00  __stack                       
20208000  __STACK_END                   
ffffffff  __TI_pprof_out_hndl           
ffffffff  __TI_prof_data_size           
ffffffff  __TI_prof_data_start          
ffffffff  __binit__                     
ffffffff  binit                         
UNDEFED   __mpu_init                    
UNDEFED   _system_post_cinit            

[159 symbols]
