******************************************************************************
            TI ARM Clang Linker PC v4.0.4                      
******************************************************************************
>> Linked Wed Mar  4 10:49:17 2026

OUTPUT FILE NAME:   <ECE319K_Lab5.out>
ENTRY POINT SYMBOL: "_c_int00_noargs"  address: 00001645


MEMORY CONFIGURATION

         name            origin    length      used     unused   attr    fill
----------------------  --------  ---------  --------  --------  ----  --------
  FLASH                 00000000   00020000  00001e28  0001e1d8  R  X
  SRAM                  20200000   00008000  0000066c  00007994  RW X
  BCR_CONFIG            41c00000   00000080  00000000  00000080  R   
  BSL_CONFIG            41c00100   00000080  00000000  00000080  R   


SEGMENT ALLOCATION MAP

run origin  load origin   length   init length attrs members
----------  ----------- ---------- ----------- ----- -------
00000000    00000000    00001e28   00001e28    r-x
  00000000    00000000    000000c0   000000c0    r-- .intvecs
  000000c0    000000c0    000017b0   000017b0    r-x .text
  00001870    00001870    00000588   00000588    r-- .rodata
  00001df8    00001df8    00000030   00000030    r-- .cinit
20200000    20200000    0000046c   00000000    rw-
  20200000    20200000    00000250   00000000    rw- .bss
  20200250    20200250    00000200   00000000    rw- .sysmem
  20200450    20200450    0000001c   00000000    rw- .data
20207e00    20207e00    00000200   00000000    rw-
  20207e00    20207e00    00000200   00000000    rw- .stack


SECTION ALLOCATION MAP

 output                                  attributes/
section   page    origin      length       input sections
--------  ----  ----------  ----------   ----------------
.intvecs   0    00000000    000000c0     
                  00000000    000000c0     startup_mspm0g3507_ticlang.o (.intvecs)

.text      0    000000c0    000017b0     
                  000000c0    000002c4     ECE319K_Lab5Grader.o (.text.FFT)
                  00000384    0000024c     ECE319K_Lab5Grader.o (.text.lab5grader)
                  000005d0    000001d4     ECE319K_Lab5Grader.o (.text.Lab5Grader)
                  000007a4    000001b4     Clock.o (.text.Clock_Init80MHz)
                  00000958    00000158     ECE319K_Lab5Grader.o (.text.CheckInitialization)
                  00000ab0    00000134     ECE319K_Lab5Grader.o (.text.ADC_Init)
                  00000be4    00000130     UARTints.o (.text.UART_Init)
                  00000d14    000000ec     ECE319K_Lab5main.o (.text.main)
                  00000e00    000000a8     Timer.o (.text.TimerG7_IntArm)
                  00000ea8    00000008     libclang_rt.builtins.a : aeabi_memcpy.S.obj (.text.__aeabi_memcpy)
                  00000eb0    00000088     libc.a : strcmp-armv6m.S.obj (.text:strcmp)
                  00000f38    0000007c     LaunchPad.o (.text.LaunchPad_Init)
                  00000fb4    0000007c     libc.a : copy_decompress_lzss.c.obj (.text:decompress:lzss)
                  00001030    00000060     Timer.o (.text.TimerG12_Init)
                  00001090    0000005c     UARTints.o (.text.UART0_IRQHandler)
                  000010ec    00000058     UARTints.o (.text.copyHardwareToSoftware)
                  00001144    00000056     libclang_rt.builtins.a : aeabi_idivmod.S.obj (.text.__aeabi_idivmod)
                  0000119a    00000002                            : aeabi_div0.c.obj (.text.__aeabi_idiv0)
                  0000119c    00000050     Dump.o (.text.Debug_Dump)
                  000011ec    0000004c     FIFO.o (.text.RxFifo_Put)
                  00001238    0000004c     FIFO.o (.text.TxFifo_Get)
                  00001284    0000004c     FIFO.o (.text.TxFifo_Put)
                  000012d0    0000004c     UARTints.o (.text.copySoftwareToHardware)
                  0000131c    00000040     ECE319K_Lab5main.o (.text.Sound_Init)
                  0000135c    00000040     UARTints.o (.text.UART_OutChar)
                  0000139c    00000040     libclang_rt.builtins.a : aeabi_uidivmod.S.obj (.text.__aeabi_uidivmod)
                  000013dc    0000003c     DAC5.o (.text.DAC5_Init)
                  00001418    0000003c     ECE319K_Lab5main.o (.text.SysTick_Handler)
                  00001454    0000003c     libc.a : autoinit.c.obj (.text:__TI_auto_init_nobinit_nopinit)
                  00001490    00000038     LaunchPad.o (.text.ActivatePortA_B)
                  000014c8    00000038     Key.o (.text.Key_Init)
                  00001500    00000036     UART.o (.text.UART_OutUDec)
                  00001536    00000002     --HOLE-- [fill = 0]
                  00001538    00000034     ECE319K_Lab5main.o (.text.Sound_Start)
                  0000156c    00000034     ECE319K_Lab5Grader.o (.text.setUpper)
                  000015a0    0000002c     ECE319K_Lab5Grader.o (.text.ReadInput)
                  000015cc    00000028     ECE319K_Lab5Grader.o (.text.ADC_Start)
                  000015f4    00000028     ECE319K_Lab5Grader.o (.text.Grader_Init)
                  0000161c    00000028     ECE319K_Lab5Grader.o (.text.LogicAnalyzer)
                  00001644    00000028     libc.a : boot_cortex_m.c.obj (.text:_c_int00_noargs)
                  0000166c    00000026     UART.o (.text.UART_OutString)
                  00001692    00000002     --HOLE-- [fill = 0]
                  00001694    00000024     ECE319K_Lab5Grader.o (.text.TIMG7_IRQHandler)
                  000016b8    00000020     DAC5.o (.text.DAC5_Out)
                  000016d8    00000020     ECE319K_Lab5Grader.o (.text.Random32)
                  000016f8    0000001c     startup_mspm0g3507_ticlang.o (.text.Default_Handler)
                  00001714    0000001c     startup_mspm0g3507_ticlang.o (.text.HardFault_Handler)
                  00001730    0000001c     Key.o (.text.Key_In)
                  0000174c    00000018     FIFO.o (.text.RxFifo_Size)
                  00001764    00000018     ECE319K_Lab5Grader.o (.text.Scope)
                  0000177c    00000018     FIFO.o (.text.TxFifo_Size)
                  00001794    00000016     libc.a : copy_zero_init.c.obj (.text:decompress:ZI:__TI_zero_init_nomemset)
                  000017aa    00000002     --HOLE-- [fill = 0]
                  000017ac    00000014     Dump.o (.text.Debug_Init)
                  000017c0    00000014     FIFO.o (.text.RxFifo_Init)
                  000017d4    00000014     FIFO.o (.text.TxFifo_Init)
                  000017e8    00000012     libc.a : memcpy16.S.obj (.text:TI_memcpy_small)
                  000017fa    00000012            : copy_decompress_none.c.obj (.text:decompress:none)
                  0000180c    00000010     Clock.o (.text.Clock_Delay)
                  0000181c    00000010     LaunchPad.o (.text.Delay)
                  0000182c    00000010     ECE319K_Lab5Grader.o (.text.OutCRLF)
                  0000183c    00000010     ECE319K_Lab5main.o (.text.Sound_Stop)
                  0000184c    0000000c     Clock.o (.text.Clock_Freq)
                  00001858    00000006     libc.a : exit.c.obj (.text:abort)
                  0000185e    00000004     libsysbm.a : hostexit.c.obj (.text.HOSTexit)
                  00001862    00000004     startup_mspm0g3507_ticlang.o (.text.Reset_Handler)
                  00001866    00000004     libc.a : pre_init.c.obj (.text._system_pre_init)
                  0000186a    00000006     --HOLE-- [fill = 0]

.cinit     0    00001df8    00000030     
                  00001df8    0000000c     (.cinit..data.load) [load image, compression = lzss]
                  00001e04    0000000c     (__TI_handler_table)
                  00001e10    00000008     (.cinit..bss.load) [load image, compression = zero_init]
                  00001e18    00000010     (__TI_cinit_table)

.rodata    0    00001870    00000588     
                  00001870    00000280     ECE319K_Lab5Grader.o (.rodata.NotesProblem)
                  00001af0    00000080     ECE319K_Lab5Grader.o (.rodata.NotesPeriod)
                  00001b70    0000004b     ECE319K_Lab5Grader.o (.rodata.str1.2831041533924961092.1)
                  00001bbb    0000003a     ECE319K_Lab5Grader.o (.rodata.str1.3753167930287493833.1)
                  00001bf5    00000038     ECE319K_Lab5Grader.o (.rodata.str1.13188357218563198926.1)
                  00001c2d    00000032     ECE319K_Lab5Grader.o (.rodata.str1.14125597502108314896.1)
                  00001c5f    0000002f     ECE319K_Lab5Grader.o (.rodata.str1.11916983087567108417.1)
                  00001c8e    0000002e     ECE319K_Lab5Grader.o (.rodata.str1.9157344974060636180.1)
                  00001cbc    00000020     ECE319K_Lab5Grader.o (.rodata.IMULTIPLIERS)
                  00001cdc    00000020     ECE319K_Lab5Grader.o (.rodata.RMULTIPLIERS)
                  00001cfc    00000020     ECE319K_Lab5main.o (.rodata.sine)
                  00001d1c    0000001c     ECE319K_Lab5Grader.o (.rodata.str1.11809642467900141317.1)
                  00001d38    00000015     ECE319K_Lab5Grader.o (.rodata.str1.3525422095670658102.1)
                  00001d4d    00000014     ECE319K_Lab5Grader.o (.rodata.str1.4481438830803098069.1)
                  00001d61    00000014     ECE319K_Lab5Grader.o (.rodata.str1.5560219960635954075.1)
                  00001d75    00000013     ECE319K_Lab5Grader.o (.rodata.str1.11270995160232060492.1)
                  00001d88    00000011     ECE319K_Lab5Grader.o (.rodata.str1.6142149970032930034.1)
                  00001d99    00000010     ECE319K_Lab5Grader.o (.rodata.str1.14245708735948419566.1)
                  00001da9    00000010     ECE319K_Lab5Grader.o (.rodata.str1.15764156664788727584.1)
                  00001db9    0000000f     ECE319K_Lab5Grader.o (.rodata.str1.9964861412651002306.1)
                  00001dc8    0000000e     ECE319K_Lab5Grader.o (.rodata.str1.12550021390912809959.1)
                  00001dd6    0000000d     ECE319K_Lab5Grader.o (.rodata.str1.1830190667680462960.1)
                  00001de3    00000008     ECE319K_Lab5main.o (.rodata.EID1)
                  00001deb    00000007     ECE319K_Lab5Grader.o (.rodata.str1.2010255871548557574.1)
                  00001df2    00000006     --HOLE-- [fill = 0]

.init_array 
*          0    00000000    00000000     UNINITIALIZED

.binit     0    00000000    00000000     

.bss       0    20200000    00000250     UNINITIALIZED
                  20200000    000000c8     (.common:DataBuffer)
                  202000c8    000000c8     (.common:TimeBuffer)
                  20200190    00000040     FIFO.o (.bss.TxFifo)
                  202001d0    00000040     (.common:Last16ADCresults)
                  20200210    00000010     FIFO.o (.bss.RxFifo)
                  20200220    00000004     (.common:DebugCnt)
                  20200224    00000004     (.common:LastIn)
                  20200228    00000004     (.common:M)
                  2020022c    00000004     (.common:Mask)
                  20200230    00000004     (.common:PeriodicTask2)
                  20200234    00000004     (.common:RxGetI)
                  20200238    00000004     (.common:RxPutI)
                  2020023c    00000004     (.common:SampleFlag)
                  20200240    00000004     (.common:State)
                  20200244    00000004     (.common:TExaSadc)
                  20200248    00000004     (.common:TxGetI)
                  2020024c    00000004     (.common:TxPutI)

.sysmem    0    20200250    00000200     UNINITIALIZED
                  20200250    00000010     libc.a : memory.c.obj (.sysmem)
                  20200260    000001f0     --HOLE--

.data      0    20200450    0000001c     UNINITIALIZED
                  20200450    00000004     Clock.o (.data.BusFreq)
                  20200454    00000004     ECE319K_Lab5Grader.o (.data.Fail)
                  20200458    00000004     ECE319K_Lab5Grader.o (.data.Last16ADCindex)
                  2020045c    00000004     ECE319K_Lab5Grader.o (.data.NotesMode)
                  20200460    00000004     ECE319K_Lab5Grader.o (.data.Score)
                  20200464    00000004     ECE319K_Lab5Grader.o (.data.Time)
                  20200468    00000004     ECE319K_Lab5main.o (.data.index)

.stack     0    20207e00    00000200     UNINITIALIZED
                  20207e00    00000004     libc.a : boot_cortex_m.c.obj (.stack)
                  20207e04    000001fc     --HOLE--

__llvm_prf_cnts 
*          0    20200000    00000000     UNINITIALIZED

__llvm_prf_bits 
*          0    20200000    00000000     UNINITIALIZED

MODULE SUMMARY

       Module                         code   ro data   rw data
       ------                         ----   -------   -------
    .\
       ECE319K_Lab5Grader.o           2740   1370      112    
       UARTints.o                     624    0         0      
       Dump.o                         100    0         404    
       ECE319K_Lab5main.o             428    40        4      
       Clock.o                        464    0         4      
       FIFO.o                         316    0         96     
       Timer.o                        264    0         0      
       LaunchPad.o                    196    0         0      
       DAC5.o                         92     0         0      
       UART.o                         92     0         0      
       Key.o                          84     0         0      
    +--+------------------------------+------+---------+---------+
       Total:                         5400   1410      620    
                                                              
    .\ticlang\
       startup_mspm0g3507_ticlang.o   60     192       0      
    +--+------------------------------+------+---------+---------+
       Total:                         60     192       0      
                                                              
    C:\TI\ccs2040\ccs\tools\compiler\ti-cgt-armllvm_4.0.4.LTS\lib\armv6m-ti-none-eabi/c/libc.a
       strcmp-armv6m.S.obj            136    0         0      
       copy_decompress_lzss.c.obj     124    0         0      
       autoinit.c.obj                 60     0         0      
       boot_cortex_m.c.obj            40     0         0      
       copy_zero_init.c.obj           22     0         0      
       copy_decompress_none.c.obj     18     0         0      
       memcpy16.S.obj                 18     0         0      
       exit.c.obj                     6      0         0      
       pre_init.c.obj                 4      0         0      
    +--+------------------------------+------+---------+---------+
       Total:                         428    0         0      
                                                              
    C:\TI\ccs2040\ccs\tools\compiler\ti-cgt-armllvm_4.0.4.LTS\lib\armv6m-ti-none-eabi/c/libsysbm.a
       hostexit.c.obj                 4      0         0      
    +--+------------------------------+------+---------+---------+
       Total:                         4      0         0      
                                                              
    C:\TI\ccs2040\ccs\tools\compiler\ti-cgt-armllvm_4.0.4.LTS\lib\armv6m-ti-none-eabi/libclang_rt.builtins.a
       aeabi_idivmod.S.obj            86     0         0      
       aeabi_uidivmod.S.obj           64     0         0      
       aeabi_memcpy.S.obj             8      0         0      
       aeabi_div0.c.obj               2      0         0      
    +--+------------------------------+------+---------+---------+
       Total:                         160    0         0      
                                                              
       Heap:                          0      0         512    
       Stack:                         0      0         512    
       Linker Generated:              0      48        0      
    +--+------------------------------+------+---------+---------+
       Grand Total:                   6052   1650      1644   


LINKER GENERATED COPY TABLES

__TI_cinit_table @ 00001e18 records: 2, size/record: 8, table size: 16
	.data: load addr=00001df8, load size=0000000c bytes, run addr=20200450, run size=0000001c bytes, compression=lzss
	.bss: load addr=00001e10, load size=00000008 bytes, run addr=20200000, run size=00000250 bytes, compression=zero_init


LINKER GENERATED HANDLER TABLE

__TI_handler_table @ 00001e04 records: 3, size/record: 4, table size: 12
	index: 0, handler: __TI_decompress_lzss
	index: 1, handler: __TI_decompress_none
	index: 2, handler: __TI_zero_init


GLOBAL SYMBOLS: SORTED ALPHABETICALLY BY Name 

address   name                          
-------   ----                          
000016f9  ADC0_IRQHandler               
000016f9  ADC1_IRQHandler               
00000ab1  ADC_Init                      
000015cd  ADC_Start                     
000016f9  AES_IRQHandler                
00001491  ActivatePortA_B               
20200450  BusFreq                       
0000185e  C$$EXIT                       
000016f9  CANFD0_IRQHandler             
00000959  CheckInitialization           
0000180d  Clock_Delay                   
0000184d  Clock_Freq                    
000007a5  Clock_Init80MHz               
000016f9  DAC0_IRQHandler               
000013dd  DAC5_Init                     
000016b9  DAC5_Out                      
000016f9  DMA_IRQHandler                
20200000  DataBuffer                    
20200220  DebugCnt                      
0000119d  Debug_Dump                    
000017ad  Debug_Init                    
000016f9  Default_Handler               
0000181d  Delay                         
00001de3  EID1                          
000000c1  FFT                           
000016f9  GROUP0_IRQHandler             
000016f9  GROUP1_IRQHandler             
000015f5  Grader_Init                   
0000185f  HOSTexit                      
00001715  HardFault_Handler             
000016f9  I2C0_IRQHandler               
000016f9  I2C1_IRQHandler               
00001cbc  IMULTIPLIERS                  
00001731  Key_In                        
000014c9  Key_Init                      
000005d1  Lab5Grader                    
20200458  Last16ADCindex                
202001d0  Last16ADCresults              
20200224  LastIn                        
00000f39  LaunchPad_Init                
0000161d  LogicAnalyzer                 
20200228  M                             
2020022c  Mask                          
000016f9  NMI_Handler                   
2020045c  NotesMode                     
00001af0  NotesPeriod                   
00001870  NotesProblem                  
0000182d  OutCRLF                       
000016f9  PendSV_Handler                
20200230  PeriodicTask2                 
00001cdc  RMULTIPLIERS                  
000016f9  RTC_IRQHandler                
000016d9  Random32                      
000015a1  ReadInput                     
00001863  Reset_Handler                 
000017c1  RxFifo_Init                   
000011ed  RxFifo_Put                    
0000174d  RxFifo_Size                   
20200234  RxGetI                        
20200238  RxPutI                        
000016f9  SPI0_IRQHandler               
000016f9  SPI1_IRQHandler               
000016f9  SVC_Handler                   
2020023c  SampleFlag                    
00001765  Scope                         
0000131d  Sound_Init                    
00001539  Sound_Start                   
0000183d  Sound_Stop                    
20200240  State                         
00001419  SysTick_Handler               
20200244  TExaSadc                      
000016f9  TIMA0_IRQHandler              
000016f9  TIMA1_IRQHandler              
000016f9  TIMG0_IRQHandler              
000016f9  TIMG12_IRQHandler             
000016f9  TIMG6_IRQHandler              
00001695  TIMG7_IRQHandler              
000016f9  TIMG8_IRQHandler              
000017e9  TI_memcpy_small               
202000c8  TimeBuffer                    
00001031  TimerG12_Init                 
00000e01  TimerG7_IntArm                
00001239  TxFifo_Get                    
000017d5  TxFifo_Init                   
00001285  TxFifo_Put                    
0000177d  TxFifo_Size                   
20200248  TxGetI                        
2020024c  TxPutI                        
00001091  UART0_IRQHandler              
000016f9  UART1_IRQHandler              
000016f9  UART2_IRQHandler              
000016f9  UART3_IRQHandler              
00000be5  UART_Init                     
0000135d  UART_OutChar                  
0000166d  UART_OutString                
00001501  UART_OutUDec                  
20208000  __STACK_END                   
00000200  __STACK_SIZE                  
00000200  __SYSMEM_SIZE                 
00000000  __TI_ATRegion0_region_sz      
00000000  __TI_ATRegion0_src_addr       
00000000  __TI_ATRegion0_trg_addr       
00000000  __TI_ATRegion1_region_sz      
00000000  __TI_ATRegion1_src_addr       
00000000  __TI_ATRegion1_trg_addr       
00000000  __TI_ATRegion2_region_sz      
00000000  __TI_ATRegion2_src_addr       
00000000  __TI_ATRegion2_trg_addr       
00001e18  __TI_CINIT_Base               
00001e28  __TI_CINIT_Limit              
00001e28  __TI_CINIT_Warm               
00001e04  __TI_Handler_Table_Base       
00001e10  __TI_Handler_Table_Limit      
00001455  __TI_auto_init_nobinit_nopinit
00000fb5  __TI_decompress_lzss          
000017fb  __TI_decompress_none          
ffffffff  __TI_pprof_out_hndl           
ffffffff  __TI_prof_data_size           
ffffffff  __TI_prof_data_start          
00000000  __TI_static_base__            
00001795  __TI_zero_init_nomemset       
00001145  __aeabi_idiv                  
0000119b  __aeabi_idiv0                 
00001145  __aeabi_idivmod               
00000ea9  __aeabi_memcpy                
00000ea9  __aeabi_memcpy4               
00000ea9  __aeabi_memcpy8               
0000139d  __aeabi_uidiv                 
0000139d  __aeabi_uidivmod              
ffffffff  __binit__                     
UNDEFED   __mpu_init                    
20207e00  __stack                       
20200000  __start___llvm_prf_bits       
20200000  __start___llvm_prf_cnts       
20200000  __stop___llvm_prf_bits        
20200000  __stop___llvm_prf_cnts        
00001645  _c_int00_noargs               
20200250  _sys_memory                   
UNDEFED   _system_post_cinit            
00001867  _system_pre_init              
00001859  abort                         
ffffffff  binit                         
00000000  interruptVectors              
00000385  lab5grader                    
00000d15  main                          
0000156d  setUpper                      
00000eb1  strcmp                        


GLOBAL SYMBOLS: SORTED BY Symbol Address 

address   name                          
-------   ----                          
00000000  __TI_ATRegion0_region_sz      
00000000  __TI_ATRegion0_src_addr       
00000000  __TI_ATRegion0_trg_addr       
00000000  __TI_ATRegion1_region_sz      
00000000  __TI_ATRegion1_src_addr       
00000000  __TI_ATRegion1_trg_addr       
00000000  __TI_ATRegion2_region_sz      
00000000  __TI_ATRegion2_src_addr       
00000000  __TI_ATRegion2_trg_addr       
00000000  __TI_static_base__            
00000000  interruptVectors              
000000c1  FFT                           
00000200  __STACK_SIZE                  
00000200  __SYSMEM_SIZE                 
00000385  lab5grader                    
000005d1  Lab5Grader                    
000007a5  Clock_Init80MHz               
00000959  CheckInitialization           
00000ab1  ADC_Init                      
00000be5  UART_Init                     
00000d15  main                          
00000e01  TimerG7_IntArm                
00000ea9  __aeabi_memcpy                
00000ea9  __aeabi_memcpy4               
00000ea9  __aeabi_memcpy8               
00000eb1  strcmp                        
00000f39  LaunchPad_Init                
00000fb5  __TI_decompress_lzss          
00001031  TimerG12_Init                 
00001091  UART0_IRQHandler              
00001145  __aeabi_idiv                  
00001145  __aeabi_idivmod               
0000119b  __aeabi_idiv0                 
0000119d  Debug_Dump                    
000011ed  RxFifo_Put                    
00001239  TxFifo_Get                    
00001285  TxFifo_Put                    
0000131d  Sound_Init                    
0000135d  UART_OutChar                  
0000139d  __aeabi_uidiv                 
0000139d  __aeabi_uidivmod              
000013dd  DAC5_Init                     
00001419  SysTick_Handler               
00001455  __TI_auto_init_nobinit_nopinit
00001491  ActivatePortA_B               
000014c9  Key_Init                      
00001501  UART_OutUDec                  
00001539  Sound_Start                   
0000156d  setUpper                      
000015a1  ReadInput                     
000015cd  ADC_Start                     
000015f5  Grader_Init                   
0000161d  LogicAnalyzer                 
00001645  _c_int00_noargs               
0000166d  UART_OutString                
00001695  TIMG7_IRQHandler              
000016b9  DAC5_Out                      
000016d9  Random32                      
000016f9  ADC0_IRQHandler               
000016f9  ADC1_IRQHandler               
000016f9  AES_IRQHandler                
000016f9  CANFD0_IRQHandler             
000016f9  DAC0_IRQHandler               
000016f9  DMA_IRQHandler                
000016f9  Default_Handler               
000016f9  GROUP0_IRQHandler             
000016f9  GROUP1_IRQHandler             
000016f9  I2C0_IRQHandler               
000016f9  I2C1_IRQHandler               
000016f9  NMI_Handler                   
000016f9  PendSV_Handler                
000016f9  RTC_IRQHandler                
000016f9  SPI0_IRQHandler               
000016f9  SPI1_IRQHandler               
000016f9  SVC_Handler                   
000016f9  TIMA0_IRQHandler              
000016f9  TIMA1_IRQHandler              
000016f9  TIMG0_IRQHandler              
000016f9  TIMG12_IRQHandler             
000016f9  TIMG6_IRQHandler              
000016f9  TIMG8_IRQHandler              
000016f9  UART1_IRQHandler              
000016f9  UART2_IRQHandler              
000016f9  UART3_IRQHandler              
00001715  HardFault_Handler             
00001731  Key_In                        
0000174d  RxFifo_Size                   
00001765  Scope                         
0000177d  TxFifo_Size                   
00001795  __TI_zero_init_nomemset       
000017ad  Debug_Init                    
000017c1  RxFifo_Init                   
000017d5  TxFifo_Init                   
000017e9  TI_memcpy_small               
000017fb  __TI_decompress_none          
0000180d  Clock_Delay                   
0000181d  Delay                         
0000182d  OutCRLF                       
0000183d  Sound_Stop                    
0000184d  Clock_Freq                    
00001859  abort                         
0000185e  C$$EXIT                       
0000185f  HOSTexit                      
00001863  Reset_Handler                 
00001867  _system_pre_init              
00001870  NotesProblem                  
00001af0  NotesPeriod                   
00001cbc  IMULTIPLIERS                  
00001cdc  RMULTIPLIERS                  
00001de3  EID1                          
00001e04  __TI_Handler_Table_Base       
00001e10  __TI_Handler_Table_Limit      
00001e18  __TI_CINIT_Base               
00001e28  __TI_CINIT_Limit              
00001e28  __TI_CINIT_Warm               
20200000  DataBuffer                    
20200000  __start___llvm_prf_bits       
20200000  __start___llvm_prf_cnts       
20200000  __stop___llvm_prf_bits        
20200000  __stop___llvm_prf_cnts        
202000c8  TimeBuffer                    
202001d0  Last16ADCresults              
20200220  DebugCnt                      
20200224  LastIn                        
20200228  M                             
2020022c  Mask                          
20200230  PeriodicTask2                 
20200234  RxGetI                        
20200238  RxPutI                        
2020023c  SampleFlag                    
20200240  State                         
20200244  TExaSadc                      
20200248  TxGetI                        
2020024c  TxPutI                        
20200250  _sys_memory                   
20200450  BusFreq                       
20200458  Last16ADCindex                
2020045c  NotesMode                     
20207e00  __stack                       
20208000  __STACK_END                   
ffffffff  __TI_pprof_out_hndl           
ffffffff  __TI_prof_data_size           
ffffffff  __TI_prof_data_start          
ffffffff  __binit__                     
ffffffff  binit                         
UNDEFED   __mpu_init                    
UNDEFED   _system_post_cinit            

[147 symbols]
