******************************************************************************
            TI ARM Clang Linker PC v4.0.4                      
******************************************************************************
>> Linked Tue Jan 27 15:00:48 2026

OUTPUT FILE NAME:   <ECE319K_Lab1.out>
ENTRY POINT SYMBOL: "_c_int00_noargs"  address: 00001555


MEMORY CONFIGURATION

         name            origin    length      used     unused   attr    fill
----------------------  --------  ---------  --------  --------  ----  --------
  FLASH                 00000000   00020000  00001be8  0001e418  R  X
  SRAM                  20200000   00008000  00000595  00007a6b  RW X
  BCR_CONFIG            41c00000   00000080  00000000  00000080  R   
  BSL_CONFIG            41c00100   00000080  00000000  00000080  R   


SEGMENT ALLOCATION MAP

run origin  load origin   length   init length attrs members
----------  ----------- ---------- ----------- ----- -------
00000000    00000000    00001be8   00001be8    r-x
  00000000    00000000    000000c0   000000c0    r-- .intvecs
  000000c0    000000c0    00001620   00001620    r-x .text
  000016e0    000016e0    000004d8   000004d8    r-- .rodata
  00001bb8    00001bb8    00000030   00000030    r-- .cinit
20200000    20200000    00000398   00000000    rw-
  20200000    20200000    00000200   00000000    rw- .sysmem
  20200200    20200200    00000191   00000000    rw- .bss
  20200394    20200394    00000004   00000000    rw- .data
20207e00    20207e00    00000200   00000000    rw-
  20207e00    20207e00    00000200   00000000    rw- .stack


SECTION ALLOCATION MAP

 output                                  attributes/
section   page    origin      length       input sections
--------  ----  ----------  ----------   ----------------
.intvecs   0    00000000    000000c0     
                  00000000    000000c0     startup_mspm0g3507_ticlang.o (.intvecs)

.text      0    000000c0    00001620     
                  000000c0    000005c8     ECE319K_Lab1main.o (.text.Run)
                  00000688    00000264     ECE319K_Lab1main.o (.text.main)
                  000008ec    000001b4     Clock.o (.text.Clock_Init80MHz)
                  00000aa0    000000f4     ECE319K_Lab1main.o (.text.BuildEID)
                  00000b94    000000ec     ECE319K_Lab1main.o (.text.OptFill2)
                  00000c80    000000e8     ECE319K_Lab1main.o (.text.OptFill6)
                  00000d68    000000e8     ECE319K_Lab1main.o (.text.OptFill7)
                  00000e50    000000e8     UARTbusywait.o (.text.UART_Init)
                  00000f38    000000d0     ECE319K_Lab1main.o (.text.OptFill1)
                  00001008    000000b4     ECE319K_Lab1.o (.text)
                  000010bc    000000a4     ECE319K_Lab1main.o (.text.Show)
                  00001160    00000098     ECE319K_Lab1main.o (.text.OptFill3)
                  000011f8    00000098     ECE319K_Lab1main.o (.text.OptFill4)
                  00001290    00000088     libc.a : strcmp-armv6m.S.obj (.text:strcmp)
                  00001318    0000007c     LaunchPad.o (.text.LaunchPad_Init)
                  00001394    0000007c     libc.a : copy_decompress_lzss.c.obj (.text:decompress:lzss)
                  00001410    00000040     libclang_rt.builtins.a : aeabi_uidivmod.S.obj (.text.__aeabi_uidivmod)
                  00001450    0000003c     libc.a : autoinit.c.obj (.text:__TI_auto_init_nobinit_nopinit)
                  0000148c    00000038     LaunchPad.o (.text.ActivatePortA_B)
                  000014c4    00000036     UART.o (.text.UART_OutUDec)
                  000014fa    00000002     libclang_rt.builtins.a : aeabi_div0.c.obj (.text.__aeabi_idiv0)
                  000014fc    0000002c     ECE319K_Lab1main.o (.text.OptFill5)
                  00001528    0000002c     UARTbusywait.o (.text.UART_OutChar)
                  00001554    00000028     libc.a : boot_cortex_m.c.obj (.text:_c_int00_noargs)
                  0000157c    00000026     UART.o (.text.UART_OutSDec)
                  000015a2    00000026     UART.o (.text.UART_OutString)
                  000015c8    00000020     ECE319K_Lab1main.o (.text.Random32)
                  000015e8    0000001c     startup_mspm0g3507_ticlang.o (.text.Default_Handler)
                  00001604    0000001c     startup_mspm0g3507_ticlang.o (.text.HardFault_Handler)
                  00001620    00000018     ECE319K_Lab1main.o (.text.Random)
                  00001638    00000016     libc.a : copy_zero_init.c.obj (.text:decompress:ZI:__TI_zero_init_nomemset)
                  0000164e    00000012            : memcpy16.S.obj (.text:TI_memcpy_small)
                  00001660    00000012            : copy_decompress_none.c.obj (.text:decompress:none)
                  00001672    00000010     Clock.o (.text.Clock_Delay)
                  00001682    00000010     LaunchPad.o (.text.Delay)
                  00001692    00000002     --HOLE-- [fill = 0]
                  00001694    00000010     ECE319K_Lab1main.o (.text.EndLab1)
                  000016a4    0000000e     libc.a : strcpy.c.obj (.text.strcpy)
                  000016b2    00000002     --HOLE-- [fill = 0]
                  000016b4    0000000c     Clock.o (.text.Clock_Freq)
                  000016c0    00000008     libclang_rt.builtins.a : aeabi_memcpy.S.obj (.text.__aeabi_memcpy)
                  000016c8    00000006     libc.a : exit.c.obj (.text:abort)
                  000016ce    00000004     libsysbm.a : hostexit.c.obj (.text.HOSTexit)
                  000016d2    00000004     startup_mspm0g3507_ticlang.o (.text.Reset_Handler)
                  000016d6    00000004     libc.a : pre_init.c.obj (.text._system_pre_init)
                  000016da    00000006     --HOLE-- [fill = 0]

.cinit     0    00001bb8    00000030     
                  00001bb8    0000000c     (__TI_handler_table)
                  00001bc4    00000008     (.cinit..bss.load) [load image, compression = zero_init]
                  00001bcc    00000008     (.cinit..data.load) [load image, compression = lzss]
                  00001bd4    00000010     (__TI_cinit_table)
                  00001be4    00000004     --HOLE-- [fill = 0]

.rodata    0    000016e0    000004d8     
                  000016e0    00000063     ECE319K_Lab1main.o (.rodata.Opt6)
                  00001743    0000005e     ECE319K_Lab1main.o (.rodata.Opt1)
                  000017a1    0000005e     ECE319K_Lab1main.o (.rodata.Opt2)
                  000017ff    0000004c     ECE319K_Lab1main.o (.rodata.Opt3)
                  0000184b    0000004c     ECE319K_Lab1main.o (.rodata.Opt5)
                  00001897    0000004b     ECE319K_Lab1main.o (.rodata.Opt4)
                  000018e2    00000041     ECE319K_Lab1main.o (.rodata.str1.7611219465175029692.1)
                  00001923    0000003b     ECE319K_Lab1main.o (.rodata.str1.14167211032119940855.1)
                  0000195e    0000002e     ECE319K_Lab1main.o (.rodata.str1.10028183028328596234.1)
                  0000198c    0000002c     ECE319K_Lab1main.o (.rodata.str1.5884217084199671873.1)
                  000019b8    00000026     ECE319K_Lab1main.o (.rodata.str1.71093709781050727.1)
                  000019de    00000023     ECE319K_Lab1main.o (.rodata.str1.8371218585603936024.1)
                  00001a01    00000022     ECE319K_Lab1main.o (.rodata.str1.1273309005744257510.1)
                  00001a23    0000001e     ECE319K_Lab1main.o (.rodata.str1.14740860933040362913.1)
                  00001a41    0000001d     ECE319K_Lab1main.o (.rodata.str1.14105076490205645612.1)
                  00001a5e    00000017     ECE319K_Lab1main.o (.rodata.str1.2656833094079386190.1)
                  00001a75    00000013     ECE319K_Lab1main.o (.rodata.str1.12589316912930767067.1)
                  00001a88    00000013     ECE319K_Lab1main.o (.rodata.str1.14221506610198825440.1)
                  00001a9b    00000013     ECE319K_Lab1main.o (.rodata.str1.16243662291525365141.1)
                  00001aae    00000013     ECE319K_Lab1main.o (.rodata.str1.2741567128402822495.1)
                  00001ac1    00000013     ECE319K_Lab1main.o (.rodata.str1.3860622564831102230.1)
                  00001ad4    00000013     ECE319K_Lab1main.o (.rodata.str1.4178345537444201326.1)
                  00001ae7    00000013     ECE319K_Lab1main.o (.rodata.str1.9729847172428850297.1)
                  00001afa    0000000d     ECE319K_Lab1main.o (.rodata.str1.446784167373123758.1)
                  00001b07    0000000d     ECE319K_Lab1main.o (.rodata.str1.5981325785768784024.1)
                  00001b14    0000000c     ECE319K_Lab1main.o (.rodata.str1.13148345650194793942.1)
                  00001b20    0000000b     ECE319K_Lab1main.o (.rodata.str1.14461005554315496586.1)
                  00001b2b    0000000b     ECE319K_Lab1main.o (.rodata.str1.17019419848584661982.1)
                  00001b36    0000000b     ECE319K_Lab1main.o (.rodata.str1.2988048537109562105.1)
                  00001b41    0000000b     ECE319K_Lab1main.o (.rodata.str1.3460177896125907972.1)
                  00001b4c    0000000b     ECE319K_Lab1main.o (.rodata.str1.3806900187101934509.1)
                  00001b57    0000000b     ECE319K_Lab1main.o (.rodata.str1.445181846136735316.1)
                  00001b62    0000000b     ECE319K_Lab1main.o (.rodata.str1.724229358730852764.1)
                  00001b6d    0000000a     ECE319K_Lab1main.o (.rodata.str1.13172486538533942355.1)
                  00001b77    0000000a     ECE319K_Lab1main.o (.rodata.str1.7305632850560240436.1)
                  00001b81    00000009     ECE319K_Lab1main.o (.rodata.str1.5493869440186072073.1)
                  00001b8a    00000008     ECE319K_Lab1main.o (.rodata.str1.17322389925949163687.1)
                  00001b92    00000008     ECE319K_Lab1main.o (.rodata.str1.6366522012919665484.1)
                  00001b9a    00000007     ECE319K_Lab1main.o (.rodata.str1.11258497750891450932.1)
                  00001ba1    00000004     ECE319K_Lab1main.o (.rodata.str1.4029518276258050785.1)
                  00001ba5    00000004     ECE319K_Lab1main.o (.rodata.str1.7967879959970835550.1)
                  00001ba9    00000003     ECE319K_Lab1main.o (.rodata.str1.13960682069406047303.1)
                  00001bac    00000003     ECE319K_Lab1main.o (.rodata.str1.16532461801689733244.1)
                  00001baf    00000003     ECE319K_Lab1main.o (.rodata.str1.6983715494468549202.1)
                  00001bb2    00000006     --HOLE-- [fill = 0]

.init_array 
*          0    00000000    00000000     UNINITIALIZED

.binit     0    00000000    00000000     

.sysmem    0    20200000    00000200     UNINITIALIZED
                  20200000    00000010     libc.a : memory.c.obj (.sysmem)
                  20200010    000001f0     --HOLE--

.bss       0    20200200    00000191     UNINITIALIZED
                  20200200    000000c8     (.common:EIDs)
                  202002c8    00000050     (.common:List)
                  20200318    00000020     (.common:Correct)
                  20200338    00000014     (.common:student)
                  2020034c    00000014     (.common:student1)
                  20200360    00000014     (.common:student2)
                  20200374    00000004     (.common:Dummy)
                  20200378    00000004     (.common:IndexAtNumber)
                  2020037c    00000004     (.common:M)
                  20200380    00000004     (.common:Option)
                  20200384    00000004     (.common:Score)
                  20200388    00000004     (.common:SizeofEID)
                  2020038c    00000004     (.common:YourAns)
                  20200390    00000001     (.common:SecondLetter)

.data      0    20200394    00000004     UNINITIALIZED
                  20200394    00000004     Clock.o (.data.BusFreq)

.stack     0    20207e00    00000200     UNINITIALIZED
                  20207e00    00000004     libc.a : boot_cortex_m.c.obj (.stack)
                  20207e04    000001fc     --HOLE--

__llvm_prf_cnts 
*          0    20200000    00000000     UNINITIALIZED

__llvm_prf_bits 
*          0    20200000    00000000     UNINITIALIZED

MODULE SUMMARY

       Module                         code   ro data   rw data
       ------                         ----   -------   -------
    .\
       ECE319K_Lab1main.o             3828   1234      401    
       Clock.o                        464    0         4      
       UARTbusywait.o                 276    0         0      
       LaunchPad.o                    196    0         0      
       ECE319K_Lab1.o                 180    0         0      
       UART.o                         130    0         0      
    +--+------------------------------+------+---------+---------+
       Total:                         5074   1234      405    
                                                              
    .\ticlang\
       startup_mspm0g3507_ticlang.o   60     192       0      
    +--+------------------------------+------+---------+---------+
       Total:                         60     192       0      
                                                              
    C:\TI\ccs2040\ccs\tools\compiler\ti-cgt-armllvm_4.0.4.LTS\lib\armv6m-ti-none-eabi/c/libc.a
       strcmp-armv6m.S.obj            136    0         0      
       copy_decompress_lzss.c.obj     124    0         0      
       autoinit.c.obj                 60     0         0      
       boot_cortex_m.c.obj            40     0         0      
       copy_zero_init.c.obj           22     0         0      
       copy_decompress_none.c.obj     18     0         0      
       memcpy16.S.obj                 18     0         0      
       strcpy.c.obj                   14     0         0      
       exit.c.obj                     6      0         0      
       pre_init.c.obj                 4      0         0      
    +--+------------------------------+------+---------+---------+
       Total:                         442    0         0      
                                                              
    C:\TI\ccs2040\ccs\tools\compiler\ti-cgt-armllvm_4.0.4.LTS\lib\armv6m-ti-none-eabi/c/libsysbm.a
       hostexit.c.obj                 4      0         0      
    +--+------------------------------+------+---------+---------+
       Total:                         4      0         0      
                                                              
    C:\TI\ccs2040\ccs\tools\compiler\ti-cgt-armllvm_4.0.4.LTS\lib\armv6m-ti-none-eabi/libclang_rt.builtins.a
       aeabi_uidivmod.S.obj           64     0         0      
       aeabi_memcpy.S.obj             8      0         0      
       aeabi_div0.c.obj               2      0         0      
    +--+------------------------------+------+---------+---------+
       Total:                         74     0         0      
                                                              
       Heap:                          0      0         512    
       Stack:                         0      0         512    
       Linker Generated:              0      44        0      
    +--+------------------------------+------+---------+---------+
       Grand Total:                   5654   1470      1429   


LINKER GENERATED COPY TABLES

__TI_cinit_table @ 00001bd4 records: 2, size/record: 8, table size: 16
	.bss: load addr=00001bc4, load size=00000008 bytes, run addr=20200200, run size=00000191 bytes, compression=zero_init
	.data: load addr=00001bcc, load size=00000008 bytes, run addr=20200394, run size=00000004 bytes, compression=lzss


LINKER GENERATED HANDLER TABLE

__TI_handler_table @ 00001bb8 records: 3, size/record: 4, table size: 12
	index: 0, handler: __TI_decompress_lzss
	index: 1, handler: __TI_decompress_none
	index: 2, handler: __TI_zero_init


GLOBAL SYMBOLS: SORTED ALPHABETICALLY BY Name 

address   name                          
-------   ----                          
000015e9  ADC0_IRQHandler               
000015e9  ADC1_IRQHandler               
000015e9  AES_IRQHandler                
0000148d  ActivatePortA_B               
00000aa1  BuildEID                      
20200394  BusFreq                       
000016ce  C$$EXIT                       
000015e9  CANFD0_IRQHandler             
00001673  Clock_Delay                   
000016b5  Clock_Freq                    
000008ed  Clock_Init80MHz               
20200318  Correct                       
000015e9  DAC0_IRQHandler               
000015e9  DMA_IRQHandler                
000015e9  Default_Handler               
00001683  Delay                         
20200374  Dummy                         
00001008  EID                           
20200200  EIDs                          
00001695  EndLab1                       
000015e9  GROUP0_IRQHandler             
000015e9  GROUP1_IRQHandler             
000016cf  HOSTexit                      
00001605  HardFault_Handler             
000015e9  I2C0_IRQHandler               
000015e9  I2C1_IRQHandler               
20200378  IndexAtNumber                 
00001014  Lab1                          
00001319  LaunchPad_Init                
202002c8  List                          
2020037c  M                             
000015e9  NMI_Handler                   
00001743  Opt1                          
000017a1  Opt2                          
000017ff  Opt3                          
00001897  Opt4                          
0000184b  Opt5                          
000016e0  Opt6                          
00000f39  OptFill1                      
00000b95  OptFill2                      
00001161  OptFill3                      
000011f9  OptFill4                      
000014fd  OptFill5                      
00000c81  OptFill6                      
00000d69  OptFill7                      
20200380  Option                        
000015e9  PendSV_Handler                
00001010  Phase                         
000015e9  RTC_IRQHandler                
00001621  Random                        
000015c9  Random32                      
000016d3  Reset_Handler                 
000000c1  Run                           
000015e9  SPI0_IRQHandler               
000015e9  SPI1_IRQHandler               
000015e9  SVC_Handler                   
20200384  Score                         
20200390  SecondLetter                  
000010bd  Show                          
20200388  SizeofEID                     
000015e9  SysTick_Handler               
000015e9  TIMA0_IRQHandler              
000015e9  TIMA1_IRQHandler              
000015e9  TIMG0_IRQHandler              
000015e9  TIMG12_IRQHandler             
000015e9  TIMG6_IRQHandler              
000015e9  TIMG7_IRQHandler              
000015e9  TIMG8_IRQHandler              
0000164f  TI_memcpy_small               
000015e9  UART0_IRQHandler              
000015e9  UART1_IRQHandler              
000015e9  UART2_IRQHandler              
000015e9  UART3_IRQHandler              
00000e51  UART_Init                     
00001529  UART_OutChar                  
0000157d  UART_OutSDec                  
000015a3  UART_OutString                
000014c5  UART_OutUDec                  
2020038c  YourAns                       
20208000  __STACK_END                   
00000200  __STACK_SIZE                  
00000200  __SYSMEM_SIZE                 
00000000  __TI_ATRegion0_region_sz      
00000000  __TI_ATRegion0_src_addr       
00000000  __TI_ATRegion0_trg_addr       
00000000  __TI_ATRegion1_region_sz      
00000000  __TI_ATRegion1_src_addr       
00000000  __TI_ATRegion1_trg_addr       
00000000  __TI_ATRegion2_region_sz      
00000000  __TI_ATRegion2_src_addr       
00000000  __TI_ATRegion2_trg_addr       
00001bd4  __TI_CINIT_Base               
00001be4  __TI_CINIT_Limit              
00001be4  __TI_CINIT_Warm               
00001bb8  __TI_Handler_Table_Base       
00001bc4  __TI_Handler_Table_Limit      
00001451  __TI_auto_init_nobinit_nopinit
00001395  __TI_decompress_lzss          
00001661  __TI_decompress_none          
ffffffff  __TI_pprof_out_hndl           
ffffffff  __TI_prof_data_size           
ffffffff  __TI_prof_data_start          
00000000  __TI_static_base__            
00001639  __TI_zero_init_nomemset       
000014fb  __aeabi_idiv0                 
000016c1  __aeabi_memcpy                
000016c1  __aeabi_memcpy4               
000016c1  __aeabi_memcpy8               
00001411  __aeabi_uidiv                 
00001411  __aeabi_uidivmod              
ffffffff  __binit__                     
UNDEFED   __mpu_init                    
20207e00  __stack                       
20200000  __start___llvm_prf_bits       
20200000  __start___llvm_prf_cnts       
20200000  __stop___llvm_prf_bits        
20200000  __stop___llvm_prf_cnts        
00001555  _c_int00_noargs               
20200000  _sys_memory                   
UNDEFED   _system_post_cinit            
000016d7  _system_pre_init              
000016c9  abort                         
ffffffff  binit                         
00000000  interruptVectors              
00000689  main                          
00001084  myClass                       
00001291  strcmp                        
000016a5  strcpy                        
20200338  student                       
2020034c  student1                      
20200360  student2                      


GLOBAL SYMBOLS: SORTED BY Symbol Address 

address   name                          
-------   ----                          
00000000  __TI_ATRegion0_region_sz      
00000000  __TI_ATRegion0_src_addr       
00000000  __TI_ATRegion0_trg_addr       
00000000  __TI_ATRegion1_region_sz      
00000000  __TI_ATRegion1_src_addr       
00000000  __TI_ATRegion1_trg_addr       
00000000  __TI_ATRegion2_region_sz      
00000000  __TI_ATRegion2_src_addr       
00000000  __TI_ATRegion2_trg_addr       
00000000  __TI_static_base__            
00000000  interruptVectors              
000000c1  Run                           
00000200  __STACK_SIZE                  
00000200  __SYSMEM_SIZE                 
00000689  main                          
000008ed  Clock_Init80MHz               
00000aa1  BuildEID                      
00000b95  OptFill2                      
00000c81  OptFill6                      
00000d69  OptFill7                      
00000e51  UART_Init                     
00000f39  OptFill1                      
00001008  EID                           
00001010  Phase                         
00001014  Lab1                          
00001084  myClass                       
000010bd  Show                          
00001161  OptFill3                      
000011f9  OptFill4                      
00001291  strcmp                        
00001319  LaunchPad_Init                
00001395  __TI_decompress_lzss          
00001411  __aeabi_uidiv                 
00001411  __aeabi_uidivmod              
00001451  __TI_auto_init_nobinit_nopinit
0000148d  ActivatePortA_B               
000014c5  UART_OutUDec                  
000014fb  __aeabi_idiv0                 
000014fd  OptFill5                      
00001529  UART_OutChar                  
00001555  _c_int00_noargs               
0000157d  UART_OutSDec                  
000015a3  UART_OutString                
000015c9  Random32                      
000015e9  ADC0_IRQHandler               
000015e9  ADC1_IRQHandler               
000015e9  AES_IRQHandler                
000015e9  CANFD0_IRQHandler             
000015e9  DAC0_IRQHandler               
000015e9  DMA_IRQHandler                
000015e9  Default_Handler               
000015e9  GROUP0_IRQHandler             
000015e9  GROUP1_IRQHandler             
000015e9  I2C0_IRQHandler               
000015e9  I2C1_IRQHandler               
000015e9  NMI_Handler                   
000015e9  PendSV_Handler                
000015e9  RTC_IRQHandler                
000015e9  SPI0_IRQHandler               
000015e9  SPI1_IRQHandler               
000015e9  SVC_Handler                   
000015e9  SysTick_Handler               
000015e9  TIMA0_IRQHandler              
000015e9  TIMA1_IRQHandler              
000015e9  TIMG0_IRQHandler              
000015e9  TIMG12_IRQHandler             
000015e9  TIMG6_IRQHandler              
000015e9  TIMG7_IRQHandler              
000015e9  TIMG8_IRQHandler              
000015e9  UART0_IRQHandler              
000015e9  UART1_IRQHandler              
000015e9  UART2_IRQHandler              
000015e9  UART3_IRQHandler              
00001605  HardFault_Handler             
00001621  Random                        
00001639  __TI_zero_init_nomemset       
0000164f  TI_memcpy_small               
00001661  __TI_decompress_none          
00001673  Clock_Delay                   
00001683  Delay                         
00001695  EndLab1                       
000016a5  strcpy                        
000016b5  Clock_Freq                    
000016c1  __aeabi_memcpy                
000016c1  __aeabi_memcpy4               
000016c1  __aeabi_memcpy8               
000016c9  abort                         
000016ce  C$$EXIT                       
000016cf  HOSTexit                      
000016d3  Reset_Handler                 
000016d7  _system_pre_init              
000016e0  Opt6                          
00001743  Opt1                          
000017a1  Opt2                          
000017ff  Opt3                          
0000184b  Opt5                          
00001897  Opt4                          
00001bb8  __TI_Handler_Table_Base       
00001bc4  __TI_Handler_Table_Limit      
00001bd4  __TI_CINIT_Base               
00001be4  __TI_CINIT_Limit              
00001be4  __TI_CINIT_Warm               
20200000  __start___llvm_prf_bits       
20200000  __start___llvm_prf_cnts       
20200000  __stop___llvm_prf_bits        
20200000  __stop___llvm_prf_cnts        
20200000  _sys_memory                   
20200200  EIDs                          
202002c8  List                          
20200318  Correct                       
20200338  student                       
2020034c  student1                      
20200360  student2                      
20200374  Dummy                         
20200378  IndexAtNumber                 
2020037c  M                             
20200380  Option                        
20200384  Score                         
20200388  SizeofEID                     
2020038c  YourAns                       
20200390  SecondLetter                  
20200394  BusFreq                       
20207e00  __stack                       
20208000  __STACK_END                   
ffffffff  __TI_pprof_out_hndl           
ffffffff  __TI_prof_data_size           
ffffffff  __TI_prof_data_start          
ffffffff  __binit__                     
ffffffff  binit                         
UNDEFED   __mpu_init                    
UNDEFED   _system_post_cinit            

[131 symbols]
